82.165.83.0 - - [07/Sep/2023:03:58:24 +0200] "POST /wp-cron.php?doing_wp_cron=1694051904.5164070129394531250000 HTTP/1.1" 200 - tumiapps.com "http://tumiapps.com/wp-cron.php?doing_wp_cron=1694051904.5164070129394531250000" "WordPress/4.7.26; http://tumiapps.com" "-"
86.104.33.0 - - [07/Sep/2023:03:58:24 +0200] "GET /wp-login.php HTTP/1.1" 200 3904 tumiapps.com "-" "Mozilla/5.0 (X11; Fedora; Linux x86_64; rv:94.0) Gecko/20100101 Firefox/95.0" "-"
82.165.83.0 - - [07/Sep/2023:04:11:06 +0200] "POST /wp-cron.php?doing_wp_cron=1694052666.7372159957885742187500 HTTP/1.1" 200 - tumiapps.com "http://tumiapps.com/wp-cron.php?doing_wp_cron=1694052666.7372159957885742187500" "WordPress/4.7.26; http://tumiapps.com" "-"
67.205.12.0 - - [07/Sep/2023:04:11:06 +0200] "GET /wp-login.php HTTP/1.1" 200 3904 tumiapps.com "-" "Mozilla/5.0 (X11; Fedora; Linux x86_64; rv:94.0) Gecko/20100101 Firefox/95.0" "-"
67.205.12.0 - - [07/Sep/2023:04:11:07 +0200] "POST /wp-login.php HTTP/1.1" 503 19166 tumiapps.com "-" "Mozilla/5.0 (X11; Fedora; Linux x86_64; rv:94.0) Gecko/20100101 Firefox/95.0" "-"
82.165.83.0 - - [07/Sep/2023:04:11:08 +0200] "POST /wp-cron.php?doing_wp_cron=1694052668.1079089641571044921875 HTTP/1.1" 200 - tumiapps.com "http://tumiapps.com/wp-cron.php?doing_wp_cron=1694052668.1079089641571044921875" "WordPress/4.7.26; http://tumiapps.com" "-"
172.173.114.0 - - [07/Sep/2023:04:20:50 +0200] "GET / HTTP/1.1" 301 233 fincatech.es "-" "Mozlila/5.0 (Linux; Android 7.0; SM-G892A Bulid/NRD90M; wv) AppleWebKit/537.36 (KHTML, like Gecko) Version/4.0 Chrome/60.0.3112.107 Moblie Safari/537.36" "-"
172.173.114.0 - - [07/Sep/2023:04:20:51 +0200] "GET / HTTP/1.1" 200 42764 www.fincatech.es "-" "Mozlila/5.0 (Linux; Android 7.0; SM-G892A Bulid/NRD90M; wv) AppleWebKit/537.36 (KHTML, like Gecko) Version/4.0 Chrome/60.0.3112.107 Moblie Safari/537.36" "-"
172.173.114.0 - - [07/Sep/2023:04:20:59 +0200] "GET / HTTP/1.1" 301 233 fincatech.es "-" "Mozlila/5.0 (Linux; Android 7.0; SM-G892A Bulid/NRD90M; wv) AppleWebKit/537.36 (KHTML, like Gecko) Version/4.0 Chrome/60.0.3112.107 Moblie Safari/537.36" "-"
172.173.114.0 - - [07/Sep/2023:04:21:00 +0200] "GET / HTTP/1.1" 200 42764 www.fincatech.es "-" "Mozlila/5.0 (Linux; Android 7.0; SM-G892A Bulid/NRD90M; wv) AppleWebKit/537.36 (KHTML, like Gecko) Version/4.0 Chrome/60.0.3112.107 Moblie Safari/537.36" "-"
172.173.114.0 - - [07/Sep/2023:04:21:05 +0200] "GET / HTTP/1.1" 301 233 fincatech.es "-" "Mozlila/5.0 (Linux; Android 7.0; SM-G892A Bulid/NRD90M; wv) AppleWebKit/537.36 (KHTML, like Gecko) Version/4.0 Chrome/60.0.3112.107 Moblie Safari/537.36" "-"
172.173.114.0 - - [07/Sep/2023:04:21:06 +0200] "GET / HTTP/1.1" 200 42764 www.fincatech.es "-" "Mozlila/5.0 (Linux; Android 7.0; SM-G892A Bulid/NRD90M; wv) AppleWebKit/537.36 (KHTML, like Gecko) Version/4.0 Chrome/60.0.3112.107 Moblie Safari/537.36" "-"
172.173.114.0 - - [07/Sep/2023:04:21:12 +0200] "GET / HTTP/1.1" 301 233 fincatech.es "-" "Mozlila/5.0 (Linux; Android 7.0; SM-G892A Bulid/NRD90M; wv) AppleWebKit/537.36 (KHTML, like Gecko) Version/4.0 Chrome/60.0.3112.107 Moblie Safari/537.36" "-"
172.173.114.0 - - [07/Sep/2023:04:21:13 +0200] "GET / HTTP/1.1" 200 42764 www.fincatech.es "-" "Mozlila/5.0 (Linux; Android 7.0; SM-G892A Bulid/NRD90M; wv) AppleWebKit/537.36 (KHTML, like Gecko) Version/4.0 Chrome/60.0.3112.107 Moblie Safari/537.36" "-"
172.173.114.0 - - [07/Sep/2023:04:21:17 +0200] "GET / HTTP/1.1" 301 233 fincatech.es "-" "Mozlila/5.0 (Linux; Android 7.0; SM-G892A Bulid/NRD90M; wv) AppleWebKit/537.36 (KHTML, like Gecko) Version/4.0 Chrome/60.0.3112.107 Moblie Safari/537.36" "-"
172.173.114.0 - - [07/Sep/2023:04:21:18 +0200] "GET / HTTP/1.1" 200 42764 www.fincatech.es "-" "Mozlila/5.0 (Linux; Android 7.0; SM-G892A Bulid/NRD90M; wv) AppleWebKit/537.36 (KHTML, like Gecko) Version/4.0 Chrome/60.0.3112.107 Moblie Safari/537.36" "-"
172.173.114.0 - - [07/Sep/2023:04:21:23 +0200] "GET / HTTP/1.1" 301 233 fincatech.es "-" "Mozlila/5.0 (Linux; Android 7.0; SM-G892A Bulid/NRD90M; wv) AppleWebKit/537.36 (KHTML, like Gecko) Version/4.0 Chrome/60.0.3112.107 Moblie Safari/537.36" "-"
172.173.114.0 - - [07/Sep/2023:04:21:24 +0200] "GET / HTTP/1.1" 200 42764 www.fincatech.es "-" "Mozlila/5.0 (Linux; Android 7.0; SM-G892A Bulid/NRD90M; wv) AppleWebKit/537.36 (KHTML, like Gecko) Version/4.0 Chrome/60.0.3112.107 Moblie Safari/537.36" "-"
172.173.114.0 - - [07/Sep/2023:04:21:31 +0200] "GET / HTTP/1.1" 301 233 fincatech.es "-" "Mozlila/5.0 (Linux; Android 7.0; SM-G892A Bulid/NRD90M; wv) AppleWebKit/537.36 (KHTML, like Gecko) Version/4.0 Chrome/60.0.3112.107 Moblie Safari/537.36" "-"
172.173.114.0 - - [07/Sep/2023:04:21:31 +0200] "GET / HTTP/1.1" 200 42764 www.fincatech.es "-" "Mozlila/5.0 (Linux; Android 7.0; SM-G892A Bulid/NRD90M; wv) AppleWebKit/537.36 (KHTML, like Gecko) Version/4.0 Chrome/60.0.3112.107 Moblie Safari/537.36" "-"
172.173.114.0 - - [07/Sep/2023:04:21:33 +0200] "GET / HTTP/1.1" 301 233 fincatech.es "-" "Mozlila/5.0 (Linux; Android 7.0; SM-G892A Bulid/NRD90M; wv) AppleWebKit/537.36 (KHTML, like Gecko) Version/4.0 Chrome/60.0.3112.107 Moblie Safari/537.36" "-"
172.173.114.0 - - [07/Sep/2023:04:21:35 +0200] "GET / HTTP/1.1" 200 42764 www.fincatech.es "-" "Mozlila/5.0 (Linux; Android 7.0; SM-G892A Bulid/NRD90M; wv) AppleWebKit/537.36 (KHTML, like Gecko) Version/4.0 Chrome/60.0.3112.107 Moblie Safari/537.36" "-"
172.173.114.0 - - [07/Sep/2023:04:21:37 +0200] "GET / HTTP/1.1" 301 233 fincatech.es "-" "Mozlila/5.0 (Linux; Android 7.0; SM-G892A Bulid/NRD90M; wv) AppleWebKit/537.36 (KHTML, like Gecko) Version/4.0 Chrome/60.0.3112.107 Moblie Safari/537.36" "-"
172.173.114.0 - - [07/Sep/2023:04:21:38 +0200] "GET / HTTP/1.1" 200 42764 www.fincatech.es "-" "Mozlila/5.0 (Linux; Android 7.0; SM-G892A Bulid/NRD90M; wv) AppleWebKit/537.36 (KHTML, like Gecko) Version/4.0 Chrome/60.0.3112.107 Moblie Safari/537.36" "-"
172.173.114.0 - - [07/Sep/2023:04:21:40 +0200] "GET / HTTP/1.1" 301 233 fincatech.es "-" "Mozlila/5.0 (Linux; Android 7.0; SM-G892A Bulid/NRD90M; wv) AppleWebKit/537.36 (KHTML, like Gecko) Version/4.0 Chrome/60.0.3112.107 Moblie Safari/537.36" "-"
172.173.114.0 - - [07/Sep/2023:04:21:41 +0200] "GET / HTTP/1.1" 200 42764 www.fincatech.es "-" "Mozlila/5.0 (Linux; Android 7.0; SM-G892A Bulid/NRD90M; wv) AppleWebKit/537.36 (KHTML, like Gecko) Version/4.0 Chrome/60.0.3112.107 Moblie Safari/537.36" "-"
82.165.83.0 - - [07/Sep/2023:04:23:28 +0200] "POST /wp-cron.php?doing_wp_cron=1694053408.8451559543609619140625 HTTP/1.1" 200 - tumiapps.com "http://tumiapps.com/wp-cron.php?doing_wp_cron=1694053408.8451559543609619140625" "WordPress/4.7.26; http://tumiapps.com" "-"
203.112.76.0 - - [07/Sep/2023:04:23:28 +0200] "POST /wp-login.php HTTP/1.1" 503 19166 tumiapps.com "-" "Mozilla/5.0 (Windows NT 6.1; WOW64) AppleWebKit/537.36 (KHTML, like Gecko) Chrome/51.0.2704.106 Safari/537.36" "-"
82.165.83.0 - - [07/Sep/2023:04:24:32 +0200] "POST /wp-cron.php?doing_wp_cron=1694053472.6766159534454345703125 HTTP/1.1" 200 - tumiapps.com "http://tumiapps.com/wp-cron.php?doing_wp_cron=1694053472.6766159534454345703125" "WordPress/4.7.26; http://tumiapps.com" "-"
77.29.19.0 - - [07/Sep/2023:04:24:32 +0200] "GET /wp-login.php HTTP/1.1" 200 3904 tumiapps.com "-" "Mozilla/5.0 (X11; Fedora; Linux x86_64; rv:94.0) Gecko/20100101 Firefox/95.0" "-"
77.29.19.0 - - [07/Sep/2023:04:24:44 +0200] "POST /wp-login.php HTTP/1.1" 503 19166 tumiapps.com "-" "Mozilla/5.0 (X11; Fedora; Linux x86_64; rv:94.0) Gecko/20100101 Firefox/95.0" "-"
172.173.114.0 - - [07/Sep/2023:04:26:23 +0200] "GET /wp-includes/js/tinymce/skins/lightgray/img/index.php?p= HTTP/1.1" 403 17004 tumiapps.com "-" "Mozlila/5.0 (Linux; Android 7.0; SM-G892A Bulid/NRD90M; wv) AppleWebKit/537.36 (KHTML, like Gecko) Version/4.0 Chrome/60.0.3112.107 Moblie Safari/537.36" "-"
172.173.114.0 - - [07/Sep/2023:04:26:33 +0200] "GET /wp-includes/js/tinymce/skins/lightgray/img/index.php?p= HTTP/1.1" 404 1271 tumiapps.es "-" "Mozlila/5.0 (Linux; Android 7.0; SM-G892A Bulid/NRD90M; wv) AppleWebKit/537.36 (KHTML, like Gecko) Version/4.0 Chrome/60.0.3112.107 Moblie Safari/537.36" "-"
172.173.114.0 - - [07/Sep/2023:04:26:38 +0200] "GET /wp-admin/network/xmrlpc.php?p= HTTP/1.1" 404 1271 tumiapps.es "-" "Mozlila/5.0 (Linux; Android 7.0; SM-G892A Bulid/NRD90M; wv) AppleWebKit/537.36 (KHTML, like Gecko) Version/4.0 Chrome/60.0.3112.107 Moblie Safari/537.36" "-"
172.173.114.0 - - [07/Sep/2023:04:26:39 +0200] "GET /xmrlpc.php?p= HTTP/1.1" 404 1271 tumiapps.es "-" "Mozlila/5.0 (Linux; Android 7.0; SM-G892A Bulid/NRD90M; wv) AppleWebKit/537.36 (KHTML, like Gecko) Version/4.0 Chrome/60.0.3112.107 Moblie Safari/537.36" "-"
172.173.114.0 - - [07/Sep/2023:04:26:43 +0200] "GET /cgi-bin/xmrlpc.php?p= HTTP/1.1" 404 1271 tumiapps.es "-" "Mozlila/5.0 (Linux; Android 7.0; SM-G892A Bulid/NRD90M; wv) AppleWebKit/537.36 (KHTML, like Gecko) Version/4.0 Chrome/60.0.3112.107 Moblie Safari/537.36" "-"
172.173.114.0 - - [07/Sep/2023:04:26:45 +0200] "GET /css/xmrlpc.php?p= HTTP/1.1" 404 1271 tumiapps.es "-" "Mozlila/5.0 (Linux; Android 7.0; SM-G892A Bulid/NRD90M; wv) AppleWebKit/537.36 (KHTML, like Gecko) Version/4.0 Chrome/60.0.3112.107 Moblie Safari/537.36" "-"
172.173.114.0 - - [07/Sep/2023:04:26:49 +0200] "GET /wp-admin/user/xmrlpc.php?p= HTTP/1.1" 404 1271 tumiapps.es "-" "Mozlila/5.0 (Linux; Android 7.0; SM-G892A Bulid/NRD90M; wv) AppleWebKit/537.36 (KHTML, like Gecko) Version/4.0 Chrome/60.0.3112.107 Moblie Safari/537.36" "-"
172.173.114.0 - - [07/Sep/2023:04:26:52 +0200] "GET /img/xmrlpc.php?p= HTTP/1.1" 404 1271 tumiapps.es "-" "Mozlila/5.0 (Linux; Android 7.0; SM-G892A Bulid/NRD90M; wv) AppleWebKit/537.36 (KHTML, like Gecko) Version/4.0 Chrome/60.0.3112.107 Moblie Safari/537.36" "-"
172.173.114.0 - - [07/Sep/2023:04:26:54 +0200] "GET /wp-admin/css/colors/coffee/xmrlpc.php?p= HTTP/1.1" 404 1271 tumiapps.es "-" "Mozlila/5.0 (Linux; Android 7.0; SM-G892A Bulid/NRD90M; wv) AppleWebKit/537.36 (KHTML, like Gecko) Version/4.0 Chrome/60.0.3112.107 Moblie Safari/537.36" "-"
172.173.114.0 - - [07/Sep/2023:04:26:58 +0200] "GET /wp-admin/images/xmrlpc.php?p= HTTP/1.1" 404 1271 tumiapps.es "-" "Mozlila/5.0 (Linux; Android 7.0; SM-G892A Bulid/NRD90M; wv) AppleWebKit/537.36 (KHTML, like Gecko) Version/4.0 Chrome/60.0.3112.107 Moblie Safari/537.36" "-"
172.173.114.0 - - [07/Sep/2023:04:26:59 +0200] "GET /images/xmrlpc.php?p= HTTP/1.1" 404 1271 tumiapps.es "-" "Mozlila/5.0 (Linux; Android 7.0; SM-G892A Bulid/NRD90M; wv) AppleWebKit/537.36 (KHTML, like Gecko) Version/4.0 Chrome/60.0.3112.107 Moblie Safari/537.36" "-"
172.173.114.0 - - [07/Sep/2023:04:27:01 +0200] "GET /wp-admin/js/widgets/xmrlpc.php?p= HTTP/1.1" 404 1271 tumiapps.es "-" "Mozlila/5.0 (Linux; Android 7.0; SM-G892A Bulid/NRD90M; wv) AppleWebKit/537.36 (KHTML, like Gecko) Version/4.0 Chrome/60.0.3112.107 Moblie Safari/537.36" "-"
172.173.114.0 - - [07/Sep/2023:04:27:04 +0200] "GET /wp-admin/css/colors/xmrlpc.php?p= HTTP/1.1" 404 1271 tumiapps.es "-" "Mozlila/5.0 (Linux; Android 7.0; SM-G892A Bulid/NRD90M; wv) AppleWebKit/537.36 (KHTML, like Gecko) Version/4.0 Chrome/60.0.3112.107 Moblie Safari/537.36" "-"
172.173.114.0 - - [07/Sep/2023:04:27:06 +0200] "GET /wp-admin/includes/xmrlpc.php?p= HTTP/1.1" 404 1271 tumiapps.es "-" "Mozlila/5.0 (Linux; Android 7.0; SM-G892A Bulid/NRD90M; wv) AppleWebKit/537.36 (KHTML, like Gecko) Version/4.0 Chrome/60.0.3112.107 Moblie Safari/537.36" "-"
172.173.114.0 - - [07/Sep/2023:04:27:08 +0200] "GET /wp-admin/css/colors/blue/xmrlpc.php?p= HTTP/1.1" 404 1271 tumiapps.es "-" "Mozlila/5.0 (Linux; Android 7.0; SM-G892A Bulid/NRD90M; wv) AppleWebKit/537.36 (KHTML, like Gecko) Version/4.0 Chrome/60.0.3112.107 Moblie Safari/537.36" "-"
172.173.114.0 - - [07/Sep/2023:04:27:09 +0200] "GET /wp-admin/xmrlpc.php?p= HTTP/1.1" 404 1271 tumiapps.es "-" "Mozlila/5.0 (Linux; Android 7.0; SM-G892A Bulid/NRD90M; wv) AppleWebKit/537.36 (KHTML, like Gecko) Version/4.0 Chrome/60.0.3112.107 Moblie Safari/537.36" "-"
34.77.168.0 - - [07/Sep/2023:04:34:59 +0200] "GET / HTTP/1.1" 200 33657 tumiapps.com "-" "Mozilla/5.0 (Windows NT 10.0; WOW64) AppleWebKit/537.36 (KHTML, like Gecko) Chrome/84.0.4147.125 Safari/537.36" "-"
82.165.83.0 - - [07/Sep/2023:04:35:00 +0200] "POST /wp-cron.php?doing_wp_cron=1694054100.6530508995056152343750 HTTP/1.1" 200 - tumiapps.com "https://tumiapps.com/wp-cron.php?doing_wp_cron=1694054100.6530508995056152343750" "WordPress/4.7.26; https://tumiapps.com" "-"
82.165.83.0 - - [07/Sep/2023:04:35:00 +0200] "POST /?wordfence_syncAttackData=1694054100.1764 HTTP/1.1" 200 - tumiapps.com "https://tumiapps.com/?wordfence_syncAttackData=1694054100.1764" "WordPress/4.7.26; https://tumiapps.com" "-"
82.165.83.0 - - [07/Sep/2023:04:35:01 +0200] "POST /wp-cron.php?doing_wp_cron=1694054101.2656970024108886718750 HTTP/1.1" 200 - tumiapps.com "https://tumiapps.com/wp-cron.php?doing_wp_cron=1694054101.2656970024108886718750" "WordPress/4.7.26; https://tumiapps.com" "-"
34.77.168.0 - - [07/Sep/2023:04:35:05 +0200] "GET / HTTP/1.1" 200 33657 tumiapps.com "-" "Mozilla/5.0 (Windows NT 10.0; WOW64) AppleWebKit/537.36 (KHTML, like Gecko) Chrome/84.0.4147.125 Safari/537.36" "-"
82.165.83.0 - - [07/Sep/2023:04:35:06 +0200] "POST /wp-cron.php?doing_wp_cron=1694054105.9978749752044677734375 HTTP/1.1" 200 - tumiapps.com "https://tumiapps.com/wp-cron.php?doing_wp_cron=1694054105.9978749752044677734375" "WordPress/4.7.26; https://tumiapps.com" "-"
34.77.168.0 - - [07/Sep/2023:04:35:10 +0200] "GET /wp-json HTTP/1.1" 200 65063 tumiapps.com "-" "Mozilla/5.0 (Windows NT 10.0; WOW64) AppleWebKit/537.36 (KHTML, like Gecko) Chrome/84.0.4147.125 Safari/537.36" "-"
202.67.13.0 - - [07/Sep/2023:04:37:39 +0200] "GET /wp-login.php HTTP/1.1" 200 3904 tumiapps.com "-" "Mozilla/5.0 (X11; Fedora; Linux x86_64; rv:94.0) Gecko/20100101 Firefox/95.0" "-"
82.165.83.0 - - [07/Sep/2023:04:37:40 +0200] "POST /wp-cron.php?doing_wp_cron=1694054260.3577909469604492187500 HTTP/1.1" 200 - tumiapps.com "http://tumiapps.com/wp-cron.php?doing_wp_cron=1694054260.3577909469604492187500" "WordPress/4.7.26; http://tumiapps.com" "-"
54.36.148.0 - - [07/Sep/2023:04:39:42 +0200] "GET /videotutoriales.php HTTP/1.1" 200 13199 www.fincatech.es "-" "Mozilla/5.0 (compatible; AhrefsBot/7.0; +http://ahrefs.com/robot/)" "-"
34.73.206.0 - - [07/Sep/2023:04:43:11 +0200] "GET /robots.txt HTTP/1.1" 200 67 tumiapps.com "-" "ZoominfoBot (zoominfobot at zoominfo dot com)" "-"
82.165.83.0 - - [07/Sep/2023:04:43:12 +0200] "POST /wp-cron.php?doing_wp_cron=1694054592.4523971080780029296875 HTTP/1.1" 200 - tumiapps.com "http://tumiapps.com/wp-cron.php?doing_wp_cron=1694054592.4523971080780029296875" "WordPress/4.7.26; http://tumiapps.com" "-"
34.73.206.0 - - [07/Sep/2023:04:43:13 +0200] "GET /feed/ HTTP/1.1" 200 1750 tumiapps.com "-" "ZoominfoBot (zoominfobot at zoominfo dot com)" "-"
46.35.252.0 - - [07/Sep/2023:04:44:51 +0200] "GET / HTTP/1.1" 403 1271 tumiapps.es "http://tumiapps.es/" "Mozilla/5.0 (Windows NT 6.3; WOW64) AppleWebKit/537.36 (KHTML, like Gecko) Chrome/103.0.0.0 Safari/537.36" "-"
46.35.252.0 - - [07/Sep/2023:04:44:51 +0200] "GET / HTTP/1.1" 403 1271 tumiapps.es "http://tumiapps.es/" "Mozilla/5.0 (Windows NT 6.3; WOW64) AppleWebKit/537.36 (KHTML, like Gecko) Chrome/103.0.0.0 Safari/537.36" "-"
58.217.204.0 - - [07/Sep/2023:04:51:28 +0200] "GET / HTTP/1.1" 200 33597 tumiapps.com "-" "Mozilla/5.0 (Windows NT 10.0; Win64; x64) AppleWebKit/537.36 (KHTML, like Gecko) Chrome/103.0.0.0 Safari/537.36" "-"
82.165.83.0 - - [07/Sep/2023:04:51:29 +0200] "POST /wp-cron.php?doing_wp_cron=1694055089.2017130851745605468750 HTTP/1.1" 200 - tumiapps.com "http://tumiapps.com/wp-cron.php?doing_wp_cron=1694055089.2017130851745605468750" "WordPress/4.7.26; http://tumiapps.com" "-"
219.135.97.0 - - [07/Sep/2023:04:51:47 +0200] "GET / HTTP/1.1" 200 33595 tumiapps.com "-" "Mozilla/5.0 (Windows NT 10.0; Win64; x64) AppleWebKit/537.36 (KHTML, like Gecko) Chrome/103.0.0.0 Safari/537.36" "-"
82.165.83.0 - - [07/Sep/2023:04:51:48 +0200] "POST /wp-cron.php?doing_wp_cron=1694055108.2569670677185058593750 HTTP/1.1" 200 - tumiapps.com "http://tumiapps.com/wp-cron.php?doing_wp_cron=1694055108.2569670677185058593750" "WordPress/4.7.26; http://tumiapps.com" "-"
82.165.83.0 - - [07/Sep/2023:04:53:13 +0200] "POST /wp-cron.php?doing_wp_cron=1694055193.4999780654907226562500 HTTP/1.1" 200 - tumiapps.com "http://tumiapps.com/wp-cron.php?doing_wp_cron=1694055193.4999780654907226562500" "WordPress/4.7.26; http://tumiapps.com" "-"
62.122.184.0 - - [07/Sep/2023:04:53:13 +0200] "GET / HTTP/1.1" 200 33595 tumiapps.com "http://tumiapps.com/" "Mozilla/5.0 (Windows NT 6.3; Win64; x64) AppleWebKit/537.36 (KHTML, like Gecko) Chrome/103.0.5060.114 Safari/537.36" "-"
62.122.184.0 - - [07/Sep/2023:04:53:14 +0200] "POST / HTTP/1.1" 200 396 tumiapps.com "http://tumiapps.com/" "Mozilla/5.0 (Windows NT 6.3; Win64; x64) AppleWebKit/537.36 (KHTML, like Gecko) Chrome/103.0.5060.114 Safari/537.36" "-"
219.151.138.0 - - [07/Sep/2023:04:53:15 +0200] "GET / HTTP/1.1" 200 33597 tumiapps.com "-" "Mozilla/5.0 (Windows NT 10.0; Win64; x64) AppleWebKit/537.36 (KHTML, like Gecko) Chrome/103.0.0.0 Safari/537.36" "-"
183.230.67.0 - - [07/Sep/2023:04:53:53 +0200] "GET / HTTP/1.1" 200 33595 tumiapps.com "-" "Mozilla/5.0 (Windows NT 10.0; Win64; x64) AppleWebKit/537.36 (KHTML, like Gecko) Chrome/103.0.0.0 Safari/537.36" "-"
157.122.214.0 - - [07/Sep/2023:04:53:56 +0200] "GET / HTTP/1.1" 200 33597 tumiapps.com "-" "Mozilla/5.0 (Windows NT 10.0; Win64; x64) AppleWebKit/537.36 (KHTML, like Gecko) Chrome/103.0.0.0 Safari/537.36" "-"
82.165.83.0 - - [07/Sep/2023:04:54:45 +0200] "POST /wp-cron.php?doing_wp_cron=1694055285.6539900302886962890625 HTTP/1.1" 200 - tumiapps.com "http://tumiapps.com/wp-cron.php?doing_wp_cron=1694055285.6539900302886962890625" "WordPress/4.7.26; http://tumiapps.com" "-"
112.46.10.0 - - [07/Sep/2023:04:54:45 +0200] "GET / HTTP/1.1" 200 33597 tumiapps.com "-" "Mozilla/5.0 (Windows NT 10.0; Win64; x64) AppleWebKit/537.36 (KHTML, like Gecko) Chrome/103.0.0.0 Safari/537.36" "-"
113.207.70.0 - - [07/Sep/2023:04:54:49 +0200] "GET / HTTP/1.1" 200 33597 tumiapps.com "-" "Mozilla/5.0 (Windows NT 10.0; Win64; x64) AppleWebKit/537.36 (KHTML, like Gecko) Chrome/103.0.0.0 Safari/537.36" "-"
117.34.17.0 - - [07/Sep/2023:04:54:55 +0200] "GET / HTTP/1.1" 200 33597 tumiapps.com "-" "Mozilla/5.0 (Windows NT 10.0; Win64; x64) AppleWebKit/537.36 (KHTML, like Gecko) Chrome/103.0.0.0 Safari/537.36" "-"
82.165.83.0 - - [07/Sep/2023:04:55:03 +0200] "POST /wp-cron.php?doing_wp_cron=1694055303.6614780426025390625000 HTTP/1.1" 200 - tumiapps.com "http://tumiapps.com/wp-cron.php?doing_wp_cron=1694055303.6614780426025390625000" "WordPress/4.7.26; http://tumiapps.com" "-"
117.185.229.0 - - [07/Sep/2023:04:55:03 +0200] "GET / HTTP/1.1" 200 33597 tumiapps.com "-" "Mozilla/5.0 (Windows NT 10.0; Win64; x64) AppleWebKit/537.36 (KHTML, like Gecko) Chrome/103.0.0.0 Safari/537.36" "-"
116.163.31.0 - - [07/Sep/2023:04:55:07 +0200] "GET / HTTP/1.1" 200 33597 tumiapps.com "-" "Mozilla/5.0 (Windows NT 10.0; Win64; x64) AppleWebKit/537.36 (KHTML, like Gecko) Chrome/103.0.0.0 Safari/537.36" "-"
123.184.26.0 - - [07/Sep/2023:04:55:37 +0200] "GET / HTTP/1.1" 200 33597 tumiapps.com "-" "Mozilla/5.0 (Windows NT 10.0; Win64; x64) AppleWebKit/537.36 (KHTML, like Gecko) Chrome/103.0.0.0 Safari/537.36" "-"
111.13.145.0 - - [07/Sep/2023:04:55:37 +0200] "GET / HTTP/1.1" 200 33597 tumiapps.com "-" "Mozilla/5.0 (Windows NT 10.0; Win64; x64) AppleWebKit/537.36 (KHTML, like Gecko) Chrome/103.0.0.0 Safari/537.36" "-"
49.7.69.0 - - [07/Sep/2023:04:55:53 +0200] "GET / HTTP/1.1" 200 33597 tumiapps.com "-" "Mozilla/5.0 (Windows NT 10.0; Win64; x64) AppleWebKit/537.36 (KHTML, like Gecko) Chrome/103.0.0.0 Safari/537.36" "-"
82.165.83.0 - - [07/Sep/2023:04:56:07 +0200] "POST /wp-cron.php?doing_wp_cron=1694055367.5366480350494384765625 HTTP/1.1" 200 - tumiapps.com "http://tumiapps.com/wp-cron.php?doing_wp_cron=1694055367.5366480350494384765625" "WordPress/4.7.26; http://tumiapps.com" "-"
112.64.213.0 - - [07/Sep/2023:04:56:07 +0200] "GET / HTTP/1.1" 200 33597 tumiapps.com "-" "Mozilla/5.0 (Windows NT 10.0; Win64; x64) AppleWebKit/537.36 (KHTML, like Gecko) Chrome/103.0.0.0 Safari/537.36" "-"
123.138.122.0 - - [07/Sep/2023:04:56:08 +0200] "GET / HTTP/1.1" 200 33597 tumiapps.com "-" "Mozilla/5.0 (Windows NT 10.0; Win64; x64) AppleWebKit/537.36 (KHTML, like Gecko) Chrome/103.0.0.0 Safari/537.36" "-"
123.125.244.0 - - [07/Sep/2023:04:56:22 +0200] "GET / HTTP/1.1" 200 33597 tumiapps.com "-" "Mozilla/5.0 (Windows NT 10.0; Win64; x64) AppleWebKit/537.36 (KHTML, like Gecko) Chrome/103.0.0.0 Safari/537.36" "-"
82.165.83.0 - - [07/Sep/2023:04:59:33 +0200] "POST /wp-cron.php?doing_wp_cron=1694055573.4983520507812500000000 HTTP/1.1" 200 - tumiapps.com "http://tumiapps.com/wp-cron.php?doing_wp_cron=1694055573.4983520507812500000000" "WordPress/4.7.26; http://tumiapps.com" "-"
141.94.247.0 - - [07/Sep/2023:04:59:33 +0200] "POST /wp-login.php HTTP/1.1" 503 19166 tumiapps.com "-" "Mozilla/5.0 (Windows NT 10.0; Win64; x64) AppleWebKit/537.36 (KHTML, like Gecko) Chrome/72.0.3626.109 Safari/537.36" "-"
116.203.72.0 - - [07/Sep/2023:05:07:53 +0200] "GET /feed/ HTTP/1.1" 404 1271 fincatech.es "-" "Mozilla/5.0 (Macintosh; Intel Mac OS X 10.8; rv:48.0) Gecko/20100101 Firefox/48.0" "-"
82.165.83.0 - - [07/Sep/2023:05:13:07 +0200] "POST /wp-cron.php?doing_wp_cron=1694056387.9480719566345214843750 HTTP/1.1" 200 - tumiapps.com "http://tumiapps.com/wp-cron.php?doing_wp_cron=1694056387.9480719566345214843750" "WordPress/4.7.26; http://tumiapps.com" "-"
61.135.159.0 - - [07/Sep/2023:05:13:07 +0200] "GET / HTTP/1.1" 301 - www.tumiapps.com "-" "Sogou web spider/4.0(+http://www.sogou.com/docs/help/webmasters.htm#07)" "-"
61.135.159.0 - - [07/Sep/2023:05:14:08 +0200] "GET / HTTP/1.1" 200 33595 tumiapps.com "-" "Sogou web spider/4.0(+http://www.sogou.com/docs/help/webmasters.htm#07)" "-"
82.165.83.0 - - [07/Sep/2023:05:14:09 +0200] "POST /wp-cron.php?doing_wp_cron=1694056449.4299950599670410156250 HTTP/1.1" 200 - tumiapps.com "http://tumiapps.com/wp-cron.php?doing_wp_cron=1694056449.4299950599670410156250" "WordPress/4.7.26; http://tumiapps.com" "-"
61.135.159.0 - - [07/Sep/2023:05:14:12 +0200] "GET / HTTP/1.1" 200 33597 tumiapps.com "-" "Sogou web spider/4.0(+http://www.sogou.com/docs/help/webmasters.htm#07)" "-"
82.165.83.0 - - [07/Sep/2023:05:14:13 +0200] "POST /wp-cron.php?doing_wp_cron=1694056453.0706639289855957031250 HTTP/1.1" 200 - tumiapps.com "http://tumiapps.com/wp-cron.php?doing_wp_cron=1694056453.0706639289855957031250" "WordPress/4.7.26; http://tumiapps.com" "-"
82.165.83.0 - - [07/Sep/2023:05:19:43 +0200] "POST /wp-cron.php?doing_wp_cron=1694056783.8035240173339843750000 HTTP/1.1" 200 - tumiapps.com "http://tumiapps.com/wp-cron.php?doing_wp_cron=1694056783.8035240173339843750000" "WordPress/4.7.26; http://tumiapps.com" "-"
111.68.119.0 - - [07/Sep/2023:05:19:43 +0200] "GET /wp-login.php HTTP/1.1" 200 199 tumiapps.com "-" "Mozilla/5.0 (X11; Fedora; Linux x86_64; rv:94.0) Gecko/20100101 Firefox/95.0" "-"
111.68.119.0 - - [07/Sep/2023:05:20:07 +0200] "POST /wp-login.php HTTP/1.1" 503 19166 tumiapps.com "-" "Mozilla/5.0 (X11; Fedora; Linux x86_64; rv:94.0) Gecko/20100101 Firefox/95.0" "-"
82.165.83.0 - - [07/Sep/2023:05:20:08 +0200] "POST /wp-cron.php?doing_wp_cron=1694056808.0121710300445556640625 HTTP/1.1" 200 - tumiapps.com "http://tumiapps.com/wp-cron.php?doing_wp_cron=1694056808.0121710300445556640625" "WordPress/4.7.26; http://tumiapps.com" "-"
40.77.167.0 - - [07/Sep/2023:05:22:26 +0200] "GET /sitemap.xml HTTP/1.1" 200 779 fincatech.es "-" "Mozilla/5.0 AppleWebKit/537.36 (KHTML, like Gecko; compatible; bingbot/2.0; +http://www.bing.com/bingbot.htm) Chrome/103.0.5060.134 Safari/537.36" "-"
40.77.167.0 - - [07/Sep/2023:05:24:16 +0200] "GET /sobre-nosotros/sobre-nosotros HTTP/1.1" 301 266 fincatech.es "-" "Mozilla/5.0 AppleWebKit/537.36 (KHTML, like Gecko; compatible; bingbot/2.0; +http://www.bing.com/bingbot.htm) Chrome/103.0.5060.134 Safari/537.36" "-"
82.165.83.0 - - [07/Sep/2023:05:27:54 +0200] "POST /wp-cron.php?doing_wp_cron=1694057274.6093978881835937500000 HTTP/1.1" 200 - tumiapps.com "http://tumiapps.com/wp-cron.php?doing_wp_cron=1694057274.6093978881835937500000" "WordPress/4.7.26; http://tumiapps.com" "-"
47.104.153.0 - - [07/Sep/2023:05:27:54 +0200] "GET / HTTP/1.1" 301 - www.tumiapps.com "-" "Mozilla/5.0 (Windows NT 10.0; Win64; x64) AppleWebKit/537.36 (KHTML, like Gecko) Chrome/114.0.0.0 Safari/537.36 Edg/114.0.1823.58" "-"
47.104.153.0 - - [07/Sep/2023:05:27:55 +0200] "GET / HTTP/1.1" 200 33597 tumiapps.com "-" "Mozilla/5.0 (Windows NT 10.0; Win64; x64) AppleWebKit/537.36 (KHTML, like Gecko) Chrome/114.0.0.0 Safari/537.36 Edg/114.0.1823.58" "-"
82.165.83.0 - - [07/Sep/2023:05:33:13 +0200] "POST /wp-cron.php?doing_wp_cron=1694057593.5974900722503662109375 HTTP/1.1" 200 - tumiapps.com "http://tumiapps.com/wp-cron.php?doing_wp_cron=1694057593.5974900722503662109375" "WordPress/4.7.26; http://tumiapps.com" "-"
109.237.140.0 - - [07/Sep/2023:05:33:13 +0200] "GET /wp-login.php HTTP/1.1" 200 3904 tumiapps.com "-" "Mozilla/5.0 (X11; Fedora; Linux x86_64; rv:94.0) Gecko/20100101 Firefox/95.0" "-"
66.249.64.0 - - [07/Sep/2023:05:33:26 +0200] "GET /resources/contrato_comunidad_de_propietarios_con_administrador_de_fincas.pdf HTTP/1.1" 200 431085 www.fincatech.es "-" "Mozilla/5.0 (compatible; Googlebot/2.1; +http://www.google.com/bot.html)" "-"
82.165.83.0 - - [07/Sep/2023:05:33:37 +0200] "POST /wp-cron.php?doing_wp_cron=1694057617.6949720382690429687500 HTTP/1.1" 200 - tumiapps.com "http://tumiapps.com/wp-cron.php?doing_wp_cron=1694057617.6949720382690429687500" "WordPress/4.7.26; http://tumiapps.com" "-"
109.237.140.0 - - [07/Sep/2023:05:33:37 +0200] "POST /wp-login.php HTTP/1.1" 503 19166 tumiapps.com "-" "Mozilla/5.0 (X11; Fedora; Linux x86_64; rv:94.0) Gecko/20100101 Firefox/95.0" "-"
138.246.253.0 - - [07/Sep/2023:05:34:43 +0200] "GET /robots.txt HTTP/1.1" 302 - app.fincatech.es "-" "Mozilla/5.0 (Windows NT 10.0; Win64; x64) AppleWebKit/537.36 (KHTML, like Gecko) Chrome/103.0.5060.134 Safari/537.36" "-"
34.73.206.0 - - [07/Sep/2023:05:38:00 +0200] "GET /robots.txt HTTP/1.1" 404 1271 tucomunidad.tumiapps.com "-" "ZoominfoBot (zoominfobot at zoominfo dot com)" "-"
34.73.206.0 - - [07/Sep/2023:05:38:01 +0200] "GET /login.html HTTP/1.1" 200 8043 tucomunidad.tumiapps.com "-" "ZoominfoBot (zoominfobot at zoominfo dot com)" "-"
54.36.148.0 - - [07/Sep/2023:05:39:30 +0200] "GET /blog/que-es-la-coordinacion-actividades-empresariales HTTP/1.1" 301 - www.fincatech.es "-" "Mozilla/5.0 (compatible; AhrefsBot/7.0; +http://ahrefs.com/robot/)" "-"
13.79.160.0 - - [07/Sep/2023:05:40:28 +0200] "GET / HTTP/1.1" 301 233 fincatech.es "-" "Mozilla/5.0 (Windows NT 10.0; WOW64; Trident/7.0; rv:11.0) like Gecko" "-"
13.79.160.0 - - [07/Sep/2023:05:40:28 +0200] "GET / HTTP/1.1" 200 42764 www.fincatech.es "-" "Mozilla/5.0 (Windows NT 10.0; WOW64; Trident/7.0; rv:11.0) like Gecko" "-"
13.69.199.0 - - [07/Sep/2023:05:40:39 +0200] "GET /sobre-nosotros HTTP/1.1" 200 18321 www.fincatech.es "-" "Mozilla/5.0 (Windows NT 10.0; WOW64; Trident/7.0; rv:11.0) like Gecko" "-"
52.167.144.0 - - [07/Sep/2023:05:40:47 +0200] "GET /sitemap.xml HTTP/1.1" 200 779 fincatech.es "-" "Mozilla/5.0 AppleWebKit/537.36 (KHTML, like Gecko; compatible; bingbot/2.0; +http://www.bing.com/bingbot.htm) Chrome/103.0.5060.134 Safari/537.36" "-"
104.41.225.0 - - [07/Sep/2023:05:40:51 +0200] "GET /index HTTP/1.1" 200 42764 www.fincatech.es "-" "Mozilla/5.0 (Windows NT 10.0; WOW64; Trident/7.0; rv:11.0) like Gecko" "-"
40.113.85.0 - - [07/Sep/2023:05:41:04 +0200] "GET /aviso-legal HTTP/1.1" 200 18961 www.fincatech.es "-" "Mozilla/5.0 (Windows NT 10.0; WOW64; Trident/7.0; rv:11.0) like Gecko" "-"
40.113.85.0 - - [07/Sep/2023:05:41:18 +0200] "GET /faq HTTP/1.1" 200 20769 www.fincatech.es "-" "Mozilla/5.0 (Windows NT 10.0; WOW64; Trident/7.0; rv:11.0) like Gecko" "-"
136.29.1.0 - - [07/Sep/2023:05:41:24 +0200] "GET / HTTP/1.1" 200 33597 tumiapps.com "http://tumiapps.com/" "Mozilla/5.0 (Windows NT 10.0; WOW64) AppleWebKit/537.36 (KHTML, like Gecko) Chrome/90.0.4430.85 Safari/537.36" "-"
82.165.83.0 - - [07/Sep/2023:05:41:25 +0200] "POST /wp-cron.php?doing_wp_cron=1694058085.2802491188049316406250 HTTP/1.1" 200 - tumiapps.com "http://tumiapps.com/wp-cron.php?doing_wp_cron=1694058085.2802491188049316406250" "WordPress/4.7.26; http://tumiapps.com" "-"
136.29.1.0 - - [07/Sep/2023:05:41:26 +0200] "POST / HTTP/1.1" 200 396 tumiapps.com "http://tumiapps.com/" "Mozilla/5.0 (Windows NT 10.0; WOW64) AppleWebKit/537.36 (KHTML, like Gecko) Chrome/90.0.4430.85 Safari/537.36" "-"
40.113.85.0 - - [07/Sep/2023:05:41:31 +0200] "GET /politica-privacidad HTTP/1.1" 200 23949 www.fincatech.es "-" "Mozilla/5.0 (Windows NT 10.0; WOW64; Trident/7.0; rv:11.0) like Gecko" "-"
104.41.225.0 - - [07/Sep/2023:05:41:42 +0200] "GET /politica-cookies HTTP/1.1" 200 24681 www.fincatech.es "-" "Mozilla/5.0 (Windows NT 10.0; WOW64; Trident/7.0; rv:11.0) like Gecko" "-"
82.165.83.0 - - [07/Sep/2023:05:46:01 +0200] "POST /wp-cron.php?doing_wp_cron=1694058361.8353600502014160156250 HTTP/1.1" 200 - tumiapps.com "http://tumiapps.com/wp-cron.php?doing_wp_cron=1694058361.8353600502014160156250" "WordPress/4.7.26; http://tumiapps.com" "-"
103.1.208.0 - - [07/Sep/2023:05:46:01 +0200] "GET /wp-login.php HTTP/1.1" 200 3904 tumiapps.com "-" "Mozilla/5.0 (X11; Fedora; Linux x86_64; rv:94.0) Gecko/20100101 Firefox/95.0" "-"
103.1.208.0 - - [07/Sep/2023:05:46:13 +0200] "POST /wp-login.php HTTP/1.1" 503 19166 tumiapps.com "-" "Mozilla/5.0 (X11; Fedora; Linux x86_64; rv:94.0) Gecko/20100101 Firefox/95.0" "-"
82.165.83.0 - - [07/Sep/2023:05:49:18 +0200] "POST /wp-cron.php?doing_wp_cron=1694058558.6024880409240722656250 HTTP/1.1" 200 - tumiapps.com "http://tumiapps.com/wp-cron.php?doing_wp_cron=1694058558.6024880409240722656250" "WordPress/4.7.26; http://tumiapps.com" "-"
62.16.59.0 - - [07/Sep/2023:05:49:18 +0200] "GET / HTTP/1.1" 200 33597 tumiapps.com "http://tumiapps.com/" "Mozilla/5.0 (Windows NT 6.1) AppleWebKit/537.36 (KHTML, like Gecko) Chrome/90.0.4430.93 Safari/537.36" "-"
62.16.59.0 - - [07/Sep/2023:05:49:20 +0200] "POST / HTTP/1.1" 200 396 tumiapps.com "http://tumiapps.com/" "Mozilla/5.0 (Windows NT 6.1) AppleWebKit/537.36 (KHTML, like Gecko) Chrome/90.0.4430.93 Safari/537.36" "-"
120.77.84.0 - - [07/Sep/2023:06:00:24 +0200] "POST /wp-login.php HTTP/1.1" 503 19166 tumiapps.com "-" "Mozilla/5.0 (X11; Fedora; Linux x86_64; rv:94.0) Gecko/20100101 Firefox/95.0" "-"
82.165.83.0 - - [07/Sep/2023:06:00:25 +0200] "POST /wp-cron.php?doing_wp_cron=1694059225.2156999111175537109375 HTTP/1.1" 200 - tumiapps.com "http://tumiapps.com/wp-cron.php?doing_wp_cron=1694059225.2156999111175537109375" "WordPress/4.7.26; http://tumiapps.com" "-"
178.44.37.0 - - [07/Sep/2023:06:03:08 +0200] "GET / HTTP/1.1" 200 33597 tumiapps.com "http://tumiapps.com/" "Mozilla/5.0 (Windows NT 10.0; WOW64) AppleWebKit/537.36 (KHTML, like Gecko) Chrome/90.0.4430.85 Safari/537.36" "-"
82.165.83.0 - - [07/Sep/2023:06:03:09 +0200] "POST /wp-cron.php?doing_wp_cron=1694059389.3916740417480468750000 HTTP/1.1" 200 - tumiapps.com "http://tumiapps.com/wp-cron.php?doing_wp_cron=1694059389.3916740417480468750000" "WordPress/4.7.26; http://tumiapps.com" "-"
178.44.37.0 - - [07/Sep/2023:06:03:11 +0200] "POST / HTTP/1.1" 200 396 tumiapps.com "http://tumiapps.com/" "Mozilla/5.0 (Windows NT 10.0; WOW64) AppleWebKit/537.36 (KHTML, like Gecko) Chrome/90.0.4430.85 Safari/537.36" "-"
82.165.83.0 - - [07/Sep/2023:06:03:12 +0200] "POST /wp-cron.php?doing_wp_cron=1694059392.1115679740905761718750 HTTP/1.1" 200 - tumiapps.com "http://tumiapps.com/wp-cron.php?doing_wp_cron=1694059392.1115679740905761718750" "WordPress/4.7.26; http://tumiapps.com" "-"
114.119.142.0 - - [07/Sep/2023:06:06:18 +0200] "GET /robots.txt HTTP/1.1" 200 67 tumiapps.com "-" "Mozilla/5.0 (compatible;PetalBot;+https://webmaster.petalsearch.com/site/petalbot)" "-"
82.165.83.0 - - [07/Sep/2023:06:06:19 +0200] "POST /wp-cron.php?doing_wp_cron=1694059579.1752879619598388671875 HTTP/1.1" 200 - tumiapps.com "http://tumiapps.com/wp-cron.php?doing_wp_cron=1694059579.1752879619598388671875" "WordPress/4.7.26; http://tumiapps.com" "-"
114.119.133.0 - - [07/Sep/2023:06:07:57 +0200] "GET /robots.txt HTTP/1.1" 200 67 www.tumiapps.com "-" "Mozilla/5.0 (compatible;PetalBot;+https://webmaster.petalsearch.com/site/petalbot)" "-"
82.165.83.0 - - [07/Sep/2023:06:07:58 +0200] "POST /wp-cron.php?doing_wp_cron=1694059678.4504148960113525390625 HTTP/1.1" 200 - tumiapps.com "https://tumiapps.com/wp-cron.php?doing_wp_cron=1694059678.4504148960113525390625" "WordPress/4.7.26; https://tumiapps.com" "-"
82.165.83.0 - - [07/Sep/2023:06:10:45 +0200] "POST /wp-cron.php?doing_wp_cron=1694059845.8373410701751708984375 HTTP/1.1" 200 - tumiapps.com "http://tumiapps.com/wp-cron.php?doing_wp_cron=1694059845.8373410701751708984375" "WordPress/4.7.26; http://tumiapps.com" "-"
87.5.40.0 - - [07/Sep/2023:06:10:45 +0200] "GET / HTTP/1.1" 200 33597 tumiapps.com "http://tumiapps.com/" "Mozilla/5.0 (Windows NT 10.0; Win64; x64) AppleWebKit/537.36 (KHTML, like Gecko) Chrome/90.0.4430.72 Safari/537.36" "-"
87.5.40.0 - - [07/Sep/2023:06:10:47 +0200] "POST / HTTP/1.1" 200 396 tumiapps.com "http://tumiapps.com/" "Mozilla/5.0 (Windows NT 10.0; Win64; x64) AppleWebKit/537.36 (KHTML, like Gecko) Chrome/90.0.4430.72 Safari/537.36" "-"
52.167.144.0 - - [07/Sep/2023:06:13:52 +0200] "GET /wp-sitemap.xml HTTP/1.1" 200 562 landing.fincatech.es "-" "Mozilla/5.0 AppleWebKit/537.36 (KHTML, like Gecko; compatible; bingbot/2.0; +http://www.bing.com/bingbot.htm) Chrome/103.0.5060.134 Safari/537.36" "-"
82.165.83.0 - - [07/Sep/2023:06:13:52 +0200] "POST /wp-cron.php?doing_wp_cron=1694060032.4576039314270019531250 HTTP/1.1" 200 - landing.fincatech.es "https://landing.fincatech.es/wp-cron.php?doing_wp_cron=1694060032.4576039314270019531250" "WordPress/5.5.12; https://landing.fincatech.es" "-"
82.165.83.0 - - [07/Sep/2023:06:13:55 +0200] "GET /wp-json/wp/v2/types/post?context=edit HTTP/1.1" 401 151 landing.fincatech.es "https://landing.fincatech.es/wp-json/wp/v2/types/post?context=edit" "WordPress/5.5.12; https://landing.fincatech.es" "-"
82.165.83.0 - - [07/Sep/2023:06:13:56 +0200] "POST /wp-admin/admin-ajax.php HTTP/1.1" 400 1 landing.fincatech.es "https://landing.fincatech.es/wp-admin/admin-ajax.php" "WordPress/5.5.12; https://landing.fincatech.es" "-"
82.165.83.0 - - [07/Sep/2023:06:13:58 +0200] "POST /wp-admin/admin-ajax.php HTTP/1.1" 400 1 landing.fincatech.es "https://landing.fincatech.es/wp-admin/admin-ajax.php" "WordPress/5.5.12; https://landing.fincatech.es" "-"
82.165.83.0 - - [07/Sep/2023:06:13:58 +0200] "POST /wp-admin/admin-ajax.php HTTP/1.1" 400 1 landing.fincatech.es "https://landing.fincatech.es/wp-admin/admin-ajax.php" "WordPress/5.5.12; https://landing.fincatech.es" "-"
85.237.38.0 - - [07/Sep/2023:06:14:00 +0200] "GET /wp-login.php HTTP/1.1" 200 3904 tumiapps.com "-" "Mozilla/5.0 (X11; Fedora; Linux x86_64; rv:94.0) Gecko/20100101 Firefox/95.0" "-"
82.165.83.0 - - [07/Sep/2023:06:14:01 +0200] "POST /wp-cron.php?doing_wp_cron=1694060041.0136361122131347656250 HTTP/1.1" 200 - tumiapps.com "http://tumiapps.com/wp-cron.php?doing_wp_cron=1694060041.0136361122131347656250" "WordPress/4.7.26; http://tumiapps.com" "-"
114.119.143.0 - - [07/Sep/2023:06:28:41 +0200] "GET /robots.txt HTTP/1.1" 200 108 www.fincatech.es "-" "Mozilla/5.0 (compatible;PetalBot;+https://webmaster.petalsearch.com/site/petalbot)" "-"
173.249.147.0 - - [07/Sep/2023:06:33:55 +0200] "GET /wp-content/themes/seotheme/mar.php HTTP/1.1" 404 15405 tumiapps.com "http://simplesite.com" "Mozilla/5.0 (Windows; U; Windows NT 5.1; en-US) AppleWebKit/533.4 (KHTML, like Gecko) Chrome/5.0.375.99 Safari/533.4" "-"
82.165.83.0 - - [07/Sep/2023:06:33:56 +0200] "POST /wp-cron.php?doing_wp_cron=1694061236.1107549667358398437500 HTTP/1.1" 200 - tumiapps.com "http://tumiapps.com/wp-cron.php?doing_wp_cron=1694061236.1107549667358398437500" "WordPress/4.7.26; http://tumiapps.com" "-"
95.108.213.0 - - [07/Sep/2023:06:34:19 +0200] "GET /robots.txt HTTP/1.1" 200 67 tumiapps.com "-" "Mozilla/5.0 (compatible; YandexBot/3.0; +http://yandex.com/bots)" "-"
82.165.83.0 - - [07/Sep/2023:06:34:20 +0200] "POST /wp-cron.php?doing_wp_cron=1694061260.1640648841857910156250 HTTP/1.1" 200 - tumiapps.com "https://tumiapps.com/wp-cron.php?doing_wp_cron=1694061260.1640648841857910156250" "WordPress/4.7.26; https://tumiapps.com" "-"
5.255.231.0 - - [07/Sep/2023:06:34:21 +0200] "GET /productos-aplicaciones-tumiapps/nggallery/page/2 HTTP/1.1" 200 28040 tumiapps.com "-" "Mozilla/5.0 (compatible; YandexBot/3.0; +http://yandex.com/bots)" "-"
82.165.83.0 - - [07/Sep/2023:06:42:00 +0200] "POST /wp-cron.php?doing_wp_cron=1694061720.6506249904632568359375 HTTP/1.1" 200 - tumiapps.com "http://tumiapps.com/wp-cron.php?doing_wp_cron=1694061720.6506249904632568359375" "WordPress/4.7.26; http://tumiapps.com" "-"
62.171.177.0 - - [07/Sep/2023:06:42:00 +0200] "GET /wp-login.php HTTP/1.1" 200 3904 tumiapps.com "-" "Mozilla/5.0 (X11; Fedora; Linux x86_64; rv:94.0) Gecko/20100101 Firefox/95.0" "-"
62.171.177.0 - - [07/Sep/2023:06:42:12 +0200] "POST /wp-login.php HTTP/1.1" 503 19166 tumiapps.com "-" "Mozilla/5.0 (X11; Fedora; Linux x86_64; rv:94.0) Gecko/20100101 Firefox/95.0" "-"
66.249.76.0 - - [07/Sep/2023:06:47:50 +0200] "GET / HTTP/1.1" 200 42764 fincatech.es "-" "Mozilla/5.0 (Linux; Android 6.0.1; Nexus 5X Build/MMB29P) AppleWebKit/537.36 (KHTML, like Gecko) Chrome/116.0.5845.110 Mobile Safari/537.36 (compatible; Googlebot/2.1; +http://www.google.com/bot.html)" "-"
89.185.85.0 - - [07/Sep/2023:06:48:04 +0200] "GET / HTTP/1.1" 200 33597 tumiapps.com "https://seosun.agency/" "Mozilla/5.0 (Windows NT 5.1; U; en) Opera 8.01" "-"
82.165.83.0 - - [07/Sep/2023:06:48:05 +0200] "POST /wp-cron.php?doing_wp_cron=1694062085.4412429332733154296875 HTTP/1.1" 200 - tumiapps.com "http://tumiapps.com/wp-cron.php?doing_wp_cron=1694062085.4412429332733154296875" "WordPress/4.7.26; http://tumiapps.com" "-"
89.185.85.0 - - [07/Sep/2023:06:48:05 +0200] "GET / HTTP/1.1" 200 33597 tumiapps.com "https://seosun.agency/" "Mozilla/5.0 (Windows NT 5.1; U; en) Opera 8.01" "-"
89.185.85.0 - - [07/Sep/2023:06:48:06 +0200] "GET / HTTP/1.1" 200 33597 tumiapps.com "https://seosun.agency/" "Mozilla/5.0 (Windows NT 5.1; U; en) Opera 8.01" "-"
82.165.83.0 - - [07/Sep/2023:06:52:26 +0200] "POST /wp-cron.php?doing_wp_cron=1694062346.7244300842285156250000 HTTP/1.1" 200 - tumiapps.com "http://tumiapps.com/wp-cron.php?doing_wp_cron=1694062346.7244300842285156250000" "WordPress/4.7.26; http://tumiapps.com" "-"
65.108.78.0 - - [07/Sep/2023:06:52:26 +0200] "GET /robots.txt HTTP/1.1" 200 67 tumiapps.com "-" "Mozilla/5.0 (compatible; MJ12bot/v1.4.8; http://mj12bot.com/)" "-"
65.108.78.0 - - [07/Sep/2023:06:52:29 +0200] "GET /productos-aplicaciones-tumiapps/nggallery/p/p/p/p/p/p/p/p/p/p/p/%253/p/p/p/p/p/p/p/p/p/p/p//p/page/2 HTTP/1.1" 200 28092 tumiapps.com "-" "Mozilla/5.0 (compatible; MJ12bot/v1.4.8; http://mj12bot.com/)" "-"
65.108.78.0 - - [07/Sep/2023:06:52:31 +0200] "GET /productos-aplicaciones-tumiapps/nggallery/p/p/p/p/p/p/p/p/p/p/p/%253/p/p/p/p/p/p/p/p/p/p/p/p//p/page/1 HTTP/1.1" 200 44002 tumiapps.com "-" "Mozilla/5.0 (compatible; MJ12bot/v1.4.8; http://mj12bot.com/)" "-"
65.108.78.0 - - [07/Sep/2023:06:52:33 +0200] "GET /productos-aplicaciones-tumiapps/nggallery/p/p/p/p/p/p/p/p/p/p/p/%253/p/p/p/p/p/p/p/p/p/p/p/p/p//p/page/1 HTTP/1.1" 200 44008 tumiapps.com "-" "Mozilla/5.0 (compatible; MJ12bot/v1.4.8; http://mj12bot.com/)" "-"
65.108.78.0 - - [07/Sep/2023:06:52:36 +0200] "GET /productos-aplicaciones-tumiapps/nggallery/p/p/p/p/p/p/p/p/p/p/p/%253/p/p/p/p/p/p/p/p/p/p/p/p/p//p/page/2 HTTP/1.1" 200 28104 tumiapps.com "-" "Mozilla/5.0 (compatible; MJ12bot/v1.4.8; http://mj12bot.com/)" "-"
65.108.78.0 - - [07/Sep/2023:06:52:38 +0200] "GET /productos-aplicaciones-tumiapps/nggallery/p/p/p/p/p/p/p/p/p/p/p/%253/p/p/p/p/p/p/p/p/p/p/p/p/p/p/p//p/page/2 HTTP/1.1" 200 28116 tumiapps.com "-" "Mozilla/5.0 (compatible; MJ12bot/v1.4.8; http://mj12bot.com/)" "-"
65.108.78.0 - - [07/Sep/2023:06:52:41 +0200] "GET /productos-aplicaciones-tumiapps/nggallery/p/p/p/p/p/p/p/p/p/p/p/%253/p/p/p/p/p/p/p/p/p/p/p/p/p/p/p/p//p/page/1 HTTP/1.1" 200 44026 tumiapps.com "-" "Mozilla/5.0 (compatible; MJ12bot/v1.4.8; http://mj12bot.com/)" "-"
65.108.78.0 - - [07/Sep/2023:06:52:43 +0200] "GET /productos-aplicaciones-tumiapps/nggallery/p/p/p/p/p/p/p/p/p/p/p/%253/p/p/p/p/p/p/p/p/p/p/p/p/p/p/p/p//p/page/2 HTTP/1.1" 200 28122 tumiapps.com "-" "Mozilla/5.0 (compatible; MJ12bot/v1.4.8; http://mj12bot.com/)" "-"
65.108.78.0 - - [07/Sep/2023:06:52:45 +0200] "GET /productos-aplicaciones-tumiapps/nggallery/p/p/p/p/p/p/p/p/p/p/p/%253/p/p/p/p/p/p/p/p/p/p/p/p/p/p/p/p/p//p/page/1 HTTP/1.1" 200 44032 tumiapps.com "-" "Mozilla/5.0 (compatible; MJ12bot/v1.4.8; http://mj12bot.com/)" "-"
65.108.78.0 - - [07/Sep/2023:06:52:47 +0200] "GET /productos-aplicaciones-tumiapps/nggallery/p/p/p/p/p/p/p/p/p/p/p/%253/p/p/p/p/p/p/p/p/p/p/p/p/p/p/p/p/p//p/page/2 HTTP/1.1" 200 28128 tumiapps.com "-" "Mozilla/5.0 (compatible; MJ12bot/v1.4.8; http://mj12bot.com/)" "-"
65.108.78.0 - - [07/Sep/2023:06:52:49 +0200] "GET /productos-aplicaciones-tumiapps/nggallery/p/p/p/p/p/p/p/p/p/p/p/%253/p/p/p/p/p/p/p/p/p/p/p/p/p/p/p/p/p/p//p/page/1 HTTP/1.1" 200 44038 tumiapps.com "-" "Mozilla/5.0 (compatible; MJ12bot/v1.4.8; http://mj12bot.com/)" "-"
65.108.78.0 - - [07/Sep/2023:06:52:52 +0200] "GET /productos-aplicaciones-tumiapps/nggallery/p/p/p/p/p/p/p/p/p/p/p/%253/p/p/p/p/p/p/p/p/p/p/p/p/p/p/p/p/p/p//p/page/2 HTTP/1.1" 200 28134 tumiapps.com "-" "Mozilla/5.0 (compatible; MJ12bot/v1.4.8; http://mj12bot.com/)" "-"
65.108.78.0 - - [07/Sep/2023:06:52:54 +0200] "GET /productos-aplicaciones-tumiapps/nggallery/p/p/p/p/p/p/p/p/p/p/p/%253/p/p/p/p/p/p/p/p/p/p/p/p/p/p/p/p/p/p/p//p/page/1 HTTP/1.1" 200 44044 tumiapps.com "-" "Mozilla/5.0 (compatible; MJ12bot/v1.4.8; http://mj12bot.com/)" "-"
65.108.78.0 - - [07/Sep/2023:06:52:56 +0200] "GET /productos-aplicaciones-tumiapps/nggallery/p/p/p/p/p/p/p/p/p/p/p/%253/p/p/p/p/p/p/p/p/p/p/p/p/p/p/p/p/p/p/p/p//p/page/1 HTTP/1.1" 200 44050 tumiapps.com "-" "Mozilla/5.0 (compatible; MJ12bot/v1.4.8; http://mj12bot.com/)" "-"
65.108.78.0 - - [07/Sep/2023:06:52:58 +0200] "GET /productos-aplicaciones-tumiapps/nggallery/p/p/p/p/p/p/p/p/p/p/p/%253/p/p/p/p/p/p/p/p/p/p/p/p/p/p/p/p/p/p/p/p/p/p/p/page/1 HTTP/1.1" 200 44062 tumiapps.com "-" "Mozilla/5.0 (compatible; MJ12bot/v1.4.8; http://mj12bot.com/)" "-"
82.165.83.0 - - [07/Sep/2023:06:52:59 +0200] "POST /wp-cron.php?doing_wp_cron=1694062379.4419360160827636718750 HTTP/1.1" 200 - tumiapps.com "http://tumiapps.com/wp-cron.php?doing_wp_cron=1694062379.4419360160827636718750" "WordPress/4.7.26; http://tumiapps.com" "-"
65.108.78.0 - - [07/Sep/2023:06:53:01 +0200] "GET /productos-aplicaciones-tumiapps/nggallery/p/p/p/p/p/p/p/p/p/p/p/%253/p/p/p/p/p/p/p/p/p/p/p/p/p/p/p/p/p/p/p/p/p/p/p/page/1/slideshow HTTP/1.1" 200 33740 tumiapps.com "-" "Mozilla/5.0 (compatible; MJ12bot/v1.4.8; http://mj12bot.com/)" "-"
65.108.78.0 - - [07/Sep/2023:06:53:04 +0200] "GET /productos-aplicaciones-tumiapps/nggallery/p/p/p/p/p/p/p/p/p/p/p/%253/p/p/p/p/p/p/p/p/p/p/p/p/p/p/p/p/p/p/p/p/p/p/p/page/2 HTTP/1.1" 200 28158 tumiapps.com "-" "Mozilla/5.0 (compatible; MJ12bot/v1.4.8; http://mj12bot.com/)" "-"
65.108.78.0 - - [07/Sep/2023:06:53:06 +0200] "GET /productos-aplicaciones-tumiapps/nggallery/p/p/p/p/p/p/p/p/p/p/p/%253/p/p/p/p/p/p/p/p/p/p/p/p/p/p/p/p/p/p/p/p/p/p/p/page/2/p/slideshow HTTP/1.1" 200 33742 tumiapps.com "-" "Mozilla/5.0 (compatible; MJ12bot/v1.4.8; http://mj12bot.com/)" "-"
65.108.78.0 - - [07/Sep/2023:06:53:08 +0200] "GET /productos-aplicaciones-tumiapps/nggallery/p/p/p/p/p/p/p/p/p/p/p/%253/p/p/p/p/p/p/p/p/p/p/p/p/p/p/p/p/p/p/p/p/p/p/p/page/2/slideshow HTTP/1.1" 200 33745 tumiapps.com "-" "Mozilla/5.0 (compatible; MJ12bot/v1.4.8; http://mj12bot.com/)" "-"
65.108.78.0 - - [07/Sep/2023:06:53:11 +0200] "GET /productos-aplicaciones-tumiapps/nggallery/p/p/p/p/p/p/p/p/p/p/p/%253/p/p/p/p/p/p/p/p/p/p/p/p/p/p/p/p/p/p/p/p/p/p/page/1 HTTP/1.1" 200 44056 tumiapps.com "-" "Mozilla/5.0 (compatible; MJ12bot/v1.4.8; http://mj12bot.com/)" "-"
65.108.78.0 - - [07/Sep/2023:06:53:13 +0200] "GET /productos-aplicaciones-tumiapps/nggallery/p/p/p/p/p/p/p/p/p/p/p/%253/p/p/p/p/p/p/p/p/p/p/p/p/p/p/p/p/p/p/p/p/p/p/page/1/slideshow HTTP/1.1" 200 33738 tumiapps.com "-" "Mozilla/5.0 (compatible; MJ12bot/v1.4.8; http://mj12bot.com/)" "-"
65.108.78.0 - - [07/Sep/2023:06:53:15 +0200] "GET /productos-aplicaciones-tumiapps/nggallery/p/p/p/p/p/p/p/p/p/p/p/%253/p/p/p/p/p/p/p/p/p/p/p/p/p/p/p/p/p/p/p/p/p/p/page/2 HTTP/1.1" 200 28152 tumiapps.com "-" "Mozilla/5.0 (compatible; MJ12bot/v1.4.8; http://mj12bot.com/)" "-"
65.108.78.0 - - [07/Sep/2023:06:53:18 +0200] "GET /productos-aplicaciones-tumiapps/nggallery/p/p/p/p/p/p/p/p/p/p/p/%253/p/p/p/p/p/p/p/p/p/p/p/p/p/p/p/p/p/p/p/p/p/p/page/2/slideshow HTTP/1.1" 200 33738 tumiapps.com "-" "Mozilla/5.0 (compatible; MJ12bot/v1.4.8; http://mj12bot.com/)" "-"
65.108.78.0 - - [07/Sep/2023:06:53:20 +0200] "GET /productos-aplicaciones-tumiapps/nggallery/p/p/p/p/p/p/p/p/p/p/p/%253/p/p/p/p/p/p/p/p/p/p/p/p/p/p/p/p/p/p/p/p/p/p/page/p/slideshow HTTP/1.1" 200 33738 tumiapps.com "-" "Mozilla/5.0 (compatible; MJ12bot/v1.4.8; http://mj12bot.com/)" "-"
65.108.78.0 - - [07/Sep/2023:06:53:22 +0200] "GET /productos-aplicaciones-tumiapps/nggallery/p/p/p/p/p/p/p/p/p/p/p/%253/p/p/p/p/p/p/p/p/p/p/p/p/p/p/p/p/p/p/p/p/p/p/thumbnails/page/1 HTTP/1.1" 200 44078 tumiapps.com "-" "Mozilla/5.0 (compatible; MJ12bot/v1.4.8; http://mj12bot.com/)" "-"
65.108.78.0 - - [07/Sep/2023:06:53:24 +0200] "GET /productos-aplicaciones-tumiapps/nggallery/p/p/p/p/p/p/p/p/p/p/p/%253/p/p/p/p/p/p/p/p/p/p/p/p/p/p/p/p/p/p/p/p/p/p/thumbnails/page/2 HTTP/1.1" 200 28174 tumiapps.com "-" "Mozilla/5.0 (compatible; MJ12bot/v1.4.8; http://mj12bot.com/)" "-"
65.108.78.0 - - [07/Sep/2023:06:53:26 +0200] "GET /productos-aplicaciones-tumiapps/nggallery/p/p/p/p/p/p/p/p/p/p/p/%253/p/p/p/p/p/p/p/p/p/p/p/p/p/p/p/p/p/p/p/p/p/page/1 HTTP/1.1" 200 44050 tumiapps.com "-" "Mozilla/5.0 (compatible; MJ12bot/v1.4.8; http://mj12bot.com/)" "-"
65.108.78.0 - - [07/Sep/2023:06:53:29 +0200] "GET /productos-aplicaciones-tumiapps/nggallery/p/p/p/p/p/p/p/p/p/p/p/%253/p/p/p/p/p/p/p/p/p/p/p/p/p/p/p/p/p/p/p/p/p/page/1/slideshow HTTP/1.1" 200 33736 tumiapps.com "-" "Mozilla/5.0 (compatible; MJ12bot/v1.4.8; http://mj12bot.com/)" "-"
65.108.78.0 - - [07/Sep/2023:06:53:31 +0200] "GET /productos-aplicaciones-tumiapps/nggallery/p/p/p/p/p/p/p/p/p/p/p/%253/p/p/p/p/p/p/p/p/p/p/p/p/p/p/p/p/p/p/p/p/p/page/2 HTTP/1.1" 200 28146 tumiapps.com "-" "Mozilla/5.0 (compatible; MJ12bot/v1.4.8; http://mj12bot.com/)" "-"
65.108.78.0 - - [07/Sep/2023:06:53:33 +0200] "GET /productos-aplicaciones-tumiapps/nggallery/p/p/p/p/p/p/p/p/p/p/p/%253/p/p/p/p/p/p/p/p/p/p/p/p/p/p/p/p/p/p/p/p/p/page/2/slideshow HTTP/1.1" 200 33736 tumiapps.com "-" "Mozilla/5.0 (compatible; MJ12bot/v1.4.8; http://mj12bot.com/)" "-"
65.108.78.0 - - [07/Sep/2023:06:53:36 +0200] "GET /productos-aplicaciones-tumiapps/nggallery/p/p/p/p/p/p/p/p/p/p/p/%253/p/p/p/p/p/p/p/p/p/p/p/p/p/p/p/p/p/p/p/p/p/thumbnails/p/p/page/1 HTTP/1.1" 200 44084 tumiapps.com "-" "Mozilla/5.0 (compatible; MJ12bot/v1.4.8; http://mj12bot.com/)" "-"
65.108.78.0 - - [07/Sep/2023:06:53:38 +0200] "GET /productos-aplicaciones-tumiapps/nggallery/p/p/p/p/p/p/p/p/p/p/p/%253/p/p/p/p/p/p/p/p/p/p/p/p/p/p/p/p/p/p/p/p/p/thumbnails/p/p/page/2 HTTP/1.1" 200 28180 tumiapps.com "-" "Mozilla/5.0 (compatible; MJ12bot/v1.4.8; http://mj12bot.com/)" "-"
65.108.78.0 - - [07/Sep/2023:06:53:40 +0200] "GET /productos-aplicaciones-tumiapps/nggallery/p/p/p/p/p/p/p/p/p/p/p/%253/p/p/p/p/p/p/p/p/p/p/p/p/p/p/p/p/p/p/p/p/p/thumbnails/p/page/1 HTTP/1.1" 200 44078 tumiapps.com "-" "Mozilla/5.0 (compatible; MJ12bot/v1.4.8; http://mj12bot.com/)" "-"
65.108.78.0 - - [07/Sep/2023:06:53:42 +0200] "GET /productos-aplicaciones-tumiapps/nggallery/p/p/p/p/p/p/p/p/p/p/p/%253/p/p/p/p/p/p/p/p/p/p/p/p/p/p/p/p/p/p/p/p/p/thumbnails/p/page/2 HTTP/1.1" 200 28174 tumiapps.com "-" "Mozilla/5.0 (compatible; MJ12bot/v1.4.8; http://mj12bot.com/)" "-"
65.108.78.0 - - [07/Sep/2023:06:53:44 +0200] "GET /productos-aplicaciones-tumiapps/nggallery/p/p/p/p/p/p/p/p/p/p/p/%253/p/p/p/p/p/p/p/p/p/p/p/p/p/p/p/p/p/p/p/p/p/thumbnails/page/1 HTTP/1.1" 200 44072 tumiapps.com "-" "Mozilla/5.0 (compatible; MJ12bot/v1.4.8; http://mj12bot.com/)" "-"
65.108.78.0 - - [07/Sep/2023:06:53:47 +0200] "GET /productos-aplicaciones-tumiapps/nggallery/p/p/p/p/p/p/p/p/p/p/p/%253/p/p/p/p/p/p/p/p/p/p/p/p/p/p/p/p/p/p/p/p/p/thumbnails/page/2 HTTP/1.1" 200 28168 tumiapps.com "-" "Mozilla/5.0 (compatible; MJ12bot/v1.4.8; http://mj12bot.com/)" "-"
65.108.78.0 - - [07/Sep/2023:06:53:49 +0200] "GET /productos-aplicaciones-tumiapps/nggallery/p/p/p/p/p/p/p/p/p/p/p/%253/p/p/p/p/p/p/p/p/p/p/p/p/p/p/p/p/p/p/p/p/page/1/p/p/slideshow HTTP/1.1" 200 33743 tumiapps.com "-" "Mozilla/5.0 (compatible; MJ12bot/v1.4.8; http://mj12bot.com/)" "-"
65.108.78.0 - - [07/Sep/2023:06:53:51 +0200] "GET /productos-aplicaciones-tumiapps/nggallery/p/p/p/p/p/p/p/p/p/p/p/%253/p/p/p/p/p/p/p/p/p/p/p/p/p/p/p/p/p/p/p/p/page/1/p/slideshow HTTP/1.1" 200 33741 tumiapps.com "-" "Mozilla/5.0 (compatible; MJ12bot/v1.4.8; http://mj12bot.com/)" "-"
65.108.78.0 - - [07/Sep/2023:06:53:53 +0200] "GET /productos-aplicaciones-tumiapps/nggallery/p/p/p/p/p/p/p/p/p/p/p/%253/p/p/p/p/p/p/p/p/p/p/p/p/p/p/p/p/p/p/p/p/page/p/p/slideshow HTTP/1.1" 200 33741 tumiapps.com "-" "Mozilla/5.0 (compatible; MJ12bot/v1.4.8; http://mj12bot.com/)" "-"
65.108.78.0 - - [07/Sep/2023:06:53:55 +0200] "GET /productos-aplicaciones-tumiapps/nggallery/p/p/p/p/p/p/p/p/p/p/p/%253/p/p/p/p/p/p/p/p/p/p/p/p/p/p/p/p/p/p/p/p/page/p/slideshow HTTP/1.1" 200 33739 tumiapps.com "-" "Mozilla/5.0 (compatible; MJ12bot/v1.4.8; http://mj12bot.com/)" "-"
