82.165.83.0 - - [07/Sep/2023:02:56:17 +0200] "POST /wp-cron.php?doing_wp_cron=1694048177.3436579704284667968750 HTTP/1.1" 200 - tumiapps.com "http://tumiapps.com/wp-cron.php?doing_wp_cron=1694048177.3436579704284667968750" "WordPress/4.7.26; http://tumiapps.com" "-"
50.212.82.0 - - [07/Sep/2023:02:56:18 +0200] "POST / HTTP/1.1" 200 396 tumiapps.com "http://tumiapps.com/" "Mozilla/5.0 (Windows NT 6.3; Win64; x64) AppleWebKit/537.36 (KHTML, like Gecko) Chrome/90.0.4430.85 Safari/537.36 Edg/90.0.818.49" "-"
82.165.83.0 - - [07/Sep/2023:03:00:02 +0200] "GET /api/v1/public/cron/empresa/documentoscaducados HTTP/1.1" 200 129 app.fincatech.es "-" "Wget/1.20.1 (linux-gnu)" "-"
65.108.227.0 - - [07/Sep/2023:03:03:16 +0200] "GET /robots.txt HTTP/1.1" 200 67 tumiapps.com "-" "Mozilla/5.0 (compatible; MJ12bot/v1.4.8; http://mj12bot.com/)" "-"
82.165.83.0 - - [07/Sep/2023:03:03:17 +0200] "POST /wp-cron.php?doing_wp_cron=1694048597.1036379337310791015625 HTTP/1.1" 200 - tumiapps.com "http://tumiapps.com/wp-cron.php?doing_wp_cron=1694048597.1036379337310791015625" "WordPress/4.7.26; http://tumiapps.com" "-"
65.108.227.0 - - [07/Sep/2023:03:03:19 +0200] "GET /productos-aplicaciones-tumiapps/nggallery/p/p/p/p/p/%25/p/p/p/p/p/p/thumbnails/p//p/page/2 HTTP/1.1" 200 28051 tumiapps.com "-" "Mozilla/5.0 (compatible; MJ12bot/v1.4.8; http://mj12bot.com/)" "-"
65.108.227.0 - - [07/Sep/2023:03:03:21 +0200] "GET /productos-aplicaciones-tumiapps/nggallery/p/p/p/p/p/%25/p/p/p/p/p/p/thumbnails/p/p/page/1 HTTP/1.1" 200 43955 tumiapps.com "-" "Mozilla/5.0 (compatible; MJ12bot/v1.4.8; http://mj12bot.com/)" "-"
65.108.227.0 - - [07/Sep/2023:03:03:23 +0200] "GET /productos-aplicaciones-tumiapps/nggallery/p/p/p/p/p/%25/p/p/p/p/p/p/thumbnails/p/p/page/2 HTTP/1.1" 200 28051 tumiapps.com "-" "Mozilla/5.0 (compatible; MJ12bot/v1.4.8; http://mj12bot.com/)" "-"
66.229.188.0 - - [07/Sep/2023:03:03:24 +0200] "GET / HTTP/1.1" 200 33597 tumiapps.com "http://tumiapps.com/" "Mozilla/5.0 (Windows NT 6.1; WOW64) AppleWebKit/537.36 (KHTML, like Gecko) Chrome/90.0.4430.93 Safari/537.36" "-"
65.108.227.0 - - [07/Sep/2023:03:03:25 +0200] "GET /productos-aplicaciones-tumiapps/nggallery/p/p/p/p/p/%25/p/p/p/p/p/p/thumbnails/p/page/1 HTTP/1.1" 200 43949 tumiapps.com "-" "Mozilla/5.0 (compatible; MJ12bot/v1.4.8; http://mj12bot.com/)" "-"
66.229.188.0 - - [07/Sep/2023:03:03:26 +0200] "POST / HTTP/1.1" 200 396 tumiapps.com "http://tumiapps.com/" "Mozilla/5.0 (Windows NT 6.1; WOW64) AppleWebKit/537.36 (KHTML, like Gecko) Chrome/90.0.4430.93 Safari/537.36" "-"
65.108.227.0 - - [07/Sep/2023:03:03:27 +0200] "GET /productos-aplicaciones-tumiapps/nggallery/p/p/p/p/p/%25/p/p/p/p/p/p/thumbnails/p/page/2 HTTP/1.1" 200 28045 tumiapps.com "-" "Mozilla/5.0 (compatible; MJ12bot/v1.4.8; http://mj12bot.com/)" "-"
65.108.227.0 - - [07/Sep/2023:03:03:29 +0200] "GET /productos-aplicaciones-tumiapps/nggallery/p/p/p/p/p/%25/p/p/p/p/p/page/1//p/slideshow HTTP/1.1" 200 33698 tumiapps.com "-" "Mozilla/5.0 (compatible; MJ12bot/v1.4.8; http://mj12bot.com/)" "-"
65.108.227.0 - - [07/Sep/2023:03:03:32 +0200] "GET /productos-aplicaciones-tumiapps/nggallery/p/p/p/p/p/%25/p/p/p/p/p/page/1/p//p/slideshow HTTP/1.1" 200 33700 tumiapps.com "-" "Mozilla/5.0 (compatible; MJ12bot/v1.4.8; http://mj12bot.com/)" "-"
65.108.227.0 - - [07/Sep/2023:03:03:34 +0200] "GET /productos-aplicaciones-tumiapps/nggallery/p/p/p/p/p/%25/p/p/p/p/p/page/1/p/p//p/slideshow HTTP/1.1" 200 33697 tumiapps.com "-" "Mozilla/5.0 (compatible; MJ12bot/v1.4.8; http://mj12bot.com/)" "-"
65.108.227.0 - - [07/Sep/2023:03:03:36 +0200] "GET /productos-aplicaciones-tumiapps/nggallery/p/p/p/p/p/%25/p/p/p/p/p/page/1/p/p/p//p/slideshow HTTP/1.1" 200 33704 tumiapps.com "-" "Mozilla/5.0 (compatible; MJ12bot/v1.4.8; http://mj12bot.com/)" "-"
65.108.227.0 - - [07/Sep/2023:03:03:38 +0200] "GET /productos-aplicaciones-tumiapps/nggallery/p/p/p/p/p/%25/p/p/p/p/p/page/1/p/p/p/p/p/slideshow HTTP/1.1" 200 33701 tumiapps.com "-" "Mozilla/5.0 (compatible; MJ12bot/v1.4.8; http://mj12bot.com/)" "-"
65.108.227.0 - - [07/Sep/2023:03:03:40 +0200] "GET /productos-aplicaciones-tumiapps/nggallery/p/p/p/p/p/%25/p/p/p/p/p/page/1/p/p/p/p/slideshow HTTP/1.1" 200 33699 tumiapps.com "-" "Mozilla/5.0 (compatible; MJ12bot/v1.4.8; http://mj12bot.com/)" "-"
65.108.227.0 - - [07/Sep/2023:03:03:42 +0200] "GET /productos-aplicaciones-tumiapps/nggallery/p/p/p/p/p/%25/p/p/p/p/p/page/1/p/p/p/slideshow HTTP/1.1" 200 33697 tumiapps.com "-" "Mozilla/5.0 (compatible; MJ12bot/v1.4.8; http://mj12bot.com/)" "-"
65.108.227.0 - - [07/Sep/2023:03:03:44 +0200] "GET /productos-aplicaciones-tumiapps/nggallery/p/p/p/p/p/%25/p/p/p/p/p/page/1/p/p/slideshow HTTP/1.1" 200 33700 tumiapps.com "-" "Mozilla/5.0 (compatible; MJ12bot/v1.4.8; http://mj12bot.com/)" "-"
65.108.227.0 - - [07/Sep/2023:03:03:46 +0200] "GET /productos-aplicaciones-tumiapps/nggallery/p/p/p/p/p/%25/p/p/p/p/p/page/2/p/p/p/p/p/slideshow HTTP/1.1" 200 33706 tumiapps.com "-" "Mozilla/5.0 (compatible; MJ12bot/v1.4.8; http://mj12bot.com/)" "-"
65.108.227.0 - - [07/Sep/2023:03:03:49 +0200] "GET /productos-aplicaciones-tumiapps/nggallery/p/p/p/p/p/%25/p/p/p/p/p/page/2/p/p/p/p/slideshow HTTP/1.1" 200 33699 tumiapps.com "-" "Mozilla/5.0 (compatible; MJ12bot/v1.4.8; http://mj12bot.com/)" "-"
65.108.227.0 - - [07/Sep/2023:03:03:51 +0200] "GET /productos-aplicaciones-tumiapps/nggallery/p/p/p/p/p/%25/p/p/p/p/p/page/p/p//p/slideshow HTTP/1.1" 200 33695 tumiapps.com "-" "Mozilla/5.0 (compatible; MJ12bot/v1.4.8; http://mj12bot.com/)" "-"
65.108.227.0 - - [07/Sep/2023:03:03:53 +0200] "GET /productos-aplicaciones-tumiapps/nggallery/p/p/p/p/p/%25/p/p/p/p/p/page/p/p/p//p/slideshow HTTP/1.1" 200 33697 tumiapps.com "-" "Mozilla/5.0 (compatible; MJ12bot/v1.4.8; http://mj12bot.com/)" "-"
65.108.227.0 - - [07/Sep/2023:03:03:55 +0200] "GET /productos-aplicaciones-tumiapps/nggallery/p/p/p/p/p/%25/p/p/p/p/p/page/p/p/p/p/p/slideshow HTTP/1.1" 200 33699 tumiapps.com "-" "Mozilla/5.0 (compatible; MJ12bot/v1.4.8; http://mj12bot.com/)" "-"
65.108.227.0 - - [07/Sep/2023:03:03:57 +0200] "GET /productos-aplicaciones-tumiapps/nggallery/p/p/p/p/p/%25/p/p/p/p/p/page/p/p/slideshow HTTP/1.1" 200 33693 tumiapps.com "-" "Mozilla/5.0 (compatible; MJ12bot/v1.4.8; http://mj12bot.com/)" "-"
65.108.227.0 - - [07/Sep/2023:03:03:59 +0200] "GET /productos-aplicaciones-tumiapps/nggallery/p/p/p/p/p/%25/p/p/p/p/p/page/p/slideshow HTTP/1.1" 200 33696 tumiapps.com "-" "Mozilla/5.0 (compatible; MJ12bot/v1.4.8; http://mj12bot.com/)" "-"
82.165.83.0 - - [07/Sep/2023:03:04:00 +0200] "POST /wp-cron.php?doing_wp_cron=1694048640.1826291084289550781250 HTTP/1.1" 200 - tumiapps.com "http://tumiapps.com/wp-cron.php?doing_wp_cron=1694048640.1826291084289550781250" "WordPress/4.7.26; http://tumiapps.com" "-"
65.108.227.0 - - [07/Sep/2023:03:04:02 +0200] "GET /productos-aplicaciones-tumiapps/nggallery/p/p/p/p/p/%25/p/p/p/p/p/thumbnails//p/page/1 HTTP/1.1" 200 43943 tumiapps.com "-" "Mozilla/5.0 (compatible; MJ12bot/v1.4.8; http://mj12bot.com/)" "-"
35.203.253.0 - - [07/Sep/2023:03:04:03 +0200] "HEAD / HTTP/1.1" 200 - tumiapps.com "-" "Mozilla/5.0 (Macintosh; Intel Mac OS X 10_15_7) AppleWebKit/537.36 (KHTML, like Gecko) Chrome/100.0.4896.60 Safari/537.36" "-"
65.108.227.0 - - [07/Sep/2023:03:04:04 +0200] "GET /productos-aplicaciones-tumiapps/nggallery/p/p/p/p/p/%25/p/p/p/p/page/1 HTTP/1.1" 200 43909 tumiapps.com "-" "Mozilla/5.0 (compatible; MJ12bot/v1.4.8; http://mj12bot.com/)" "-"
65.108.227.0 - - [07/Sep/2023:03:04:06 +0200] "GET /productos-aplicaciones-tumiapps/nggallery/p/p/p/p/p/%25/p/p/p/p/page/2/p//p/slideshow HTTP/1.1" 200 33698 tumiapps.com "-" "Mozilla/5.0 (compatible; MJ12bot/v1.4.8; http://mj12bot.com/)" "-"
65.108.227.0 - - [07/Sep/2023:03:04:08 +0200] "GET /productos-aplicaciones-tumiapps/nggallery/p/p/p/p/p/%25/p/p/p/p/page/2/p/p//p/slideshow HTTP/1.1" 200 33700 tumiapps.com "-" "Mozilla/5.0 (compatible; MJ12bot/v1.4.8; http://mj12bot.com/)" "-"
65.108.227.0 - - [07/Sep/2023:03:04:10 +0200] "GET /productos-aplicaciones-tumiapps/nggallery/p/p/p/p/p/%25/p/p/p/p/page/2/p/p/p//p/slideshow HTTP/1.1" 200 33702 tumiapps.com "-" "Mozilla/5.0 (compatible; MJ12bot/v1.4.8; http://mj12bot.com/)" "-"
65.108.227.0 - - [07/Sep/2023:03:04:12 +0200] "GET /productos-aplicaciones-tumiapps/nggallery/p/p/p/p/p/%25/p/p/p/p/page/2/p/p/p/p//p/slideshow HTTP/1.1" 200 33704 tumiapps.com "-" "Mozilla/5.0 (compatible; MJ12bot/v1.4.8; http://mj12bot.com/)" "-"
65.108.227.0 - - [07/Sep/2023:03:04:14 +0200] "GET /productos-aplicaciones-tumiapps/nggallery/p/p/p/p/p/%25/p/p/p/p/page/2/p/p/p/p/p/p/slideshow HTTP/1.1" 200 33706 tumiapps.com "-" "Mozilla/5.0 (compatible; MJ12bot/v1.4.8; http://mj12bot.com/)" "-"
65.108.227.0 - - [07/Sep/2023:03:04:16 +0200] "GET /productos-aplicaciones-tumiapps/nggallery/p/p/p/p/p/%25/p/p/p/p/page/2/p/p/p/p/p/slideshow HTTP/1.1" 200 33704 tumiapps.com "-" "Mozilla/5.0 (compatible; MJ12bot/v1.4.8; http://mj12bot.com/)" "-"
65.108.227.0 - - [07/Sep/2023:03:04:18 +0200] "GET /productos-aplicaciones-tumiapps/nggallery/p/p/p/p/p/%25/p/p/p/p/page/2/p/p/p/slideshow HTTP/1.1" 200 33685 tumiapps.com "-" "Mozilla/5.0 (compatible; MJ12bot/v1.4.8; http://mj12bot.com/)" "-"
65.108.227.0 - - [07/Sep/2023:03:04:20 +0200] "GET /productos-aplicaciones-tumiapps/nggallery/p/p/p/p/p/%25/p/p/p/p/thumbnails/p/p/p/page/1 HTTP/1.1" 200 43949 tumiapps.com "-" "Mozilla/5.0 (compatible; MJ12bot/v1.4.8; http://mj12bot.com/)" "-"
65.108.227.0 - - [07/Sep/2023:03:04:23 +0200] "GET /productos-aplicaciones-tumiapps/nggallery/p/p/p/p/p/%25/p/p/p/p/thumbnails/p/p/p/page/2 HTTP/1.1" 200 28045 tumiapps.com "-" "Mozilla/5.0 (compatible; MJ12bot/v1.4.8; http://mj12bot.com/)" "-"
65.108.227.0 - - [07/Sep/2023:03:04:25 +0200] "GET /productos-aplicaciones-tumiapps/nggallery/p/p/p/p/p/%25/p/p/p/p/thumbnails/p/p/page/1 HTTP/1.1" 200 43943 tumiapps.com "-" "Mozilla/5.0 (compatible; MJ12bot/v1.4.8; http://mj12bot.com/)" "-"
65.108.227.0 - - [07/Sep/2023:03:04:27 +0200] "GET /productos-aplicaciones-tumiapps/nggallery/p/p/p/p/p/%25/p/p/p/p/thumbnails/p/p/page/2 HTTP/1.1" 200 28039 tumiapps.com "-" "Mozilla/5.0 (compatible; MJ12bot/v1.4.8; http://mj12bot.com/)" "-"
65.108.227.0 - - [07/Sep/2023:03:04:29 +0200] "GET /productos-aplicaciones-tumiapps/nggallery/p/p/p/p/p/%25/p/p/p/page/1 HTTP/1.1" 200 43903 tumiapps.com "-" "Mozilla/5.0 (compatible; MJ12bot/v1.4.8; http://mj12bot.com/)" "-"
65.108.227.0 - - [07/Sep/2023:03:04:31 +0200] "GET /productos-aplicaciones-tumiapps/nggallery/p/p/p/p/p/%25/p/p/p/page/2 HTTP/1.1" 200 27999 tumiapps.com "-" "Mozilla/5.0 (compatible; MJ12bot/v1.4.8; http://mj12bot.com/)" "-"
65.108.227.0 - - [07/Sep/2023:03:04:33 +0200] "GET /productos-aplicaciones-tumiapps/nggallery/p/p/p/p/p/%25/p/p/page/1 HTTP/1.1" 200 43897 tumiapps.com "-" "Mozilla/5.0 (compatible; MJ12bot/v1.4.8; http://mj12bot.com/)" "-"
65.108.227.0 - - [07/Sep/2023:03:04:35 +0200] "GET /productos-aplicaciones-tumiapps/nggallery/p/p/p/p/p/%25/p/p/page/2 HTTP/1.1" 200 27993 tumiapps.com "-" "Mozilla/5.0 (compatible; MJ12bot/v1.4.8; http://mj12bot.com/)" "-"
65.108.227.0 - - [07/Sep/2023:03:04:37 +0200] "GET /productos-aplicaciones-tumiapps/nggallery/p/p/p/p/p/%25/p/page/1 HTTP/1.1" 200 43891 tumiapps.com "-" "Mozilla/5.0 (compatible; MJ12bot/v1.4.8; http://mj12bot.com/)" "-"
65.108.227.0 - - [07/Sep/2023:03:04:39 +0200] "GET /productos-aplicaciones-tumiapps/nggallery/p/p/p/p/p/%25/p/page/2 HTTP/1.1" 200 27987 tumiapps.com "-" "Mozilla/5.0 (compatible; MJ12bot/v1.4.8; http://mj12bot.com/)" "-"
65.108.227.0 - - [07/Sep/2023:03:04:41 +0200] "GET /productos-aplicaciones-tumiapps/nggallery/p/p/p/p/p/%25/p/page/p/p/slideshow HTTP/1.1" 200 33690 tumiapps.com "-" "Mozilla/5.0 (compatible; MJ12bot/v1.4.8; http://mj12bot.com/)" "-"
65.108.227.0 - - [07/Sep/2023:03:04:43 +0200] "GET /productos-aplicaciones-tumiapps/nggallery/p/p/p/p/p/%25/page/1//p/slideshow HTTP/1.1" 200 33688 tumiapps.com "-" "Mozilla/5.0 (compatible; MJ12bot/v1.4.8; http://mj12bot.com/)" "-"
65.108.227.0 - - [07/Sep/2023:03:04:45 +0200] "GET /productos-aplicaciones-tumiapps/nggallery/p/p/p/p/p/%25/page/1/p/p/p/p/slideshow HTTP/1.1" 200 33689 tumiapps.com "-" "Mozilla/5.0 (compatible; MJ12bot/v1.4.8; http://mj12bot.com/)" "-"
65.108.227.0 - - [07/Sep/2023:03:04:48 +0200] "GET /productos-aplicaciones-tumiapps/nggallery/p/p/p/p/p/%25/page/1/p/p/p/slideshow HTTP/1.1" 200 33692 tumiapps.com "-" "Mozilla/5.0 (compatible; MJ12bot/v1.4.8; http://mj12bot.com/)" "-"
65.108.227.0 - - [07/Sep/2023:03:04:50 +0200] "GET /productos-aplicaciones-tumiapps/nggallery/p/p/p/p/p/%25/page/2/p/p/p/p/slideshow HTTP/1.1" 200 33689 tumiapps.com "-" "Mozilla/5.0 (compatible; MJ12bot/v1.4.8; http://mj12bot.com/)" "-"
65.108.227.0 - - [07/Sep/2023:03:04:52 +0200] "GET /productos-aplicaciones-tumiapps/nggallery/p/p/p/p/p/%253/p/p/p/p/p/p/p/p/p/p/p/p/p/p/p/page/p/slideshow HTTP/1.1" 200 33712 tumiapps.com "-" "Mozilla/5.0 (compatible; MJ12bot/v1.4.8; http://mj12bot.com/)" "-"
65.108.227.0 - - [07/Sep/2023:03:04:54 +0200] "GET /productos-aplicaciones-tumiapps/nggallery/p/p/p/p/p/%253/p/p/p/p/p/p/p/p/p/p/p/p/p/p/page/p/slideshow HTTP/1.1" 200 33710 tumiapps.com "-" "Mozilla/5.0 (compatible; MJ12bot/v1.4.8; http://mj12bot.com/)" "-"
65.108.227.0 - - [07/Sep/2023:03:04:56 +0200] "GET /productos-aplicaciones-tumiapps/nggallery/p/p/p/p/p/%253/p/p/p/p/p/p/p/p/p/p/p/p/p/page/1/p/p/p/slideshow HTTP/1.1" 200 33719 tumiapps.com "-" "Mozilla/5.0 (compatible; MJ12bot/v1.4.8; http://mj12bot.com/)" "-"
65.108.227.0 - - [07/Sep/2023:03:04:58 +0200] "GET /productos-aplicaciones-tumiapps/nggallery/p/p/p/p/p/%253/p/p/p/p/p/p/p/p/p/p/p/p/p/page/1/p/p/slideshow HTTP/1.1" 200 33717 tumiapps.com "-" "Mozilla/5.0 (compatible; MJ12bot/v1.4.8; http://mj12bot.com/)" "-"
82.165.83.0 - - [07/Sep/2023:03:04:59 +0200] "POST /wp-cron.php?doing_wp_cron=1694048699.2105739116668701171875 HTTP/1.1" 200 - tumiapps.com "http://tumiapps.com/wp-cron.php?doing_wp_cron=1694048699.2105739116668701171875" "WordPress/4.7.26; http://tumiapps.com" "-"
65.108.227.0 - - [07/Sep/2023:03:05:01 +0200] "GET /productos-aplicaciones-tumiapps/nggallery/p/p/p/p/p/%253/p/p/p/p/p/p/p/p/p/p/p/p/p/page/2/p/p/p/slideshow HTTP/1.1" 200 33714 tumiapps.com "-" "Mozilla/5.0 (compatible; MJ12bot/v1.4.8; http://mj12bot.com/)" "-"
65.108.227.0 - - [07/Sep/2023:03:05:04 +0200] "GET /productos-aplicaciones-tumiapps/nggallery/p/p/p/p/p/%253/p/p/p/p/p/p/p/p/p/p/p/p/p/thumbnails/p//p/page/1 HTTP/1.1" 200 44000 tumiapps.com "-" "Mozilla/5.0 (compatible; MJ12bot/v1.4.8; http://mj12bot.com/)" "-"
65.108.227.0 - - [07/Sep/2023:03:05:06 +0200] "GET /productos-aplicaciones-tumiapps/nggallery/p/p/p/p/p/%253/p/p/p/p/p/p/p/p/p/p/p/p/p/thumbnails/p//p/page/2 HTTP/1.1" 200 28096 tumiapps.com "-" "Mozilla/5.0 (compatible; MJ12bot/v1.4.8; http://mj12bot.com/)" "-"
65.108.227.0 - - [07/Sep/2023:03:05:08 +0200] "GET /productos-aplicaciones-tumiapps/nggallery/p/p/p/p/p/%253/p/p/p/p/p/p/p/p/p/p/p/page/1/p/slideshow HTTP/1.1" 200 33711 tumiapps.com "-" "Mozilla/5.0 (compatible; MJ12bot/v1.4.8; http://mj12bot.com/)" "-"
65.108.227.0 - - [07/Sep/2023:03:05:10 +0200] "GET /productos-aplicaciones-tumiapps/nggallery/p/p/p/p/p/%253/p/p/p/p/p/p/p/p/p/p/p/page/2/p/p/p//p/slideshow HTTP/1.1" 200 33717 tumiapps.com "-" "Mozilla/5.0 (compatible; MJ12bot/v1.4.8; http://mj12bot.com/)" "-"
65.108.227.0 - - [07/Sep/2023:03:05:13 +0200] "GET /productos-aplicaciones-tumiapps/nggallery/p/p/p/p/p/%253/p/p/p/p/page/p/p/p/p/p/p/p/p/p/p/p/p/slideshow HTTP/1.1" 200 33717 tumiapps.com "-" "Mozilla/5.0 (compatible; MJ12bot/v1.4.8; http://mj12bot.com/)" "-"
65.108.227.0 - - [07/Sep/2023:03:05:15 +0200] "GET /productos-aplicaciones-tumiapps/nggallery/p/p/p/p/p/%253/p/p/p/p/page/p/p/p/p/p/p/p/slideshow HTTP/1.1" 200 33697 tumiapps.com "-" "Mozilla/5.0 (compatible; MJ12bot/v1.4.8; http://mj12bot.com/)" "-"
65.108.227.0 - - [07/Sep/2023:03:05:17 +0200] "GET /productos-aplicaciones-tumiapps/nggallery/p/p/p/p/p/%253/p/p/p/p/page/p/p/slideshow HTTP/1.1" 200 33692 tumiapps.com "-" "Mozilla/5.0 (compatible; MJ12bot/v1.4.8; http://mj12bot.com/)" "-"
65.108.227.0 - - [07/Sep/2023:03:05:19 +0200] "GET /productos-aplicaciones-tumiapps/nggallery/p/p/p/p/p/%253/p/p/p/p/thumbnails/p/p//p/page/2 HTTP/1.1" 200 28048 tumiapps.com "-" "Mozilla/5.0 (compatible; MJ12bot/v1.4.8; http://mj12bot.com/)" "-"
65.108.227.0 - - [07/Sep/2023:03:05:21 +0200] "GET /productos-aplicaciones-tumiapps/nggallery/p/p/p/p/p/%253/p/p/p/page/1/p/p/p/p/p/p//p/slideshow HTTP/1.1" 200 33702 tumiapps.com "-" "Mozilla/5.0 (compatible; MJ12bot/v1.4.8; http://mj12bot.com/)" "-"
65.108.227.0 - - [07/Sep/2023:03:05:23 +0200] "GET /productos-aplicaciones-tumiapps/nggallery/p/p/p/p/p/%253/p/p/p/page/1/p/p/slideshow HTTP/1.1" 200 33697 tumiapps.com "-" "Mozilla/5.0 (compatible; MJ12bot/v1.4.8; http://mj12bot.com/)" "-"
65.108.227.0 - - [07/Sep/2023:03:05:25 +0200] "GET /productos-aplicaciones-tumiapps/nggallery/p/p/p/p/p/%253/p/p/p/page/1/p/slideshow HTTP/1.1" 200 33695 tumiapps.com "-" "Mozilla/5.0 (compatible; MJ12bot/v1.4.8; http://mj12bot.com/)" "-"
65.108.227.0 - - [07/Sep/2023:03:05:27 +0200] "GET /productos-aplicaciones-tumiapps/nggallery/p/p/p/p/p/%253/p/p/p/page/2/p/p/p/p//p/slideshow HTTP/1.1" 200 33698 tumiapps.com "-" "Mozilla/5.0 (compatible; MJ12bot/v1.4.8; http://mj12bot.com/)" "-"
65.108.227.0 - - [07/Sep/2023:03:05:29 +0200] "GET /productos-aplicaciones-tumiapps/nggallery/p/p/p/p/p/%253/p/p/p/page/2/p/p/p/p/p/p/p/p/p/p/slideshow HTTP/1.1" 200 33713 tumiapps.com "-" "Mozilla/5.0 (compatible; MJ12bot/v1.4.8; http://mj12bot.com/)" "-"
65.108.227.0 - - [07/Sep/2023:03:05:31 +0200] "GET /productos-aplicaciones-tumiapps/nggallery/p/p/p/p/p/%253/p/p/p/page/2/p/slideshow HTTP/1.1" 200 33690 tumiapps.com "-" "Mozilla/5.0 (compatible; MJ12bot/v1.4.8; http://mj12bot.com/)" "-"
65.108.227.0 - - [07/Sep/2023:03:05:33 +0200] "GET /productos-aplicaciones-tumiapps/nggallery/p/p/p/p/p/%253/p/p/p/page/p//p/slideshow HTTP/1.1" 200 33690 tumiapps.com "-" "Mozilla/5.0 (compatible; MJ12bot/v1.4.8; http://mj12bot.com/)" "-"
65.108.227.0 - - [07/Sep/2023:03:05:36 +0200] "GET /productos-aplicaciones-tumiapps/nggallery/p/p/p/p/p/%253/p/p/p/page/p/p/p/p/p/slideshow HTTP/1.1" 200 33696 tumiapps.com "-" "Mozilla/5.0 (compatible; MJ12bot/v1.4.8; http://mj12bot.com/)" "-"
65.108.227.0 - - [07/Sep/2023:03:05:38 +0200] "GET /productos-aplicaciones-tumiapps/nggallery/p/p/p/p/p/%253/p/p/p/page/p/p/p/p/slideshow HTTP/1.1" 200 33694 tumiapps.com "-" "Mozilla/5.0 (compatible; MJ12bot/v1.4.8; http://mj12bot.com/)" "-"
65.108.227.0 - - [07/Sep/2023:03:05:40 +0200] "GET /productos-aplicaciones-tumiapps/nggallery/p/p/p/p/p/%253/p/p/p/page/p/p/slideshow HTTP/1.1" 200 33695 tumiapps.com "-" "Mozilla/5.0 (compatible; MJ12bot/v1.4.8; http://mj12bot.com/)" "-"
65.108.227.0 - - [07/Sep/2023:03:05:42 +0200] "GET /productos-aplicaciones-tumiapps/nggallery/p/p/p/p/p/%253/p/p/page/1/p/p//p/slideshow HTTP/1.1" 200 33697 tumiapps.com "-" "Mozilla/5.0 (compatible; MJ12bot/v1.4.8; http://mj12bot.com/)" "-"
65.108.227.0 - - [07/Sep/2023:03:05:44 +0200] "GET /productos-aplicaciones-tumiapps/nggallery/p/p/p/p/p/%253/p/p/page/1/p/p/p//p/slideshow HTTP/1.1" 200 33699 tumiapps.com "-" "Mozilla/5.0 (compatible; MJ12bot/v1.4.8; http://mj12bot.com/)" "-"
65.108.227.0 - - [07/Sep/2023:03:05:46 +0200] "GET /productos-aplicaciones-tumiapps/nggallery/p/p/p/p/p/%253/p/p/page/1/p/p/p/p//p/slideshow HTTP/1.1" 200 33696 tumiapps.com "-" "Mozilla/5.0 (compatible; MJ12bot/v1.4.8; http://mj12bot.com/)" "-"
65.108.227.0 - - [07/Sep/2023:03:05:48 +0200] "GET /productos-aplicaciones-tumiapps/nggallery/p/p/p/p/p/%253/p/page/1/p/p/p/p/p/p/p/slideshow HTTP/1.1" 200 33698 tumiapps.com "-" "Mozilla/5.0 (compatible; MJ12bot/v1.4.8; http://mj12bot.com/)" "-"
65.108.227.0 - - [07/Sep/2023:03:05:50 +0200] "GET /productos-aplicaciones-tumiapps/nggallery/p/p/p/p/p/%253/p/page/p/p/slideshow HTTP/1.1" 200 33686 tumiapps.com "-" "Mozilla/5.0 (compatible; MJ12bot/v1.4.8; http://mj12bot.com/)" "-"
65.108.227.0 - - [07/Sep/2023:03:05:52 +0200] "GET /productos-aplicaciones-tumiapps/nggallery/p/p/p/p/p/%253/page/1//p/slideshow HTTP/1.1" 200 33684 tumiapps.com "-" "Mozilla/5.0 (compatible; MJ12bot/v1.4.8; http://mj12bot.com/)" "-"
82.165.83.0 - - [07/Sep/2023:03:05:53 +0200] "POST /wp-cron.php?doing_wp_cron=1694048753.3244268894195556640625 HTTP/1.1" 200 - tumiapps.com "http://tumiapps.com/wp-cron.php?doing_wp_cron=1694048753.3244268894195556640625" "WordPress/4.7.26; http://tumiapps.com" "-"
65.108.227.0 - - [07/Sep/2023:03:05:55 +0200] "GET /productos-aplicaciones-tumiapps/nggallery/p/p/p/p/p/%253/page/1/p/p/p/p/p/p/p/p/p/p/p/slideshow HTTP/1.1" 200 33709 tumiapps.com "-" "Mozilla/5.0 (compatible; MJ12bot/v1.4.8; http://mj12bot.com/)" "-"
101.68.211.0 - - [07/Sep/2023:03:05:55 +0200] "GET / HTTP/1.1" 302 - tucomunidad.tumiapps.com "-" "Mozilla/5.0 (Windows NT 6.1; WOW64) AppleWebKit/537.36 (KHTML, like Gecko) Chrome/63.0.3239.132 Safari/537.36 QIHU 360SE" "-"
65.108.227.0 - - [07/Sep/2023:03:05:57 +0200] "GET /productos-aplicaciones-tumiapps/nggallery/p/p/p/p/p/%253/page/1/p/p/p/p/p/p/p/p/p/slideshow HTTP/1.1" 200 33700 tumiapps.com "-" "Mozilla/5.0 (compatible; MJ12bot/v1.4.8; http://mj12bot.com/)" "-"
65.108.227.0 - - [07/Sep/2023:03:05:59 +0200] "GET /productos-aplicaciones-tumiapps/nggallery/p/p/p/p/p/%253/page/1/p/p/p/p/p/p/p/p/slideshow HTTP/1.1" 200 33698 tumiapps.com "-" "Mozilla/5.0 (compatible; MJ12bot/v1.4.8; http://mj12bot.com/)" "-"
82.165.83.0 - - [07/Sep/2023:03:06:00 +0200] "POST /wp-cron.php?doing_wp_cron=1694048760.2359349727630615234375 HTTP/1.1" 200 - tumiapps.com "http://tumiapps.com/wp-cron.php?doing_wp_cron=1694048760.2359349727630615234375" "WordPress/4.7.26; http://tumiapps.com" "-"
65.108.227.0 - - [07/Sep/2023:03:06:02 +0200] "GET /productos-aplicaciones-tumiapps/nggallery/p/p/p/p/p/%253/page/1/p/p/p/p/p/p/p/slideshow HTTP/1.1" 200 33701 tumiapps.com "-" "Mozilla/5.0 (compatible; MJ12bot/v1.4.8; http://mj12bot.com/)" "-"
65.108.227.0 - - [07/Sep/2023:03:06:04 +0200] "GET /productos-aplicaciones-tumiapps/nggallery/p/p/p/p/p/%253/page/1/p/p/p/p/p/p/slideshow HTTP/1.1" 200 33694 tumiapps.com "-" "Mozilla/5.0 (compatible; MJ12bot/v1.4.8; http://mj12bot.com/)" "-"
65.108.227.0 - - [07/Sep/2023:03:06:06 +0200] "GET /productos-aplicaciones-tumiapps/nggallery/p/p/p/p/p/%253/page/1/p/p/p/p/p/slideshow HTTP/1.1" 200 33697 tumiapps.com "-" "Mozilla/5.0 (compatible; MJ12bot/v1.4.8; http://mj12bot.com/)" "-"
65.108.227.0 - - [07/Sep/2023:03:06:08 +0200] "GET /productos-aplicaciones-tumiapps/nggallery/p/p/p/p/p/%253/page/1/p/p/p/p/slideshow HTTP/1.1" 200 33690 tumiapps.com "-" "Mozilla/5.0 (compatible; MJ12bot/v1.4.8; http://mj12bot.com/)" "-"
65.108.227.0 - - [07/Sep/2023:03:06:10 +0200] "GET /productos-aplicaciones-tumiapps/nggallery/p/p/p/p/p/%253/page/1/p/p/p/slideshow HTTP/1.1" 200 33693 tumiapps.com "-" "Mozilla/5.0 (compatible; MJ12bot/v1.4.8; http://mj12bot.com/)" "-"
65.108.227.0 - - [07/Sep/2023:03:06:12 +0200] "GET /productos-aplicaciones-tumiapps/nggallery/p/p/p/p/p/%253/page/1/p/p/slideshow HTTP/1.1" 200 33691 tumiapps.com "-" "Mozilla/5.0 (compatible; MJ12bot/v1.4.8; http://mj12bot.com/)" "-"
65.108.227.0 - - [07/Sep/2023:03:06:14 +0200] "GET /productos-aplicaciones-tumiapps/nggallery/p/p/p/p/p/%253/page/2/p/p/slideshow HTTP/1.1" 200 33691 tumiapps.com "-" "Mozilla/5.0 (compatible; MJ12bot/v1.4.8; http://mj12bot.com/)" "-"
65.108.227.0 - - [07/Sep/2023:03:06:17 +0200] "GET /productos-aplicaciones-tumiapps/nggallery/p/p/p/p/p/p/p/p/%25//p/page/2 HTTP/1.1" 200 28005 tumiapps.com "-" "Mozilla/5.0 (compatible; MJ12bot/v1.4.8; http://mj12bot.com/)" "-"
101.68.211.0 - - [07/Sep/2023:03:06:18 +0200] "GET /favicon.ico HTTP/1.1" 404 1271 tucomunidad.tumiapps.com "-" "Mozilla/5.0 (Windows NT 6.1; WOW64) AppleWebKit/537.36 (KHTML, like Gecko) Chrome/63.0.3239.132 Safari/537.36 QIHU 360SE" "-"
65.108.227.0 - - [07/Sep/2023:03:06:19 +0200] "GET /productos-aplicaciones-tumiapps/nggallery/p/p/p/p/p/p/p/p/%25/p//p/page/1 HTTP/1.1" 200 43915 tumiapps.com "-" "Mozilla/5.0 (compatible; MJ12bot/v1.4.8; http://mj12bot.com/)" "-"
65.108.227.0 - - [07/Sep/2023:03:06:21 +0200] "GET /productos-aplicaciones-tumiapps/nggallery/p/p/p/p/p/p/p/p/%25/p/p/p//p/page/2 HTTP/1.1" 200 28023 tumiapps.com "-" "Mozilla/5.0 (compatible; MJ12bot/v1.4.8; http://mj12bot.com/)" "-"
65.108.227.0 - - [07/Sep/2023:03:06:23 +0200] "GET /productos-aplicaciones-tumiapps/nggallery/p/p/p/p/p/p/p/p/%25/p/p/p/p/p/p/p/p/p/p/p/p/p/p/p/p/p/p/p/p/p/p/p/p/p/p/p/p/p/p/p/p/p/p/p/p/page/p/slideshow HTTP/1.1" 200 33759 tumiapps.com "-" "Mozilla/5.0 (compatible; MJ12bot/v1.4.8; http://mj12bot.com/)" "-"
65.108.227.0 - - [07/Sep/2023:03:06:25 +0200] "GET /productos-aplicaciones-tumiapps/nggallery/p/p/p/p/p/p/p/p/%25/p/p/p/p/p/p/p/p/p/p/p/p/p/p/p/p/p/p/p/p/p/p/p/p/p/p/p/p/p/p/p/p/p/p/p/page/2/p/slideshow HTTP/1.1" 200 33749 tumiapps.com "-" "Mozilla/5.0 (compatible; MJ12bot/v1.4.8; http://mj12bot.com/)" "-"
65.108.227.0 - - [07/Sep/2023:03:06:27 +0200] "GET /productos-aplicaciones-tumiapps/nggallery/p/p/p/p/p/p/p/p/%25/p/p/p/p/p/p/p/p/p/p/p/p/p/p/p/p/p/p/p/p/p/p/p/p/p/p/p/p/p/p/p/p/p/p/p/page/p/slideshow HTTP/1.1" 200 33757 tumiapps.com "-" "Mozilla/5.0 (compatible; MJ12bot/v1.4.8; http://mj12bot.com/)" "-"
65.108.227.0 - - [07/Sep/2023:03:06:29 +0200] "GET /productos-aplicaciones-tumiapps/nggallery/p/p/p/p/p/p/p/p/%25/p/p/p/p/p/p/p/p/p/p/p/p/p/p/p/p/p/p/p/p/p/p/p/p/p/p/p/p/p/p/p/p/p/p/page/p/p/p/slideshow HTTP/1.1" 200 33764 tumiapps.com "-" "Mozilla/5.0 (compatible; MJ12bot/v1.4.8; http://mj12bot.com/)" "-"
65.108.227.0 - - [07/Sep/2023:03:06:31 +0200] "GET /productos-aplicaciones-tumiapps/nggallery/p/p/p/p/p/p/p/p/%25/p/p/p/p/p/p/p/p/p/p/p/p/p/p/p/p/p/p/p/p/p/p/p/p/p/p/p/p/p/p/p/p/p/p/page/p/p/slideshow HTTP/1.1" 200 33762 tumiapps.com "-" "Mozilla/5.0 (compatible; MJ12bot/v1.4.8; http://mj12bot.com/)" "-"
65.108.227.0 - - [07/Sep/2023:03:06:33 +0200] "GET /productos-aplicaciones-tumiapps/nggallery/p/p/p/p/p/p/p/p/%25/p/p/p/p/p/p/p/p/p/p/p/p/p/p/p/p/p/p/p/p/p/p/p/p/p/p/p/p/p/p/p/p/p/p/page/p/slideshow HTTP/1.1" 200 33760 tumiapps.com "-" "Mozilla/5.0 (compatible; MJ12bot/v1.4.8; http://mj12bot.com/)" "-"
65.108.227.0 - - [07/Sep/2023:03:06:35 +0200] "GET /productos-aplicaciones-tumiapps/nggallery/p/p/p/p/p/p/p/p/%25/p/p/p/p/p/p/p/p/p/p/p/p/p/p/p/p/p/p/p/p/p/p/p/p/p/p/p/p/p/p/p/p/p/page/2/p/p/slideshow HTTP/1.1" 200 33757 tumiapps.com "-" "Mozilla/5.0 (compatible; MJ12bot/v1.4.8; http://mj12bot.com/)" "-"
65.108.227.0 - - [07/Sep/2023:03:06:38 +0200] "GET /productos-aplicaciones-tumiapps/nggallery/p/p/p/p/p/p/p/p/%25/p/p/p/p/p/p/p/p/p/p/p/p/p/p/p/p/p/p/p/p/p/p/p/p/p/p/p/p/p/p/p/p/page/1/p/p/p/slideshow HTTP/1.1" 200 33757 tumiapps.com "-" "Mozilla/5.0 (compatible; MJ12bot/v1.4.8; http://mj12bot.com/)" "-"
65.108.227.0 - - [07/Sep/2023:03:06:40 +0200] "GET /productos-aplicaciones-tumiapps/nggallery/p/p/p/p/p/p/p/p/%25/p/p/p/p/p/p/p/p/p/p/p/p/p/p/p/p/p/p/p/p/p/p/p/p/p/p/p/p/p/p/p/p/page/2/p/slideshow HTTP/1.1" 200 33753 tumiapps.com "-" "Mozilla/5.0 (compatible; MJ12bot/v1.4.8; http://mj12bot.com/)" "-"
65.108.227.0 - - [07/Sep/2023:03:06:42 +0200] "GET /productos-aplicaciones-tumiapps/nggallery/p/p/p/p/p/p/p/p/%25/p/p/p/p/p/p/p/p/p/p/p/p/p/p/p/p/p/p/p/p/p/p/p/p/p/p/p/p/p/p/p/p/page/p/p/slideshow HTTP/1.1" 200 33753 tumiapps.com "-" "Mozilla/5.0 (compatible; MJ12bot/v1.4.8; http://mj12bot.com/)" "-"
65.108.227.0 - - [07/Sep/2023:03:06:44 +0200] "GET /productos-aplicaciones-tumiapps/nggallery/p/p/p/p/p/p/p/p/%25/p/p/p/p/p/p/p/p/p/p/p/p/p/p/p/p/p/p/p/p/p/p/p/p/p/p/p/p/p/p/p/p/thumbnails/p/page/1 HTTP/1.1" 200 44123 tumiapps.com "-" "Mozilla/5.0 (compatible; MJ12bot/v1.4.8; http://mj12bot.com/)" "-"
65.108.227.0 - - [07/Sep/2023:03:06:46 +0200] "GET /productos-aplicaciones-tumiapps/nggallery/p/p/p/p/p/p/p/p/%25/p/p/p/p/p/p/p/p/p/p/p/p/p/p/p/p/p/p/p/p/p/p/p/p/p/p/p/p/p/p/p/p/thumbnails/p/page/2 HTTP/1.1" 200 28219 tumiapps.com "-" "Mozilla/5.0 (compatible; MJ12bot/v1.4.8; http://mj12bot.com/)" "-"
65.108.227.0 - - [07/Sep/2023:03:06:48 +0200] "GET /productos-aplicaciones-tumiapps/nggallery/p/p/p/p/p/p/p/p/%25/p/p/p/p/p/p/p/p/p/p/p/p/p/p/p/p/p/p/p/p/p/p/p/p/p/p/p/p/p/p/p/p/thumbnails/page/1 HTTP/1.1" 200 44117 tumiapps.com "-" "Mozilla/5.0 (compatible; MJ12bot/v1.4.8; http://mj12bot.com/)" "-"
65.108.227.0 - - [07/Sep/2023:03:06:50 +0200] "GET /productos-aplicaciones-tumiapps/nggallery/p/p/p/p/p/p/p/p/%25/p/p/p/p/p/p/p/p/p/p/p/p/p/p/p/p/p/p/p/p/p/p/p/p/p/p/p/p/p/p/p/p/thumbnails/page/2 HTTP/1.1" 200 28213 tumiapps.com "-" "Mozilla/5.0 (compatible; MJ12bot/v1.4.8; http://mj12bot.com/)" "-"
65.108.227.0 - - [07/Sep/2023:03:06:52 +0200] "GET /productos-aplicaciones-tumiapps/nggallery/p/p/p/p/p/p/p/p/%25/p/p/p/p/p/p/p/p/p/p/p/p/p/p/p/p/p/p/p/p/p/p/p/p/p/p/p/p/p/p/p/page/1 HTTP/1.1" 200 44089 tumiapps.com "-" "Mozilla/5.0 (compatible; MJ12bot/v1.4.8; http://mj12bot.com/)" "-"
65.108.227.0 - - [07/Sep/2023:03:06:54 +0200] "GET /productos-aplicaciones-tumiapps/nggallery/p/p/p/p/p/p/p/p/%25/p/p/p/p/p/p/p/p/p/p/p/p/p/p/p/p/p/p/p/p/p/p/p/p/p/p/p/p/p/p/p/page/1/p/slideshow HTTP/1.1" 200 33756 tumiapps.com "-" "Mozilla/5.0 (compatible; MJ12bot/v1.4.8; http://mj12bot.com/)" "-"
65.108.227.0 - - [07/Sep/2023:03:06:56 +0200] "GET /productos-aplicaciones-tumiapps/nggallery/p/p/p/p/p/p/p/p/%25/p/p/p/p/p/p/p/p/p/p/p/p/p/p/p/p/p/p/p/p/p/p/p/p/p/p/p/p/p/p/p/page/2 HTTP/1.1" 200 28185 tumiapps.com "-" "Mozilla/5.0 (compatible; MJ12bot/v1.4.8; http://mj12bot.com/)" "-"
82.165.83.0 - - [07/Sep/2023:03:06:59 +0200] "POST /wp-cron.php?doing_wp_cron=1694048819.5524170398712158203125 HTTP/1.1" 200 - tumiapps.com "http://tumiapps.com/wp-cron.php?doing_wp_cron=1694048819.5524170398712158203125" "WordPress/4.7.26; http://tumiapps.com" "-"
65.108.227.0 - - [07/Sep/2023:03:06:59 +0200] "GET /productos-aplicaciones-tumiapps/nggallery/p/p/p/p/p/p/p/p/%25/p/p/p/p/p/p/p/p/p/p/p/p/p/p/p/p/p/p/p/p/p/p/p/p/p/p/p/p/p/p/p/page/2/p/slideshow HTTP/1.1" 200 33756 tumiapps.com "-" "Mozilla/5.0 (compatible; MJ12bot/v1.4.8; http://mj12bot.com/)" "-"
65.108.227.0 - - [07/Sep/2023:03:07:01 +0200] "GET /productos-aplicaciones-tumiapps/nggallery/p/p/p/p/p/p/p/p/%25/p/p/p/p/p/p/p/p/p/p/p/p/p/p/p/p/p/p/p/p/p/p/p/p/p/p/p/p/p/p/page/2/p/slideshow HTTP/1.1" 200 33749 tumiapps.com "-" "Mozilla/5.0 (compatible; MJ12bot/v1.4.8; http://mj12bot.com/)" "-"
65.108.227.0 - - [07/Sep/2023:03:07:04 +0200] "GET /productos-aplicaciones-tumiapps/nggallery/p/p/p/p/p/p/p/p/%25/p/p/p/p/p/p/p/p/p/p/p/p/p/p/p/p/p/p/p/p/p/p/p/p/p/p/p/p/page/1/p/p/p/p/slideshow HTTP/1.1" 200 33756 tumiapps.com "-" "Mozilla/5.0 (compatible; MJ12bot/v1.4.8; http://mj12bot.com/)" "-"
65.108.227.0 - - [07/Sep/2023:03:07:06 +0200] "GET /productos-aplicaciones-tumiapps/nggallery/p/p/p/p/p/p/p/p/%25/p/p/p/p/p/p/p/p/p/p/p/p/p/p/p/p/p/p/p/p/p/p/p/p/p/p/p/p/page/2/p/p/slideshow HTTP/1.1" 200 33752 tumiapps.com "-" "Mozilla/5.0 (compatible; MJ12bot/v1.4.8; http://mj12bot.com/)" "-"
65.108.227.0 - - [07/Sep/2023:03:07:08 +0200] "GET /productos-aplicaciones-tumiapps/nggallery/p/p/p/p/p/p/p/p/%25/p/p/p/p/p/p/p/p/p/p/p/p/p/p/p/p/p/p/p/p/p/p/p/p/p/p/p/p/thumbnails/page/1 HTTP/1.1" 200 44093 tumiapps.com "-" "Mozilla/5.0 (compatible; MJ12bot/v1.4.8; http://mj12bot.com/)" "-"
65.108.227.0 - - [07/Sep/2023:03:07:10 +0200] "GET /productos-aplicaciones-tumiapps/nggallery/p/p/p/p/p/p/p/p/%25/p/p/p/p/p/p/p/p/p/p/p/p/p/p/p/p/p/p/p/p/p/p/p/p/p/p/p/p/thumbnails/page/2 HTTP/1.1" 200 28189 tumiapps.com "-" "Mozilla/5.0 (compatible; MJ12bot/v1.4.8; http://mj12bot.com/)" "-"
65.108.227.0 - - [07/Sep/2023:03:07:12 +0200] "GET /productos-aplicaciones-tumiapps/nggallery/p/p/p/p/p/p/p/p/%25/p/p/p/p/p/p/p/p/p/p/p/p/p/p/p/p/p/p/p/p/p/p/p/p/p/p/p/page/p/p/p/slideshow HTTP/1.1" 200 33750 tumiapps.com "-" "Mozilla/5.0 (compatible; MJ12bot/v1.4.8; http://mj12bot.com/)" "-"
65.108.227.0 - - [07/Sep/2023:03:07:14 +0200] "GET /productos-aplicaciones-tumiapps/nggallery/p/p/p/p/p/p/p/p/%25/p/p/p/p/p/p/p/p/p/p/p/p/p/p/p/p/p/p/p/p/p/p/p/page/p/p/slideshow HTTP/1.1" 200 33740 tumiapps.com "-" "Mozilla/5.0 (compatible; MJ12bot/v1.4.8; http://mj12bot.com/)" "-"
65.108.227.0 - - [07/Sep/2023:03:07:16 +0200] "GET /productos-aplicaciones-tumiapps/nggallery/p/p/p/p/p/p/p/p/%25/p/p/p/p/p/p/p/p/p/p/p/p/p/p/p/p/p/p/p/p/p/p/page/p/p/p//p/slideshow HTTP/1.1" 200 33742 tumiapps.com "-" "Mozilla/5.0 (compatible; MJ12bot/v1.4.8; http://mj12bot.com/)" "-"
65.108.227.0 - - [07/Sep/2023:03:07:18 +0200] "GET /productos-aplicaciones-tumiapps/nggallery/p/p/p/p/p/p/p/p/%25/p/p/p/p/p/p/p/p/p/p/p/p/p/p/p/p/p/p/p/p/thumbnails/p//p/page/2 HTTP/1.1" 200 28153 tumiapps.com "-" "Mozilla/5.0 (compatible; MJ12bot/v1.4.8; http://mj12bot.com/)" "-"
65.108.227.0 - - [07/Sep/2023:03:07:20 +0200] "GET /productos-aplicaciones-tumiapps/nggallery/p/p/p/p/p/p/p/p/%25/p/p/p/p/p/p/p/p/p/p/p/p/p/p/p/p/p/p/p/thumbnails/p//p/page/1 HTTP/1.1" 200 44051 tumiapps.com "-" "Mozilla/5.0 (compatible; MJ12bot/v1.4.8; http://mj12bot.com/)" "-"
65.108.227.0 - - [07/Sep/2023:03:07:22 +0200] "GET /productos-aplicaciones-tumiapps/nggallery/p/p/p/p/p/p/p/p/%25/p/p/p/p/p/p/p/p/p/p/p/p/p/p/p/p/p/page/p/p/p/p/p/p/p/p/p/p/p/p/p/p/p/slideshow HTTP/1.1" 200 33754 tumiapps.com "-" "Mozilla/5.0 (compatible; MJ12bot/v1.4.8; http://mj12bot.com/)" "-"
65.108.227.0 - - [07/Sep/2023:03:07:24 +0200] "GET /productos-aplicaciones-tumiapps/nggallery/p/p/p/p/p/p/p/p/%25/p/p/p/p/p/p/p/p/p/p/p/p/p/p/p/p/p/page/p/p/p/p/p/p/p/p/p/slideshow HTTP/1.1" 200 33742 tumiapps.com "-" "Mozilla/5.0 (compatible; MJ12bot/v1.4.8; http://mj12bot.com/)" "-"
65.108.227.0 - - [07/Sep/2023:03:07:26 +0200] "GET /productos-aplicaciones-tumiapps/nggallery/p/p/p/p/p/p/p/p/%25/p/p/p/p/p/p/p/p/p/p/p/p/p/p/p/p/p/page/p/p/p/p/slideshow HTTP/1.1" 200 33727 tumiapps.com "-" "Mozilla/5.0 (compatible; MJ12bot/v1.4.8; http://mj12bot.com/)" "-"
65.108.227.0 - - [07/Sep/2023:03:07:29 +0200] "GET /productos-aplicaciones-tumiapps/nggallery/p/p/p/p/p/p/p/p/%25/p/p/p/p/p/p/p/p/p/p/p/p/p/p/p/p/p/page/p/p/p/slideshow HTTP/1.1" 200 33725 tumiapps.com "-" "Mozilla/5.0 (compatible; MJ12bot/v1.4.8; http://mj12bot.com/)" "-"
65.108.227.0 - - [07/Sep/2023:03:07:31 +0200] "GET /productos-aplicaciones-tumiapps/nggallery/p/p/p/p/p/p/p/p/%25/p/p/p/p/p/p/p/p/p/p/p/p/p/p/p/p/p/page/p/p/slideshow HTTP/1.1" 200 33728 tumiapps.com "-" "Mozilla/5.0 (compatible; MJ12bot/v1.4.8; http://mj12bot.com/)" "-"
65.108.227.0 - - [07/Sep/2023:03:07:33 +0200] "GET /productos-aplicaciones-tumiapps/nggallery/p/p/p/p/p/p/p/p/%25/p/p/p/p/p/p/p/p/p/p/p/p/p/p/p/p/p/thumbnails/p//p/page/1 HTTP/1.1" 200 44039 tumiapps.com "-" "Mozilla/5.0 (compatible; MJ12bot/v1.4.8; http://mj12bot.com/)" "-"
65.108.227.0 - - [07/Sep/2023:03:07:35 +0200] "GET /productos-aplicaciones-tumiapps/nggallery/p/p/p/p/p/p/p/p/%25/p/p/p/p/p/p/p/p/p/p/p/p/p/p/p/p/p/thumbnails/p/p/p/p/p/p/p/page/1 HTTP/1.1" 200 44069 tumiapps.com "-" "Mozilla/5.0 (compatible; MJ12bot/v1.4.8; http://mj12bot.com/)" "-"
65.108.227.0 - - [07/Sep/2023:03:07:37 +0200] "GET /productos-aplicaciones-tumiapps/nggallery/p/p/p/p/p/p/p/p/%25/p/p/p/p/p/p/p/p/p/p/p/p/p/p/p/p/p/thumbnails/p/p/p/p/p/p/p/page/2 HTTP/1.1" 200 28165 tumiapps.com "-" "Mozilla/5.0 (compatible; MJ12bot/v1.4.8; http://mj12bot.com/)" "-"
65.108.227.0 - - [07/Sep/2023:03:07:39 +0200] "GET /productos-aplicaciones-tumiapps/nggallery/p/p/p/p/p/p/p/p/%25/p/p/p/p/p/p/p/p/p/p/p/p/p/p/p/p/p/thumbnails/p/p/p/p/p/p/page/1 HTTP/1.1" 200 44063 tumiapps.com "-" "Mozilla/5.0 (compatible; MJ12bot/v1.4.8; http://mj12bot.com/)" "-"
65.108.227.0 - - [07/Sep/2023:03:07:41 +0200] "GET /productos-aplicaciones-tumiapps/nggallery/p/p/p/p/p/p/p/p/%25/p/p/p/p/p/p/p/p/p/p/p/p/p/p/p/p/p/thumbnails/p/p/p/p/p/p/page/2 HTTP/1.1" 200 28159 tumiapps.com "-" "Mozilla/5.0 (compatible; MJ12bot/v1.4.8; http://mj12bot.com/)" "-"
65.108.227.0 - - [07/Sep/2023:03:07:43 +0200] "GET /productos-aplicaciones-tumiapps/nggallery/p/p/p/p/p/p/p/p/%25/p/p/p/p/p/p/p/p/p/p/p/p/p/p/p/p/p/thumbnails/p/p/p/page/1 HTTP/1.1" 200 44045 tumiapps.com "-" "Mozilla/5.0 (compatible; MJ12bot/v1.4.8; http://mj12bot.com/)" "-"
65.108.227.0 - - [07/Sep/2023:03:07:45 +0200] "GET /productos-aplicaciones-tumiapps/nggallery/p/p/p/p/p/p/p/p/%25/p/p/p/p/p/p/p/p/p/p/p/p/p/p/p/p/p/thumbnails/p/p/page/1 HTTP/1.1" 200 44039 tumiapps.com "-" "Mozilla/5.0 (compatible; MJ12bot/v1.4.8; http://mj12bot.com/)" "-"
65.108.227.0 - - [07/Sep/2023:03:07:47 +0200] "GET /productos-aplicaciones-tumiapps/nggallery/p/p/p/p/p/p/p/p/%25/p/p/p/p/p/p/p/p/p/p/p/p/p/p/p/p/p/thumbnails/p/p/page/2 HTTP/1.1" 200 28135 tumiapps.com "-" "Mozilla/5.0 (compatible; MJ12bot/v1.4.8; http://mj12bot.com/)" "-"
65.108.227.0 - - [07/Sep/2023:03:07:49 +0200] "GET /productos-aplicaciones-tumiapps/nggallery/p/p/p/p/p/p/p/p/%25/p/p/p/p/p/p/p/p/p/p/p/p/p/p/p/p/page/2 HTTP/1.1" 200 28095 tumiapps.com "-" "Mozilla/5.0 (compatible; MJ12bot/v1.4.8; http://mj12bot.com/)" "-"
65.108.227.0 - - [07/Sep/2023:03:07:51 +0200] "GET /productos-aplicaciones-tumiapps/nggallery/p/p/p/p/p/p/p/p/%25/p/p/p/p/p/p/p/p/p/p/p/p/p/p/p/p/page/2/p/p/slideshow HTTP/1.1" 200 33728 tumiapps.com "-" "Mozilla/5.0 (compatible; MJ12bot/v1.4.8; http://mj12bot.com/)" "-"
65.108.227.0 - - [07/Sep/2023:03:07:53 +0200] "GET /productos-aplicaciones-tumiapps/nggallery/p/p/p/p/p/p/p/p/%25/p/p/p/p/p/p/p/p/p/p/p/p/p/p/page/1/p/p/p/p/slideshow HTTP/1.1" 200 33723 tumiapps.com "-" "Mozilla/5.0 (compatible; MJ12bot/v1.4.8; http://mj12bot.com/)" "-"
65.108.227.0 - - [07/Sep/2023:03:07:55 +0200] "GET /productos-aplicaciones-tumiapps/nggallery/p/p/p/p/p/p/p/p/%25/p/p/p/p/p/p/p/p/p/p/p/p/p/p/page/1/p/p/slideshow HTTP/1.1" 200 33719 tumiapps.com "-" "Mozilla/5.0 (compatible; MJ12bot/v1.4.8; http://mj12bot.com/)" "-"
65.108.227.0 - - [07/Sep/2023:03:07:57 +0200] "GET /productos-aplicaciones-tumiapps/nggallery/p/p/p/p/p/p/p/p/%25/p/p/p/p/p/p/p/p/p/p/p/p/p/p/page/2/p/p/p/p/p/p/slideshow HTTP/1.1" 200 33732 tumiapps.com "-" "Mozilla/5.0 (compatible; MJ12bot/v1.4.8; http://mj12bot.com/)" "-"
82.165.83.0 - - [07/Sep/2023:03:08:00 +0200] "POST /wp-cron.php?doing_wp_cron=1694048880.5180349349975585937500 HTTP/1.1" 200 - tumiapps.com "http://tumiapps.com/wp-cron.php?doing_wp_cron=1694048880.5180349349975585937500" "WordPress/4.7.26; http://tumiapps.com" "-"
65.108.227.0 - - [07/Sep/2023:03:08:00 +0200] "GET /productos-aplicaciones-tumiapps/nggallery/p/p/p/p/p/p/p/p/%25/p/p/p/p/p/p/p/p/p/p/p/p/p/p/page/2/p/slideshow HTTP/1.1" 200 33722 tumiapps.com "-" "Mozilla/5.0 (compatible; MJ12bot/v1.4.8; http://mj12bot.com/)" "-"
65.108.227.0 - - [07/Sep/2023:03:08:02 +0200] "GET /productos-aplicaciones-tumiapps/nggallery/p/p/p/p/p/p/p/p/%25/p/p/p/p/p/p/p/p/p/p/p/p/p/p/page/p//p/slideshow HTTP/1.1" 200 33717 tumiapps.com "-" "Mozilla/5.0 (compatible; MJ12bot/v1.4.8; http://mj12bot.com/)" "-"
65.108.227.0 - - [07/Sep/2023:03:08:04 +0200] "GET /productos-aplicaciones-tumiapps/nggallery/p/p/p/p/p/p/p/p/%25/p/p/p/p/p/p/p/p/p/p/p/p/p/page/1/p//p/slideshow HTTP/1.1" 200 33722 tumiapps.com "-" "Mozilla/5.0 (compatible; MJ12bot/v1.4.8; http://mj12bot.com/)" "-"
65.108.227.0 - - [07/Sep/2023:03:08:06 +0200] "GET /productos-aplicaciones-tumiapps/nggallery/p/p/p/p/p/p/p/p/%25/p/p/p/p/p/p/p/p/p/p/p/p/p/page/1/p/p/p//p/slideshow HTTP/1.1" 200 33726 tumiapps.com "-" "Mozilla/5.0 (compatible; MJ12bot/v1.4.8; http://mj12bot.com/)" "-"
65.108.227.0 - - [07/Sep/2023:03:08:08 +0200] "GET /productos-aplicaciones-tumiapps/nggallery/p/p/p/p/p/p/p/p/%25/p/p/p/p/p/p/p/p/p/p/p/p/p/page/1/p/p/p/p/p//p/slideshow HTTP/1.1" 200 33730 tumiapps.com "-" "Mozilla/5.0 (compatible; MJ12bot/v1.4.8; http://mj12bot.com/)" "-"
65.108.227.0 - - [07/Sep/2023:03:08:11 +0200] "GET /productos-aplicaciones-tumiapps/nggallery/p/p/p/p/p/p/p/p/%25/p/p/p/p/p/p/p/p/p/p/p/p/p/page/1/p/p/p/p/p/p/p//p/slideshow HTTP/1.1" 200 33724 tumiapps.com "-" "Mozilla/5.0 (compatible; MJ12bot/v1.4.8; http://mj12bot.com/)" "-"
65.108.227.0 - - [07/Sep/2023:03:08:13 +0200] "GET /productos-aplicaciones-tumiapps/nggallery/p/p/p/p/p/p/p/p/%25/p/p/p/p/p/p/p/p/p/p/p/p/p/page/1/p/p/p/p/p/p/p/p//p/slideshow HTTP/1.1" 200 33731 tumiapps.com "-" "Mozilla/5.0 (compatible; MJ12bot/v1.4.8; http://mj12bot.com/)" "-"
65.108.227.0 - - [07/Sep/2023:03:08:15 +0200] "GET /productos-aplicaciones-tumiapps/nggallery/p/p/p/p/p/p/p/p/%25/p/p/p/p/p/p/p/p/p/p/p/p/p/page/1/p/p/p/p/p/p/p/p/p//p/slideshow HTTP/1.1" 200 33738 tumiapps.com "-" "Mozilla/5.0 (compatible; MJ12bot/v1.4.8; http://mj12bot.com/)" "-"
65.108.227.0 - - [07/Sep/2023:03:08:17 +0200] "GET /productos-aplicaciones-tumiapps/nggallery/p/p/p/p/p/p/p/p/%25/p/p/p/p/p/p/p/p/p/p/p/p/p/page/1/p/p/p/p/p/p/p/p/p/p/p/p/slideshow HTTP/1.1" 200 33742 tumiapps.com "-" "Mozilla/5.0 (compatible; MJ12bot/v1.4.8; http://mj12bot.com/)" "-"
65.108.227.0 - - [07/Sep/2023:03:08:19 +0200] "GET /productos-aplicaciones-tumiapps/nggallery/p/p/p/p/p/p/p/p/%25/p/p/p/p/p/p/p/p/p/p/p/p/p/page/1/p/p/p/p/p/p/p/p/p/p/p/slideshow HTTP/1.1" 200 33740 tumiapps.com "-" "Mozilla/5.0 (compatible; MJ12bot/v1.4.8; http://mj12bot.com/)" "-"
65.108.227.0 - - [07/Sep/2023:03:08:21 +0200] "GET /productos-aplicaciones-tumiapps/nggallery/p/p/p/p/p/p/p/p/%25/p/p/p/p/p/p/p/p/p/p/p/p/p/page/1/p/p/p/p/p/p/p/p/p/p/slideshow HTTP/1.1" 200 33733 tumiapps.com "-" "Mozilla/5.0 (compatible; MJ12bot/v1.4.8; http://mj12bot.com/)" "-"
65.108.227.0 - - [07/Sep/2023:03:08:23 +0200] "GET /productos-aplicaciones-tumiapps/nggallery/p/p/p/p/p/p/p/p/%25/p/p/p/p/p/p/p/p/p/p/p/p/p/page/1/p/p/p/p/p/p/p/p/p/slideshow HTTP/1.1" 200 33731 tumiapps.com "-" "Mozilla/5.0 (compatible; MJ12bot/v1.4.8; http://mj12bot.com/)" "-"
65.108.227.0 - - [07/Sep/2023:03:08:25 +0200] "GET /productos-aplicaciones-tumiapps/nggallery/p/p/p/p/p/p/p/p/%25/p/p/p/p/p/p/p/p/p/p/p/p/p/page/1/p/p/p/p/p/p/p/p/slideshow HTTP/1.1" 200 33734 tumiapps.com "-" "Mozilla/5.0 (compatible; MJ12bot/v1.4.8; http://mj12bot.com/)" "-"
82.165.83.0 - - [07/Sep/2023:03:13:52 +0200] "POST /wp-cron.php?doing_wp_cron=1694049232.5828869342803955078125 HTTP/1.1" 200 - tumiapps.com "http://tumiapps.com/wp-cron.php?doing_wp_cron=1694049232.5828869342803955078125" "WordPress/4.7.26; http://tumiapps.com" "-"
91.121.163.0 - - [07/Sep/2023:03:13:52 +0200] "GET / HTTP/1.1" 200 33597 tumiapps.com "http://tumiapps.com/" "Mozilla/5.0 (Windows NT 6.3) AppleWebKit/537.36 (KHTML, like Gecko) Chrome/90.0.4430.72 Safari/537.36" "-"
82.165.83.0 - - [07/Sep/2023:03:14:07 +0200] "POST /wp-cron.php?doing_wp_cron=1694049247.8328199386596679687500 HTTP/1.1" 200 - tumiapps.com "http://tumiapps.com/wp-cron.php?doing_wp_cron=1694049247.8328199386596679687500" "WordPress/4.7.26; http://tumiapps.com" "-"
91.121.163.0 - - [07/Sep/2023:03:14:07 +0200] "POST / HTTP/1.1" 200 396 tumiapps.com "http://tumiapps.com/" "Mozilla/5.0 (Windows NT 6.3) AppleWebKit/537.36 (KHTML, like Gecko) Chrome/90.0.4430.72 Safari/537.36" "-"
54.36.148.0 - - [07/Sep/2023:03:15:43 +0200] "GET /proteccion-datos-comunidades-propietarios HTTP/1.1" 200 45567 fincatech.es "-" "Mozilla/5.0 (compatible; AhrefsBot/7.0; +http://ahrefs.com/robot/)" "-"
66.249.76.0 - - [07/Sep/2023:03:17:24 +0200] "GET /public/assets/img/icons/icon-48x48.png HTTP/1.1" 200 3601 app.fincatech.es "-" "Googlebot-Image/1.0" "-"
66.249.76.0 - - [07/Sep/2023:03:17:25 +0200] "GET /favicon.ico HTTP/1.1" 302 - app.fincatech.es "-" "Googlebot-Image/1.0" "-"
66.249.64.0 - - [07/Sep/2023:03:17:26 +0200] "GET /public/assets/img/icons/icon-48x48.png HTTP/1.1" 200 3601 app.fincatech.es "-" "Googlebot-Image/1.0" "-"
66.249.76.0 - - [07/Sep/2023:03:17:28 +0200] "GET /favicon.ico HTTP/1.1" 302 - app.fincatech.es "-" "Googlebot-Image/1.0" "-"
66.249.76.0 - - [07/Sep/2023:03:17:43 +0200] "GET /login HTTP/1.1" 200 8588 app.fincatech.es "-" "Googlebot-Image/1.0" "-"
66.249.76.0 - - [07/Sep/2023:03:17:43 +0200] "GET /login HTTP/1.1" 200 8588 app.fincatech.es "-" "Googlebot-Image/1.0" "-"
43.228.124.0 - - [07/Sep/2023:03:20:11 +0200] "GET / HTTP/1.1" 301 233 www.fincatech.es "-" "Mozilla/5.0 (Windows NT 10.0; Win64; x64) AppleWebKit/537.36 (KHTML, like Gecko) Chrome/97.0.4280.67 Safari/537.36 Edg/97.0.664.52" "-"
43.228.124.0 - - [07/Sep/2023:03:20:12 +0200] "GET / HTTP/1.1" 200 42764 www.fincatech.es "-" "Mozilla/5.0 (Windows NT 10.0; Win64; x64) AppleWebKit/537.36 (KHTML, like Gecko) Chrome/97.0.4280.67 Safari/537.36 Edg/97.0.664.52" "-"
47.115.50.0 - - [07/Sep/2023:03:31:54 +0200] "GET /wp-login.php HTTP/1.1" 200 3904 tumiapps.com "-" "Mozilla/5.0 (X11; Gentoo; Linux x86_64; rv:91.0) Gecko/20100101 Firefox/91.0" "-"
82.165.83.0 - - [07/Sep/2023:03:31:55 +0200] "POST /wp-cron.php?doing_wp_cron=1694050315.2695949077606201171875 HTTP/1.1" 200 - tumiapps.com "http://tumiapps.com/wp-cron.php?doing_wp_cron=1694050315.2695949077606201171875" "WordPress/4.7.26; http://tumiapps.com" "-"
82.165.83.0 - - [07/Sep/2023:03:31:56 +0200] "POST /wp-cron.php?doing_wp_cron=1694050316.9571950435638427734375 HTTP/1.1" 200 - tumiapps.com "http://tumiapps.com/wp-cron.php?doing_wp_cron=1694050316.9571950435638427734375" "WordPress/4.7.26; http://tumiapps.com" "-"
47.115.50.0 - - [07/Sep/2023:03:31:56 +0200] "POST /wp-login.php HTTP/1.1" 503 19166 tumiapps.com "-" "Mozilla/5.0 (X11; Gentoo; Linux x86_64; rv:91.0) Gecko/20100101 Firefox/91.0" "-"
5.255.231.0 - - [07/Sep/2023:03:32:34 +0200] "GET /robots.txt HTTP/1.1" 404 1271 conveniocaf.tumiapps.com "-" "Mozilla/5.0 (compatible; YandexBot/3.0; +http://yandex.com/bots)" "-"
5.255.231.0 - - [07/Sep/2023:03:32:39 +0200] "GET / HTTP/1.1" 404 1271 conveniocaf.tumiapps.com "-" "Mozilla/5.0 (compatible; YandexBot/3.0; +http://yandex.com/bots)" "-"
23.31.183.0 - - [07/Sep/2023:03:32:46 +0200] "GET / HTTP/1.1" 200 33597 tumiapps.com "http://tumiapps.com/" "Mozilla/5.0 (Windows NT 10.0; Win64; x64) AppleWebKit/537.36 (KHTML, like Gecko) Chrome/90.0.4430.85 Safari/537.36 Edg/90.0.818.49" "-"
82.165.83.0 - - [07/Sep/2023:03:32:47 +0200] "POST /wp-cron.php?doing_wp_cron=1694050366.9893610477447509765625 HTTP/1.1" 200 - tumiapps.com "http://tumiapps.com/wp-cron.php?doing_wp_cron=1694050366.9893610477447509765625" "WordPress/4.7.26; http://tumiapps.com" "-"
46.35.252.0 - - [07/Sep/2023:03:35:45 +0200] "GET / HTTP/1.1" 301 233 fincatech.es "http://fincatech.es/" "Mozilla/5.0 (Windows NT 6.1; Win64; x64) AppleWebKit/537.36 (KHTML, like Gecko) Chrome/103.0.5060.114 Safari/537.36" "-"
46.35.252.0 - - [07/Sep/2023:03:35:45 +0200] "GET / HTTP/1.1" 200 42764 www.fincatech.es "https://www.fincatech.es/" "Mozilla/5.0 (Windows NT 6.1; Win64; x64) AppleWebKit/537.36 (KHTML, like Gecko) Chrome/103.0.5060.114 Safari/537.36" "-"
46.35.252.0 - - [07/Sep/2023:03:35:46 +0200] "POST /php/contact-form.php HTTP/1.1" 500 - www.fincatech.es "https://www.fincatech.es/" "Mozilla/5.0 (Windows NT 6.1; Win64; x64) AppleWebKit/537.36 (KHTML, like Gecko) Chrome/103.0.5060.114 Safari/537.36" "-"
46.35.252.0 - - [07/Sep/2023:03:38:18 +0200] "GET / HTTP/1.1" 301 233 fincatech.es "http://fincatech.es/" "Mozilla/5.0 (Windows NT 6.1; WOW64) AppleWebKit/537.36 (KHTML, like Gecko) Chrome/103.0.0.0 Safari/537.36" "-"
46.35.252.0 - - [07/Sep/2023:03:38:18 +0200] "GET / HTTP/1.1" 200 42764 www.fincatech.es "https://www.fincatech.es/" "Mozilla/5.0 (Windows NT 6.1; WOW64) AppleWebKit/537.36 (KHTML, like Gecko) Chrome/103.0.0.0 Safari/537.36" "-"
46.35.252.0 - - [07/Sep/2023:03:38:19 +0200] "POST /php/contact-form.php HTTP/1.1" 503 299 www.fincatech.es "https://www.fincatech.es/" "Mozilla/5.0 (Windows NT 6.1; WOW64) AppleWebKit/537.36 (KHTML, like Gecko) Chrome/103.0.0.0 Safari/537.36" "-"
52.167.144.0 - - [07/Sep/2023:03:39:20 +0200] "GET /robots.txt HTTP/1.1" 200 651 www.tumiapps.es "-" "Mozilla/5.0 AppleWebKit/537.36 (KHTML, like Gecko; compatible; bingbot/2.0; +http://www.bing.com/bingbot.htm) Chrome/103.0.5060.134 Safari/537.36" "-"
52.167.144.0 - - [07/Sep/2023:03:39:29 +0200] "GET / HTTP/1.1" 403 1271 www.tumiapps.es "-" "Mozilla/5.0 AppleWebKit/537.36 (KHTML, like Gecko; compatible; bingbot/2.0; +http://www.bing.com/bingbot.htm) Chrome/103.0.5060.134 Safari/537.36" "-"
66.249.78.0 - - [07/Sep/2023:03:41:05 +0200] "GET /wp-sitemap-posts-post-1.xml HTTP/1.1" 200 258 landing.fincatech.es "-" "Mozilla/5.0 (compatible; Googlebot/2.1; +http://www.google.com/bot.html)" "-"
82.165.83.0 - - [07/Sep/2023:03:41:05 +0200] "POST /wp-cron.php?doing_wp_cron=1694050865.6695010662078857421875 HTTP/1.1" 200 - landing.fincatech.es "https://landing.fincatech.es/wp-cron.php?doing_wp_cron=1694050865.6695010662078857421875" "WordPress/5.5.12; https://landing.fincatech.es" "-"
82.165.83.0 - - [07/Sep/2023:03:45:16 +0200] "POST /wp-cron.php?doing_wp_cron=1694051116.6363410949707031250000 HTTP/1.1" 200 - tumiapps.com "http://tumiapps.com/wp-cron.php?doing_wp_cron=1694051116.6363410949707031250000" "WordPress/4.7.26; http://tumiapps.com" "-"
8.131.70.0 - - [07/Sep/2023:03:45:16 +0200] "GET /wp-login.php HTTP/1.1" 200 3904 tumiapps.com "-" "Mozilla/5.0 (X11; Fedora; Linux x86_64; rv:94.0) Gecko/20100101 Firefox/95.0" "-"
8.131.70.0 - - [07/Sep/2023:03:45:28 +0200] "POST /wp-login.php HTTP/1.1" 503 19166 tumiapps.com "-" "Mozilla/5.0 (X11; Fedora; Linux x86_64; rv:94.0) Gecko/20100101 Firefox/95.0" "-"
82.165.83.0 - - [07/Sep/2023:03:49:34 +0200] "POST /wp-cron.php?doing_wp_cron=1694051374.8050069808959960937500 HTTP/1.1" 200 - tumiapps.com "http://tumiapps.com/wp-cron.php?doing_wp_cron=1694051374.8050069808959960937500" "WordPress/4.7.26; http://tumiapps.com" "-"
114.119.140.0 - - [07/Sep/2023:03:49:34 +0200] "GET /robots.txt HTTP/1.1" 200 67 www.tumiapps.com "-" "Mozilla/5.0 (compatible;PetalBot;+https://webmaster.petalsearch.com/site/petalbot)" "-"
43.228.124.0 - - [07/Sep/2023:03:53:02 +0200] "GET / HTTP/1.1" 301 233 www.fincatech.es "-" "Mozilla/5.0 (Windows NT 10.0; Win64; x64) AppleWebKit/537.36 (KHTML, like Gecko) Chrome/97.0.4280.67 Safari/537.36 Edg/97.0.664.52" "-"
43.228.124.0 - - [07/Sep/2023:03:53:03 +0200] "GET / HTTP/1.1" 200 42764 www.fincatech.es "-" "Mozilla/5.0 (Windows NT 10.0; Win64; x64) AppleWebKit/537.36 (KHTML, like Gecko) Chrome/97.0.4280.67 Safari/537.36 Edg/97.0.664.52" "-"
