66.249.64.0 - - [07/Sep/2023:08:18:52 +0200] "GET /landing.php/vendor/jquery.appear/jquery.appear.min.js HTTP/1.1" 200 28778 www.fincatech.es "https://www.fincatech.es/landing.php/index.php" "Mozilla/5.0 (Linux; Android 6.0.1; Nexus 5X Build/MMB29P) AppleWebKit/537.36 (KHTML, like Gecko) Chrome/116.0.5845.110 Mobile Safari/537.36 (compatible; Googlebot/2.1; +http://www.google.com/bot.html)" "-"
66.249.79.0 - - [07/Sep/2023:08:19:03 +0200] "GET /landing.php/vendor/jquery.easing/jquery.easing.min.js HTTP/1.1" 200 28778 www.fincatech.es "https://www.fincatech.es/landing.php/index.php" "Mozilla/5.0 (Linux; Android 6.0.1; Nexus 5X Build/MMB29P) AppleWebKit/537.36 (KHTML, like Gecko) Chrome/116.0.5845.110 Mobile Safari/537.36 (compatible; Googlebot/2.1; +http://www.google.com/bot.html)" "-"
66.249.76.0 - - [07/Sep/2023:08:19:03 +0200] "GET /landing.php/vendor/jquery.cookie/jquery.cookie.min.js HTTP/1.1" 200 28778 www.fincatech.es "https://www.fincatech.es/landing.php/index.php" "Mozilla/5.0 (Linux; Android 6.0.1; Nexus 5X Build/MMB29P) AppleWebKit/537.36 (KHTML, like Gecko) Chrome/116.0.5845.110 Mobile Safari/537.36 (compatible; Googlebot/2.1; +http://www.google.com/bot.html)" "-"
66.249.76.0 - - [07/Sep/2023:08:19:12 +0200] "GET /landing.php/vendor/bootstrap/js/bootstrap.bundle.min.js HTTP/1.1" 200 28778 www.fincatech.es "https://www.fincatech.es/landing.php/index.php" "Mozilla/5.0 (Linux; Android 6.0.1; Nexus 5X Build/MMB29P) AppleWebKit/537.36 (KHTML, like Gecko) Chrome/116.0.5845.110 Mobile Safari/537.36 (compatible; Googlebot/2.1; +http://www.google.com/bot.html)" "-"
66.249.76.0 - - [07/Sep/2023:08:19:16 +0200] "GET /landing.php/vendor/jquery.validation/jquery.validate.min.js HTTP/1.1" 200 28778 www.fincatech.es "https://www.fincatech.es/landing.php/index.php" "Mozilla/5.0 (Linux; Android 6.0.1; Nexus 5X Build/MMB29P) AppleWebKit/537.36 (KHTML, like Gecko) Chrome/116.0.5845.110 Mobile Safari/537.36 (compatible; Googlebot/2.1; +http://www.google.com/bot.html)" "-"
82.165.83.0 - - [07/Sep/2023:08:23:31 +0200] "POST /wp-cron.php?doing_wp_cron=1694067811.9141340255737304687500 HTTP/1.1" 200 - tumiapps.com "http://tumiapps.com/wp-cron.php?doing_wp_cron=1694067811.9141340255737304687500" "WordPress/4.7.26; http://tumiapps.com" "-"
63.227.60.0 - - [07/Sep/2023:08:23:31 +0200] "GET / HTTP/1.1" 200 33597 tumiapps.com "http://tumiapps.com/" "Mozilla/5.0 (Windows NT 6.3) AppleWebKit/537.36 (KHTML, like Gecko) Chrome/90.0.4430.72 Safari/537.36" "-"
63.227.60.0 - - [07/Sep/2023:08:23:39 +0200] "POST / HTTP/1.1" 200 395 tumiapps.com "http://tumiapps.com/" "Mozilla/5.0 (Windows NT 6.3) AppleWebKit/537.36 (KHTML, like Gecko) Chrome/90.0.4430.72 Safari/537.36" "-"
82.165.83.0 - - [07/Sep/2023:08:24:08 +0200] "POST /wp-cron.php?doing_wp_cron=1694067848.8479750156402587890625 HTTP/1.1" 200 - tumiapps.com "http://tumiapps.com/wp-cron.php?doing_wp_cron=1694067848.8479750156402587890625" "WordPress/4.7.26; http://tumiapps.com" "-"
85.185.85.0 - - [07/Sep/2023:08:24:08 +0200] "GET /wp-login.php HTTP/1.1" 200 3904 tumiapps.com "-" "Mozilla/5.0 (X11; Fedora; Linux x86_64; rv:94.0) Gecko/20100101 Firefox/95.0" "-"
85.185.85.0 - - [07/Sep/2023:08:24:20 +0200] "POST /wp-login.php HTTP/1.1" 503 19166 tumiapps.com "-" "Mozilla/5.0 (X11; Fedora; Linux x86_64; rv:94.0) Gecko/20100101 Firefox/95.0" "-"
82.165.224.0 - - [07/Sep/2023:08:25:01 +0200] "GET /robots.txt HTTP/1.1" 301 244 beta.fincatech.es "-" "IonCrawl (https://www.ionos.de/terms-gtc/faq-crawler-en/)" "-"
82.165.224.0 - - [07/Sep/2023:08:25:01 +0200] "GET /robots.txt HTTP/1.1" 302 - beta.fincatech.es "-" "IonCrawl (https://www.ionos.de/terms-gtc/faq-crawler-en/)" "-"
82.165.224.0 - - [07/Sep/2023:08:25:01 +0200] "GET /login HTTP/1.1" 200 8709 beta.fincatech.es "-" "IonCrawl (https://www.ionos.de/terms-gtc/faq-crawler-en/)" "-"
82.165.224.0 - - [07/Sep/2023:08:28:17 +0200] "GET /sitemap.xml HTTP/1.1" 301 245 beta.fincatech.es "-" "IonCrawl (https://www.ionos.de/terms-gtc/faq-crawler-en/)" "-"
82.165.224.0 - - [07/Sep/2023:08:28:17 +0200] "GET /sitemap.xml HTTP/1.1" 302 - beta.fincatech.es "-" "IonCrawl (https://www.ionos.de/terms-gtc/faq-crawler-en/)" "-"
82.165.224.0 - - [07/Sep/2023:08:28:17 +0200] "GET /login HTTP/1.1" 200 8709 beta.fincatech.es "-" "IonCrawl (https://www.ionos.de/terms-gtc/faq-crawler-en/)" "-"
82.165.224.0 - - [07/Sep/2023:08:28:18 +0200] "GET / HTTP/1.1" 200 8709 beta.fincatech.es "-" "IonCrawl (https://www.ionos.de/terms-gtc/faq-crawler-en/)" "-"
82.165.224.0 - - [07/Sep/2023:08:28:19 +0200] "GET /wp-cron.php HTTP/1.1" 302 - beta.fincatech.es "-" "IonCrawl (https://www.ionos.de/terms-gtc/faq-crawler-en/)" "-"
82.165.224.0 - - [07/Sep/2023:08:30:52 +0200] "GET /index.php HTTP/1.1" 302 - beta.fincatech.es "-" "IonCrawl (https://www.ionos.de/terms-gtc/faq-crawler-en/)" "-"
82.165.224.0 - - [07/Sep/2023:08:31:08 +0200] "GET /login HTTP/1.1" 200 8709 beta.fincatech.es "-" "IonCrawl (https://www.ionos.de/terms-gtc/faq-crawler-en/)" "-"
82.165.83.0 - - [07/Sep/2023:08:33:29 +0200] "POST /wp-cron.php?doing_wp_cron=1694068409.8438439369201660156250 HTTP/1.1" 200 - tumiapps.com "http://tumiapps.com/wp-cron.php?doing_wp_cron=1694068409.8438439369201660156250" "WordPress/4.7.26; http://tumiapps.com" "-"
34.73.206.0 - - [07/Sep/2023:08:33:29 +0200] "GET /comments/feed/ HTTP/1.1" 200 637 tumiapps.com "-" "ZoominfoBot (zoominfobot at zoominfo dot com)" "-"
82.165.83.0 - - [07/Sep/2023:08:35:53 +0200] "POST /wp-cron.php?doing_wp_cron=1694068553.9329199790954589843750 HTTP/1.1" 200 - tumiapps.com "http://tumiapps.com/wp-cron.php?doing_wp_cron=1694068553.9329199790954589843750" "WordPress/4.7.26; http://tumiapps.com" "-"
111.202.101.0 - - [07/Sep/2023:08:35:53 +0200] "GET / HTTP/1.1" 301 - www.tumiapps.com "-" "Sogou web spider/4.0(+http://www.sogou.com/docs/help/webmasters.htm#07)" "-"
111.202.101.0 - - [07/Sep/2023:08:36:26 +0200] "GET / HTTP/1.1" 200 33597 tumiapps.com "-" "Sogou web spider/4.0(+http://www.sogou.com/docs/help/webmasters.htm#07)" "-"
82.165.83.0 - - [07/Sep/2023:08:36:27 +0200] "POST /wp-cron.php?doing_wp_cron=1694068587.3216431140899658203125 HTTP/1.1" 200 - tumiapps.com "http://tumiapps.com/wp-cron.php?doing_wp_cron=1694068587.3216431140899658203125" "WordPress/4.7.26; http://tumiapps.com" "-"
197.234.221.0 - - [07/Sep/2023:08:38:17 +0200] "HEAD / HTTP/1.1" 200 - www.fincatech.es "-" "-" "-"
82.165.83.0 - - [07/Sep/2023:08:41:10 +0200] "POST /wp-cron.php?doing_wp_cron=1694068870.9160521030426025390625 HTTP/1.1" 200 - tumiapps.com "http://tumiapps.com/wp-cron.php?doing_wp_cron=1694068870.9160521030426025390625" "WordPress/4.7.26; http://tumiapps.com" "-"
103.233.1.0 - - [07/Sep/2023:08:41:10 +0200] "GET /wp-login.php HTTP/1.1" 200 3904 tumiapps.com "-" "Mozilla/5.0 (X11; Fedora; Linux x86_64; rv:94.0) Gecko/20100101 Firefox/95.0" "-"
173.236.168.0 - - [07/Sep/2023:08:41:29 +0200] "POST /wp-login.php HTTP/1.1" 503 19166 tumiapps.com "-" "Mozilla/5.0 (Windows NT 6.3; Win64; x64) AppleWebKit/537.36 (KHTML, like Gecko) Chrome/68.0.3440.106 Safari/537.36" "-"
115.127.111.0 - - [07/Sep/2023:08:41:39 +0200] "GET / HTTP/1.1" 200 33597 tumiapps.com "http://tumiapps.com/" "Mozilla/5.0 (Windows NT 6.1) AppleWebKit/537.36 (KHTML, like Gecko) Chrome/90.0.4430.85 Safari/537.36" "-"
82.165.83.0 - - [07/Sep/2023:08:46:52 +0200] "POST /wp-cron.php?doing_wp_cron=1694069212.8550438880920410156250 HTTP/1.1" 200 - tumiapps.com "http://tumiapps.com/wp-cron.php?doing_wp_cron=1694069212.8550438880920410156250" "WordPress/4.7.26; http://tumiapps.com" "-"
178.150.14.0 - - [07/Sep/2023:08:46:52 +0200] "GET /robots.txt HTTP/1.1" 200 67 tumiapps.com "-" "Mozilla/5.0 (compatible; MJ12bot/v1.4.8; http://mj12bot.com/)" "-"
178.150.14.0 - - [07/Sep/2023:08:46:54 +0200] "GET /productos-aplicaciones-tumiapps/nggallery/p/p/p/%253 HTTP/1.1" 200 43869 tumiapps.com "-" "Mozilla/5.0 (compatible; MJ12bot/v1.4.8; http://mj12bot.com/)" "-"
178.150.14.0 - - [07/Sep/2023:08:46:57 +0200] "GET /productos-aplicaciones-tumiapps/nggallery/p/p/p/%253//p/page/1 HTTP/1.1" 200 43882 tumiapps.com "-" "Mozilla/5.0 (compatible; MJ12bot/v1.4.8; http://mj12bot.com/)" "-"
82.165.83.0 - - [07/Sep/2023:08:46:59 +0200] "POST /wp-cron.php?doing_wp_cron=1694069219.6267719268798828125000 HTTP/1.1" 200 - tumiapps.com "http://tumiapps.com/wp-cron.php?doing_wp_cron=1694069219.6267719268798828125000" "WordPress/4.7.26; http://tumiapps.com" "-"
178.150.14.0 - - [07/Sep/2023:08:46:59 +0200] "GET /productos-aplicaciones-tumiapps/nggallery/p/p/p/%253/p//p/page/1 HTTP/1.1" 200 43888 tumiapps.com "-" "Mozilla/5.0 (compatible; MJ12bot/v1.4.8; http://mj12bot.com/)" "-"
178.150.14.0 - - [07/Sep/2023:08:47:01 +0200] "GET /productos-aplicaciones-tumiapps/nggallery/p/p/p/%253/p/p/p/p/p/p/p/p/p/p/p/p/p/p/p/page/2/slideshow HTTP/1.1" 200 33708 tumiapps.com "-" "Mozilla/5.0 (compatible; MJ12bot/v1.4.8; http://mj12bot.com/)" "-"
178.150.14.0 - - [07/Sep/2023:08:47:04 +0200] "GET /productos-aplicaciones-tumiapps/nggallery/p/p/p/%253/p/p/p/p/p/p/p/p/p/p/p/p/p/p/page/1 HTTP/1.1" 200 43960 tumiapps.com "-" "Mozilla/5.0 (compatible; MJ12bot/v1.4.8; http://mj12bot.com/)" "-"
178.150.14.0 - - [07/Sep/2023:08:47:06 +0200] "GET /productos-aplicaciones-tumiapps/nggallery/p/p/p/%253/p/p/p/p/p/p/p/p/p/p/p/p/page/1/p/p/p/slideshow HTTP/1.1" 200 33713 tumiapps.com "-" "Mozilla/5.0 (compatible; MJ12bot/v1.4.8; http://mj12bot.com/)" "-"
178.150.14.0 - - [07/Sep/2023:08:47:09 +0200] "GET /productos-aplicaciones-tumiapps/nggallery/p/p/p/%253/p/p/p/p/p/p/p/p/p/p/p/p/page/1/p/slideshow HTTP/1.1" 200 33709 tumiapps.com "-" "Mozilla/5.0 (compatible; MJ12bot/v1.4.8; http://mj12bot.com/)" "-"
178.150.14.0 - - [07/Sep/2023:08:47:11 +0200] "GET /productos-aplicaciones-tumiapps/nggallery/p/p/p/%253/p/p/p/p/p/p/p/p/p/p/p/p/page/2/p/p/slideshow HTTP/1.1" 200 33706 tumiapps.com "-" "Mozilla/5.0 (compatible; MJ12bot/v1.4.8; http://mj12bot.com/)" "-"
178.150.14.0 - - [07/Sep/2023:08:47:13 +0200] "GET /productos-aplicaciones-tumiapps/nggallery/p/p/p/%253/p/p/p/p/p/p/p/p/p/p/p/p/page/p/slideshow HTTP/1.1" 200 33702 tumiapps.com "-" "Mozilla/5.0 (compatible; MJ12bot/v1.4.8; http://mj12bot.com/)" "-"
178.150.14.0 - - [07/Sep/2023:08:47:15 +0200] "GET /productos-aplicaciones-tumiapps/nggallery/p/p/p/%253/p/p/p/p/p/p/p/p/p/p/p/page/2/slideshow HTTP/1.1" 200 33700 tumiapps.com "-" "Mozilla/5.0 (compatible; MJ12bot/v1.4.8; http://mj12bot.com/)" "-"
178.150.14.0 - - [07/Sep/2023:08:47:17 +0200] "GET /productos-aplicaciones-tumiapps/nggallery/p/p/p/%253/p/p/p/p/p/p/p/p/p/p/page/2/slideshow HTTP/1.1" 200 33698 tumiapps.com "-" "Mozilla/5.0 (compatible; MJ12bot/v1.4.8; http://mj12bot.com/)" "-"
178.150.14.0 - - [07/Sep/2023:08:47:20 +0200] "GET /productos-aplicaciones-tumiapps/nggallery/p/p/p/%253/p/p/p/p/p/p/p/p/page/2 HTTP/1.1" 200 28020 tumiapps.com "-" "Mozilla/5.0 (compatible; MJ12bot/v1.4.8; http://mj12bot.com/)" "-"
178.150.14.0 - - [07/Sep/2023:08:47:22 +0200] "GET /productos-aplicaciones-tumiapps/nggallery/p/p/p/%253/p/p/p/p/p/p/p/p/page/2/p/slideshow HTTP/1.1" 200 33696 tumiapps.com "-" "Mozilla/5.0 (compatible; MJ12bot/v1.4.8; http://mj12bot.com/)" "-"
178.150.14.0 - - [07/Sep/2023:08:47:24 +0200] "GET /productos-aplicaciones-tumiapps/nggallery/p/p/p/%253/p/p/p/p/p/p/p/p/page/p/p/slideshow HTTP/1.1" 200 33701 tumiapps.com "-" "Mozilla/5.0 (compatible; MJ12bot/v1.4.8; http://mj12bot.com/)" "-"
178.150.14.0 - - [07/Sep/2023:08:47:26 +0200] "GET /productos-aplicaciones-tumiapps/nggallery/p/p/p/%253/p/p/p/p/p/p/p/p/page/p/slideshow HTTP/1.1" 200 33699 tumiapps.com "-" "Mozilla/5.0 (compatible; MJ12bot/v1.4.8; http://mj12bot.com/)" "-"
178.150.14.0 - - [07/Sep/2023:08:47:28 +0200] "GET /productos-aplicaciones-tumiapps/nggallery/p/p/p/%253/p/p/p/p/p/p/p/p/thumbnails/p/page/1 HTTP/1.1" 200 43952 tumiapps.com "-" "Mozilla/5.0 (compatible; MJ12bot/v1.4.8; http://mj12bot.com/)" "-"
178.150.14.0 - - [07/Sep/2023:08:47:30 +0200] "GET /productos-aplicaciones-tumiapps/nggallery/p/p/p/%253/p/p/p/p/p/p/p/p/thumbnails/p/page/2 HTTP/1.1" 200 28048 tumiapps.com "-" "Mozilla/5.0 (compatible; MJ12bot/v1.4.8; http://mj12bot.com/)" "-"
178.150.14.0 - - [07/Sep/2023:08:47:32 +0200] "GET /productos-aplicaciones-tumiapps/nggallery/p/p/p/%253/p/p/p/p/p/p/p/p/thumbnails/page/1 HTTP/1.1" 200 43946 tumiapps.com "-" "Mozilla/5.0 (compatible; MJ12bot/v1.4.8; http://mj12bot.com/)" "-"
178.150.14.0 - - [07/Sep/2023:08:47:34 +0200] "GET /productos-aplicaciones-tumiapps/nggallery/p/p/p/%253/p/p/p/p/p/p/p/p/thumbnails/page/2 HTTP/1.1" 200 28042 tumiapps.com "-" "Mozilla/5.0 (compatible; MJ12bot/v1.4.8; http://mj12bot.com/)" "-"
178.150.14.0 - - [07/Sep/2023:08:47:36 +0200] "GET /productos-aplicaciones-tumiapps/nggallery/p/p/p/%253/p/p/p/p/p/p/p/page/1 HTTP/1.1" 200 43918 tumiapps.com "-" "Mozilla/5.0 (compatible; MJ12bot/v1.4.8; http://mj12bot.com/)" "-"
178.150.14.0 - - [07/Sep/2023:08:47:39 +0200] "GET /productos-aplicaciones-tumiapps/nggallery/p/p/p/%253/p/p/p/p/p/p/p/page/1//p/slideshow HTTP/1.1" 200 33694 tumiapps.com "-" "Mozilla/5.0 (compatible; MJ12bot/v1.4.8; http://mj12bot.com/)" "-"
178.150.14.0 - - [07/Sep/2023:08:47:41 +0200] "GET /productos-aplicaciones-tumiapps/nggallery/p/p/p/%253/p/p/p/p/p/p/p/page/p/p/p/p/slideshow HTTP/1.1" 200 33703 tumiapps.com "-" "Mozilla/5.0 (compatible; MJ12bot/v1.4.8; http://mj12bot.com/)" "-"
178.150.14.0 - - [07/Sep/2023:08:47:43 +0200] "GET /productos-aplicaciones-tumiapps/nggallery/p/p/p/%253/p/p/p/p/p/p/p/page/p/p/p/slideshow HTTP/1.1" 200 33701 tumiapps.com "-" "Mozilla/5.0 (compatible; MJ12bot/v1.4.8; http://mj12bot.com/)" "-"
178.150.14.0 - - [07/Sep/2023:08:47:45 +0200] "GET /productos-aplicaciones-tumiapps/nggallery/p/p/p/%253/p/p/p/p/p/p/p/page/p/p/slideshow HTTP/1.1" 200 33684 tumiapps.com "-" "Mozilla/5.0 (compatible; MJ12bot/v1.4.8; http://mj12bot.com/)" "-"
178.150.14.0 - - [07/Sep/2023:08:47:47 +0200] "GET /productos-aplicaciones-tumiapps/nggallery/p/p/p/%253/p/p/p/p/p/p/p/page/p/slideshow HTTP/1.1" 200 33697 tumiapps.com "-" "Mozilla/5.0 (compatible; MJ12bot/v1.4.8; http://mj12bot.com/)" "-"
178.150.14.0 - - [07/Sep/2023:08:47:49 +0200] "GET /productos-aplicaciones-tumiapps/nggallery/p/p/p/%253/p/p/p/p/p/p/p/thumbnails/p/p/page/1 HTTP/1.1" 200 43952 tumiapps.com "-" "Mozilla/5.0 (compatible; MJ12bot/v1.4.8; http://mj12bot.com/)" "-"
178.150.14.0 - - [07/Sep/2023:08:47:51 +0200] "GET /productos-aplicaciones-tumiapps/nggallery/p/p/p/%253/p/p/p/p/p/p/p/thumbnails/p/p/page/2 HTTP/1.1" 200 28048 tumiapps.com "-" "Mozilla/5.0 (compatible; MJ12bot/v1.4.8; http://mj12bot.com/)" "-"
178.150.14.0 - - [07/Sep/2023:08:47:53 +0200] "GET /productos-aplicaciones-tumiapps/nggallery/p/p/p/%253/p/p/p/p/p/p/p/thumbnails/page/1 HTTP/1.1" 200 43940 tumiapps.com "-" "Mozilla/5.0 (compatible; MJ12bot/v1.4.8; http://mj12bot.com/)" "-"
178.150.14.0 - - [07/Sep/2023:08:47:55 +0200] "GET /productos-aplicaciones-tumiapps/nggallery/p/p/p/%253/p/p/p/p/p/p/p/thumbnails/page/2 HTTP/1.1" 200 28036 tumiapps.com "-" "Mozilla/5.0 (compatible; MJ12bot/v1.4.8; http://mj12bot.com/)" "-"
178.150.14.0 - - [07/Sep/2023:08:47:57 +0200] "GET /productos-aplicaciones-tumiapps/nggallery/p/p/p/%253/p/p/p/p/p/p/page/1 HTTP/1.1" 200 43912 tumiapps.com "-" "Mozilla/5.0 (compatible; MJ12bot/v1.4.8; http://mj12bot.com/)" "-"
178.150.14.0 - - [07/Sep/2023:08:47:59 +0200] "GET /productos-aplicaciones-tumiapps/nggallery/p/p/p/%253/p/p/p/p/p/p/page/1//p/slideshow HTTP/1.1" 200 33692 tumiapps.com "-" "Mozilla/5.0 (compatible; MJ12bot/v1.4.8; http://mj12bot.com/)" "-"
82.165.83.0 - - [07/Sep/2023:08:48:00 +0200] "POST /wp-cron.php?doing_wp_cron=1694069280.2745189666748046875000 HTTP/1.1" 200 - tumiapps.com "http://tumiapps.com/wp-cron.php?doing_wp_cron=1694069280.2745189666748046875000" "WordPress/4.7.26; http://tumiapps.com" "-"
35.88.108.0 - - [07/Sep/2023:08:48:01 +0200] "GET / HTTP/1.1" 200 31285 landing.fincatech.es "-" "Mozilla/5.0 (Windows NT 10.0; Win64; x64; rv:109.0) Gecko/20100101 Firefox/109.0" "-"
82.165.83.0 - - [07/Sep/2023:08:48:02 +0200] "POST /wp-cron.php?doing_wp_cron=1694069281.9426510334014892578125 HTTP/1.1" 200 - landing.fincatech.es "https://landing.fincatech.es/wp-cron.php?doing_wp_cron=1694069281.9426510334014892578125" "WordPress/5.5.12; https://landing.fincatech.es" "-"
178.150.14.0 - - [07/Sep/2023:08:48:02 +0200] "GET /productos-aplicaciones-tumiapps/nggallery/p/p/p/%253/p/p/p/p/p/p/page/1/p//p/slideshow HTTP/1.1" 200 33694 tumiapps.com "-" "Mozilla/5.0 (compatible; MJ12bot/v1.4.8; http://mj12bot.com/)" "-"
35.88.108.0 - - [07/Sep/2023:08:48:03 +0200] "GET /wp-content/themes/twentynineteen/style.css?ver=1.3 HTTP/1.1" 200 37223 landing.fincatech.es "https://landing.fincatech.es/" "Mozilla/5.0 (Windows NT 10.0; Win64; x64; rv:109.0) Gecko/20100101 Firefox/109.0" "-"
35.88.108.0 - - [07/Sep/2023:08:48:03 +0200] "GET /wp-content/plugins/---elementor/assets/lib/eicons/css/elementor-icons.min.css?ver=5.15.0 HTTP/1.1" 200 4283 landing.fincatech.es "https://landing.fincatech.es/" "Mozilla/5.0 (Windows NT 10.0; Win64; x64; rv:109.0) Gecko/20100101 Firefox/109.0" "-"
35.88.108.0 - - [07/Sep/2023:08:48:03 +0200] "GET /wp-content/plugins/---elementor/assets/css/frontend-legacy.min.css?ver=3.6.5 HTTP/1.1" 200 1001 landing.fincatech.es "https://landing.fincatech.es/" "Mozilla/5.0 (Windows NT 10.0; Win64; x64; rv:109.0) Gecko/20100101 Firefox/109.0" "-"
35.88.108.0 - - [07/Sep/2023:08:48:03 +0200] "GET /wp-content/plugins/adapta-rgpd/assets/css/inform-box-simple.css?ver=1.3.5 HTTP/1.1" 200 133 landing.fincatech.es "https://landing.fincatech.es/" "Mozilla/5.0 (Windows NT 10.0; Win64; x64; rv:109.0) Gecko/20100101 Firefox/109.0" "-"
35.88.108.0 - - [07/Sep/2023:08:48:03 +0200] "GET /wp-content/plugins/adapta-rgpd/assets/css/cookies-banner-modern-light.css?ver=1.3.5 HTTP/1.1" 200 1038 landing.fincatech.es "https://landing.fincatech.es/" "Mozilla/5.0 (Windows NT 10.0; Win64; x64; rv:109.0) Gecko/20100101 Firefox/109.0" "-"
35.88.108.0 - - [07/Sep/2023:08:48:03 +0200] "GET /wp-includes/css/dist/block-library/theme.min.css?ver=5.5.12 HTTP/1.1" 200 786 landing.fincatech.es "https://landing.fincatech.es/" "Mozilla/5.0 (Windows NT 10.0; Win64; x64; rv:109.0) Gecko/20100101 Firefox/109.0" "-"
35.88.108.0 - - [07/Sep/2023:08:48:03 +0200] "GET /wp-content/plugins/contact-form-7/includes/css/styles.css?ver=5.2.1 HTTP/1.1" 200 782 landing.fincatech.es "https://landing.fincatech.es/" "Mozilla/5.0 (Windows NT 10.0; Win64; x64; rv:109.0) Gecko/20100101 Firefox/109.0" "-"
35.88.108.0 - - [07/Sep/2023:08:48:03 +0200] "GET /wp-includes/css/dist/block-library/style.min.css?ver=5.5.12 HTTP/1.1" 200 9833 landing.fincatech.es "https://landing.fincatech.es/" "Mozilla/5.0 (Windows NT 10.0; Win64; x64; rv:109.0) Gecko/20100101 Firefox/109.0" "-"
35.88.108.0 - - [07/Sep/2023:08:48:04 +0200] "GET /wp-content/uploads/elementor/css/global.css?ver=1597873162 HTTP/1.1" 200 2495 landing.fincatech.es "https://landing.fincatech.es/" "Mozilla/5.0 (Windows NT 10.0; Win64; x64; rv:109.0) Gecko/20100101 Firefox/109.0" "-"
35.88.108.0 - - [07/Sep/2023:08:48:04 +0200] "GET /wp-content/uploads/elementor/css/post-6.css?ver=1654101718 HTTP/1.1" 200 848 landing.fincatech.es "https://landing.fincatech.es/" "Mozilla/5.0 (Windows NT 10.0; Win64; x64; rv:109.0) Gecko/20100101 Firefox/109.0" "-"
35.88.108.0 - - [07/Sep/2023:08:48:04 +0200] "GET /wp-content/plugins/---elementor/assets/lib/animations/animations.min.css?ver=3.6.5 HTTP/1.1" 200 3093 landing.fincatech.es "https://landing.fincatech.es/" "Mozilla/5.0 (Windows NT 10.0; Win64; x64; rv:109.0) Gecko/20100101 Firefox/109.0" "-"
35.88.108.0 - - [07/Sep/2023:08:48:04 +0200] "GET /wp-content/plugins/---elementor/assets/css/frontend.min.css?ver=3.6.5 HTTP/1.1" 200 26107 landing.fincatech.es "https://landing.fincatech.es/" "Mozilla/5.0 (Windows NT 10.0; Win64; x64; rv:109.0) Gecko/20100101 Firefox/109.0" "-"
35.88.108.0 - - [07/Sep/2023:08:48:04 +0200] "GET /wp-content/plugins/adapta-rgpd/assets/js/cookies-eu-banner.js?ver=1.3.5 HTTP/1.1" 200 2384 landing.fincatech.es "https://landing.fincatech.es/" "Mozilla/5.0 (Windows NT 10.0; Win64; x64; rv:109.0) Gecko/20100101 Firefox/109.0" "-"
35.88.108.0 - - [07/Sep/2023:08:48:04 +0200] "GET /wp-content/plugins/---elementor/assets/lib/font-awesome/css/font-awesome.min.css?ver=4.7.0 HTTP/1.1" 200 7929 landing.fincatech.es "https://landing.fincatech.es/" "Mozilla/5.0 (Windows NT 10.0; Win64; x64; rv:109.0) Gecko/20100101 Firefox/109.0" "-"
35.88.108.0 - - [07/Sep/2023:08:48:04 +0200] "GET /wp-includes/js/jquery/jquery.js?ver=1.12.4-wp HTTP/1.1" 200 39460 landing.fincatech.es "https://landing.fincatech.es/" "Mozilla/5.0 (Windows NT 10.0; Win64; x64; rv:109.0) Gecko/20100101 Firefox/109.0" "-"
35.88.108.0 - - [07/Sep/2023:08:48:04 +0200] "GET /wp-content/plugins/---elementor/assets/js/webpack.runtime.min.js?ver=3.6.5 HTTP/1.1" 200 2279 landing.fincatech.es "https://landing.fincatech.es/" "Mozilla/5.0 (Windows NT 10.0; Win64; x64; rv:109.0) Gecko/20100101 Firefox/109.0" "-"
35.88.108.0 - - [07/Sep/2023:08:48:04 +0200] "GET /wp-content/plugins/---elementor/assets/lib/waypoints/waypoints.min.js?ver=4.0.2 HTTP/1.1" 200 3501 landing.fincatech.es "https://landing.fincatech.es/" "Mozilla/5.0 (Windows NT 10.0; Win64; x64; rv:109.0) Gecko/20100101 Firefox/109.0" "-"
35.88.108.0 - - [07/Sep/2023:08:48:04 +0200] "GET /wp-content/plugins/---elementor/assets/js/frontend-modules.min.js?ver=3.6.5 HTTP/1.1" 200 5185 landing.fincatech.es "https://landing.fincatech.es/" "Mozilla/5.0 (Windows NT 10.0; Win64; x64; rv:109.0) Gecko/20100101 Firefox/109.0" "-"
35.88.108.0 - - [07/Sep/2023:08:48:04 +0200] "GET /wp-content/plugins/---elementor/assets/lib/swiper/swiper.min.js?ver=5.3.6 HTTP/1.1" 200 43175 landing.fincatech.es "https://landing.fincatech.es/" "Mozilla/5.0 (Windows NT 10.0; Win64; x64; rv:109.0) Gecko/20100101 Firefox/109.0" "-"
35.88.108.0 - - [07/Sep/2023:08:48:04 +0200] "GET /wp-content/plugins/---elementor/assets/lib/share-link/share-link.min.js?ver=3.6.5 HTTP/1.1" 200 1157 landing.fincatech.es "https://landing.fincatech.es/" "Mozilla/5.0 (Windows NT 10.0; Win64; x64; rv:109.0) Gecko/20100101 Firefox/109.0" "-"
35.88.108.0 - - [07/Sep/2023:08:48:04 +0200] "GET /wp-content/plugins/---elementor/assets/lib/dialog/dialog.min.js?ver=4.9.0 HTTP/1.1" 200 3843 landing.fincatech.es "https://landing.fincatech.es/" "Mozilla/5.0 (Windows NT 10.0; Win64; x64; rv:109.0) Gecko/20100101 Firefox/109.0" "-"
35.88.108.0 - - [07/Sep/2023:08:48:04 +0200] "GET /wp-content/plugins/---elementor/assets/js/frontend.min.js?ver=3.6.5 HTTP/1.1" 200 12814 landing.fincatech.es "https://landing.fincatech.es/" "Mozilla/5.0 (Windows NT 10.0; Win64; x64; rv:109.0) Gecko/20100101 Firefox/109.0" "-"
35.88.108.0 - - [07/Sep/2023:08:48:04 +0200] "GET /wp-content/plugins/1and1-wordpress-assistant/js/cookies.js?ver=5.5.12 HTTP/1.1" 200 477 landing.fincatech.es "https://landing.fincatech.es/" "Mozilla/5.0 (Windows NT 10.0; Win64; x64; rv:109.0) Gecko/20100101 Firefox/109.0" "-"
35.88.108.0 - - [07/Sep/2023:08:48:04 +0200] "GET /wp-includes/js/wp-embed.min.js?ver=5.5.12 HTTP/1.1" 200 819 landing.fincatech.es "https://landing.fincatech.es/" "Mozilla/5.0 (Windows NT 10.0; Win64; x64; rv:109.0) Gecko/20100101 Firefox/109.0" "-"
35.88.108.0 - - [07/Sep/2023:08:48:04 +0200] "GET /wp-content/plugins/contact-form-7/includes/js/scripts.js?ver=5.2.1 HTTP/1.1" 200 4600 landing.fincatech.es "https://landing.fincatech.es/" "Mozilla/5.0 (Windows NT 10.0; Win64; x64; rv:109.0) Gecko/20100101 Firefox/109.0" "-"
35.88.108.0 - - [07/Sep/2023:08:48:04 +0200] "GET /wp-content/plugins/---elementor/assets/js/preloaded-modules.min.js?ver=3.6.5 HTTP/1.1" 200 15043 landing.fincatech.es "https://landing.fincatech.es/" "Mozilla/5.0 (Windows NT 10.0; Win64; x64; rv:109.0) Gecko/20100101 Firefox/109.0" "-"
35.88.108.0 - - [07/Sep/2023:08:48:04 +0200] "GET /wp-includes/js/jquery/ui/position.min.js?ver=1.11.4 HTTP/1.1" 200 2623 landing.fincatech.es "https://landing.fincatech.es/" "Mozilla/5.0 (Windows NT 10.0; Win64; x64; rv:109.0) Gecko/20100101 Firefox/109.0" "-"
35.88.108.0 - - [07/Sep/2023:08:48:04 +0200] "GET /wp-content/themes/twentynineteen/print.css?ver=1.3 HTTP/1.1" 200 1350 landing.fincatech.es "https://landing.fincatech.es/" "Mozilla/5.0 (Windows NT 10.0; Win64; x64; rv:109.0) Gecko/20100101 Firefox/109.0" "-"
35.88.108.0 - - [07/Sep/2023:08:48:04 +0200] "GET /wp-includes/js/wp-emoji-release.min.js?ver=5.5.12 HTTP/1.1" 200 5274 landing.fincatech.es "https://landing.fincatech.es/" "Mozilla/5.0 (Windows NT 10.0; Win64; x64; rv:109.0) Gecko/20100101 Firefox/109.0" "-"
35.88.108.0 - - [07/Sep/2023:08:48:04 +0200] "GET /wp-content/uploads/2020/08/DPD-20191218-300x300.jpg HTTP/1.1" 200 11898 landing.fincatech.es "https://landing.fincatech.es/" "Mozilla/5.0 (Windows NT 10.0; Win64; x64; rv:109.0) Gecko/20100101 Firefox/109.0" "-"
35.88.108.0 - - [07/Sep/2023:08:48:04 +0200] "GET /wp-content/uploads/2020/08/fincatech-landing-header1-1.jpg HTTP/1.1" 200 351130 landing.fincatech.es "https://landing.fincatech.es/wp-content/uploads/elementor/css/post-6.css?ver=1654101718" "Mozilla/5.0 (Windows NT 10.0; Win64; x64; rv:109.0) Gecko/20100101 Firefox/109.0" "-"
35.88.108.0 - - [07/Sep/2023:08:48:04 +0200] "GET /wp-content/uploads/2020/08/Logo-nuevo-fincatech-trazado.png HTTP/1.1" 200 6206 landing.fincatech.es "https://landing.fincatech.es/" "Mozilla/5.0 (Windows NT 10.0; Win64; x64; rv:109.0) Gecko/20100101 Firefox/109.0" "-"
178.150.14.0 - - [07/Sep/2023:08:48:04 +0200] "GET /productos-aplicaciones-tumiapps/nggallery/p/p/p/%253/p/p/p/p/p/p/page/1/p/p/p/p/slideshow HTTP/1.1" 200 33703 tumiapps.com "-" "Mozilla/5.0 (compatible; MJ12bot/v1.4.8; http://mj12bot.com/)" "-"
35.88.108.0 - - [07/Sep/2023:08:48:05 +0200] "GET /wp-content/plugins/contact-form-7/images/ajax-loader.gif HTTP/1.1" 200 847 landing.fincatech.es "https://landing.fincatech.es/wp-content/plugins/contact-form-7/includes/css/styles.css?ver=5.2.1" "Mozilla/5.0 (Windows NT 10.0; Win64; x64; rv:109.0) Gecko/20100101 Firefox/109.0" "-"
35.88.108.0 - - [07/Sep/2023:08:48:05 +0200] "GET /wp-json/contact-form-7/v1/contact-forms/115/refill HTTP/1.1" 200 101 landing.fincatech.es "https://landing.fincatech.es/" "Mozilla/5.0 (Windows NT 10.0; Win64; x64; rv:109.0) Gecko/20100101 Firefox/109.0" "-"
178.150.14.0 - - [07/Sep/2023:08:48:06 +0200] "GET /productos-aplicaciones-tumiapps/nggallery/p/p/p/%253/p/p/p/p/p/p/page/1/p/p/p/slideshow HTTP/1.1" 200 33696 tumiapps.com "-" "Mozilla/5.0 (compatible; MJ12bot/v1.4.8; http://mj12bot.com/)" "-"
52.88.62.0 - - [07/Sep/2023:08:48:08 +0200] "GET /favicon.ico HTTP/1.1" 301 - landing.fincatech.es "-" "curl/7.58.0" "-"
82.165.83.0 - - [07/Sep/2023:08:48:09 +0200] "POST /wp-cron.php?doing_wp_cron=1694069289.5630450248718261718750 HTTP/1.1" 200 - landing.fincatech.es "https://landing.fincatech.es/wp-cron.php?doing_wp_cron=1694069289.5630450248718261718750" "WordPress/5.5.12; https://landing.fincatech.es" "-"
52.88.62.0 - - [07/Sep/2023:08:48:09 +0200] "GET /favicon.ico HTTP/1.1" 302 - landing.fincatech.es "http://landing.fincatech.es/favicon.ico" "curl/7.58.0" "-"
178.150.14.0 - - [07/Sep/2023:08:48:09 +0200] "GET /productos-aplicaciones-tumiapps/nggallery/p/p/p/%253/p/p/p/p/p/p/page/1/p/p/slideshow HTTP/1.1" 200 33694 tumiapps.com "-" "Mozilla/5.0 (compatible; MJ12bot/v1.4.8; http://mj12bot.com/)" "-"
52.88.62.0 - - [07/Sep/2023:08:48:10 +0200] "GET /wp-includes/images/w-logo-blue-white-bg.png HTTP/1.1" 200 4119 landing.fincatech.es "https://landing.fincatech.es/favicon.ico" "curl/7.58.0" "-"
178.150.14.0 - - [07/Sep/2023:08:48:11 +0200] "GET /productos-aplicaciones-tumiapps/nggallery/p/p/p/%253/p/p/p/p/p/p/page/1/p/slideshow HTTP/1.1" 200 33697 tumiapps.com "-" "Mozilla/5.0 (compatible; MJ12bot/v1.4.8; http://mj12bot.com/)" "-"
178.150.14.0 - - [07/Sep/2023:08:48:13 +0200] "GET /productos-aplicaciones-tumiapps/nggallery/p/p/p/%253/p/p/p/p/p/p/page/2 HTTP/1.1" 200 28008 tumiapps.com "-" "Mozilla/5.0 (compatible; MJ12bot/v1.4.8; http://mj12bot.com/)" "-"
178.150.14.0 - - [07/Sep/2023:08:48:15 +0200] "GET /productos-aplicaciones-tumiapps/nggallery/p/p/p/%253/p/p/p/p/p/p/page/2//p/slideshow HTTP/1.1" 200 33697 tumiapps.com "-" "Mozilla/5.0 (compatible; MJ12bot/v1.4.8; http://mj12bot.com/)" "-"
178.150.14.0 - - [07/Sep/2023:08:48:17 +0200] "GET /productos-aplicaciones-tumiapps/nggallery/p/p/p/%253/p/p/p/p/p/p/page/2/p//p/slideshow HTTP/1.1" 200 33689 tumiapps.com "-" "Mozilla/5.0 (compatible; MJ12bot/v1.4.8; http://mj12bot.com/)" "-"
178.150.14.0 - - [07/Sep/2023:08:48:19 +0200] "GET /productos-aplicaciones-tumiapps/nggallery/p/p/p/%253/p/p/p/p/p/p/page/2/p/p/p/p/p/slideshow HTTP/1.1" 200 33700 tumiapps.com "-" "Mozilla/5.0 (compatible; MJ12bot/v1.4.8; http://mj12bot.com/)" "-"
178.150.14.0 - - [07/Sep/2023:08:48:22 +0200] "GET /productos-aplicaciones-tumiapps/nggallery/p/p/p/%253/p/p/p/p/p/p/page/2/p/p/p/p/slideshow HTTP/1.1" 200 33703 tumiapps.com "-" "Mozilla/5.0 (compatible; MJ12bot/v1.4.8; http://mj12bot.com/)" "-"
178.150.14.0 - - [07/Sep/2023:08:48:24 +0200] "GET /productos-aplicaciones-tumiapps/nggallery/p/p/p/%253/p/p/p/p/p/p/page/2/p/p/p/slideshow HTTP/1.1" 200 33696 tumiapps.com "-" "Mozilla/5.0 (compatible; MJ12bot/v1.4.8; http://mj12bot.com/)" "-"
178.150.14.0 - - [07/Sep/2023:08:48:26 +0200] "GET /productos-aplicaciones-tumiapps/nggallery/p/p/p/%253/p/p/p/p/p/p/page/2/p/p/slideshow HTTP/1.1" 200 33699 tumiapps.com "-" "Mozilla/5.0 (compatible; MJ12bot/v1.4.8; http://mj12bot.com/)" "-"
178.150.14.0 - - [07/Sep/2023:08:48:28 +0200] "GET /productos-aplicaciones-tumiapps/nggallery/p/p/p/%253/p/p/p/p/p/p/page/2/p/slideshow HTTP/1.1" 200 33697 tumiapps.com "-" "Mozilla/5.0 (compatible; MJ12bot/v1.4.8; http://mj12bot.com/)" "-"
178.150.14.0 - - [07/Sep/2023:08:48:30 +0200] "GET /productos-aplicaciones-tumiapps/nggallery/p/p/p/%253/p/p/p/p/p/p/page/p//p/slideshow HTTP/1.1" 200 33697 tumiapps.com "-" "Mozilla/5.0 (compatible; MJ12bot/v1.4.8; http://mj12bot.com/)" "-"
178.150.14.0 - - [07/Sep/2023:08:48:32 +0200] "GET /productos-aplicaciones-tumiapps/nggallery/p/p/p/%253/p/p/p/p/p/p/page/p/p/p/p/p/slideshow HTTP/1.1" 200 33703 tumiapps.com "-" "Mozilla/5.0 (compatible; MJ12bot/v1.4.8; http://mj12bot.com/)" "-"
178.150.14.0 - - [07/Sep/2023:08:48:35 +0200] "GET /productos-aplicaciones-tumiapps/nggallery/p/p/p/%253/p/p/p/p/p/p/page/p/p/p/p/slideshow HTTP/1.1" 200 33696 tumiapps.com "-" "Mozilla/5.0 (compatible; MJ12bot/v1.4.8; http://mj12bot.com/)" "-"
178.150.14.0 - - [07/Sep/2023:08:48:37 +0200] "GET /productos-aplicaciones-tumiapps/nggallery/p/p/p/%253/p/p/p/p/p/p/page/p/p/p/slideshow HTTP/1.1" 200 33699 tumiapps.com "-" "Mozilla/5.0 (compatible; MJ12bot/v1.4.8; http://mj12bot.com/)" "-"
178.150.14.0 - - [07/Sep/2023:08:48:39 +0200] "GET /productos-aplicaciones-tumiapps/nggallery/p/p/p/%253/p/p/p/p/p/p/page/p/p/slideshow HTTP/1.1" 200 33697 tumiapps.com "-" "Mozilla/5.0 (compatible; MJ12bot/v1.4.8; http://mj12bot.com/)" "-"
178.150.14.0 - - [07/Sep/2023:08:48:41 +0200] "GET /productos-aplicaciones-tumiapps/nggallery/p/p/p/%253/p/p/p/p/p/p/page/p/slideshow HTTP/1.1" 200 33695 tumiapps.com "-" "Mozilla/5.0 (compatible; MJ12bot/v1.4.8; http://mj12bot.com/)" "-"
178.150.14.0 - - [07/Sep/2023:08:48:43 +0200] "GET /productos-aplicaciones-tumiapps/nggallery/p/p/p/%253/p/p/p/p/p/p/thumbnails//p/page/1 HTTP/1.1" 200 43940 tumiapps.com "-" "Mozilla/5.0 (compatible; MJ12bot/v1.4.8; http://mj12bot.com/)" "-"
178.150.14.0 - - [07/Sep/2023:08:48:45 +0200] "GET /productos-aplicaciones-tumiapps/nggallery/p/p/p/%253/p/p/p/p/p/p/thumbnails//p/page/2 HTTP/1.1" 200 28036 tumiapps.com "-" "Mozilla/5.0 (compatible; MJ12bot/v1.4.8; http://mj12bot.com/)" "-"
178.150.14.0 - - [07/Sep/2023:08:48:47 +0200] "GET /productos-aplicaciones-tumiapps/nggallery/p/p/p/%253/p/p/p/p/p/p/thumbnails/p/p/p/page/1 HTTP/1.1" 200 43952 tumiapps.com "-" "Mozilla/5.0 (compatible; MJ12bot/v1.4.8; http://mj12bot.com/)" "-"
178.150.14.0 - - [07/Sep/2023:08:48:49 +0200] "GET /productos-aplicaciones-tumiapps/nggallery/p/p/p/%253/p/p/p/p/p/p/thumbnails/p/p/p/page/2 HTTP/1.1" 200 28048 tumiapps.com "-" "Mozilla/5.0 (compatible; MJ12bot/v1.4.8; http://mj12bot.com/)" "-"
178.150.14.0 - - [07/Sep/2023:08:48:52 +0200] "GET /productos-aplicaciones-tumiapps/nggallery/p/p/p/%253/p/p/p/p/p/p/thumbnails/p/p/page/1 HTTP/1.1" 200 43946 tumiapps.com "-" "Mozilla/5.0 (compatible; MJ12bot/v1.4.8; http://mj12bot.com/)" "-"
178.150.14.0 - - [07/Sep/2023:08:48:54 +0200] "GET /productos-aplicaciones-tumiapps/nggallery/p/p/p/%253/p/p/p/p/p/p/thumbnails/p/p/page/2 HTTP/1.1" 200 28042 tumiapps.com "-" "Mozilla/5.0 (compatible; MJ12bot/v1.4.8; http://mj12bot.com/)" "-"
178.150.14.0 - - [07/Sep/2023:08:48:56 +0200] "GET /productos-aplicaciones-tumiapps/nggallery/p/p/p/%253/p/p/p/p/p/p/thumbnails/p/page/1 HTTP/1.1" 200 43940 tumiapps.com "-" "Mozilla/5.0 (compatible; MJ12bot/v1.4.8; http://mj12bot.com/)" "-"
178.150.14.0 - - [07/Sep/2023:08:48:58 +0200] "GET /productos-aplicaciones-tumiapps/nggallery/p/p/p/%253/p/p/p/p/p/p/thumbnails/p/page/2 HTTP/1.1" 200 28036 tumiapps.com "-" "Mozilla/5.0 (compatible; MJ12bot/v1.4.8; http://mj12bot.com/)" "-"
82.165.83.0 - - [07/Sep/2023:08:49:00 +0200] "POST /wp-cron.php?doing_wp_cron=1694069340.6936299800872802734375 HTTP/1.1" 200 - tumiapps.com "http://tumiapps.com/wp-cron.php?doing_wp_cron=1694069340.6936299800872802734375" "WordPress/4.7.26; http://tumiapps.com" "-"
178.150.14.0 - - [07/Sep/2023:08:49:00 +0200] "GET /productos-aplicaciones-tumiapps/nggallery/p/p/p/%253/p/p/p/p/p/p/thumbnails/page/1 HTTP/1.1" 200 43934 tumiapps.com "-" "Mozilla/5.0 (compatible; MJ12bot/v1.4.8; http://mj12bot.com/)" "-"
178.150.14.0 - - [07/Sep/2023:08:49:02 +0200] "GET /productos-aplicaciones-tumiapps/nggallery/p/p/p/%253/p/p/p/p/p/p/thumbnails/page/2 HTTP/1.1" 200 28030 tumiapps.com "-" "Mozilla/5.0 (compatible; MJ12bot/v1.4.8; http://mj12bot.com/)" "-"
178.150.14.0 - - [07/Sep/2023:08:49:04 +0200] "GET /productos-aplicaciones-tumiapps/nggallery/p/p/p/%253/p/p/p/p/p/page/1 HTTP/1.1" 200 43906 tumiapps.com "-" "Mozilla/5.0 (compatible; MJ12bot/v1.4.8; http://mj12bot.com/)" "-"
178.150.14.0 - - [07/Sep/2023:08:49:07 +0200] "GET /productos-aplicaciones-tumiapps/nggallery/p/p/p/%253/p/p/p/p/p/page/1//p/slideshow HTTP/1.1" 200 33695 tumiapps.com "-" "Mozilla/5.0 (compatible; MJ12bot/v1.4.8; http://mj12bot.com/)" "-"
178.150.14.0 - - [07/Sep/2023:08:49:09 +0200] "GET /productos-aplicaciones-tumiapps/nggallery/p/p/p/%253/p/p/p/p/p/page/1/p//p/slideshow HTTP/1.1" 200 33687 tumiapps.com "-" "Mozilla/5.0 (compatible; MJ12bot/v1.4.8; http://mj12bot.com/)" "-"
178.150.14.0 - - [07/Sep/2023:08:49:11 +0200] "GET /productos-aplicaciones-tumiapps/nggallery/p/p/p/%253/p/p/p/p/p/page/1/p/p//p/slideshow HTTP/1.1" 200 33699 tumiapps.com "-" "Mozilla/5.0 (compatible; MJ12bot/v1.4.8; http://mj12bot.com/)" "-"
178.150.14.0 - - [07/Sep/2023:08:49:13 +0200] "GET /productos-aplicaciones-tumiapps/nggallery/p/p/p/%253/p/p/p/p/p/page/1/p/p/p/p/slideshow HTTP/1.1" 200 33696 tumiapps.com "-" "Mozilla/5.0 (compatible; MJ12bot/v1.4.8; http://mj12bot.com/)" "-"
178.150.14.0 - - [07/Sep/2023:08:49:15 +0200] "GET /productos-aplicaciones-tumiapps/nggallery/p/p/p/%253/p/p/p/p/p/page/1/p/p/p/slideshow HTTP/1.1" 200 33694 tumiapps.com "-" "Mozilla/5.0 (compatible; MJ12bot/v1.4.8; http://mj12bot.com/)" "-"
178.150.14.0 - - [07/Sep/2023:08:49:17 +0200] "GET /productos-aplicaciones-tumiapps/nggallery/p/p/p/%253/p/p/p/p/p/page/1/p/p/slideshow HTTP/1.1" 200 33692 tumiapps.com "-" "Mozilla/5.0 (compatible; MJ12bot/v1.4.8; http://mj12bot.com/)" "-"
5.189.183.0 - - [07/Sep/2023:08:49:18 +0200] "GET /wp-login.php HTTP/1.1" 200 3904 tumiapps.com "-" "Mozilla/5.0 (X11; Fedora; Linux x86_64; rv:94.0) Gecko/20100101 Firefox/95.0" "-"
178.150.14.0 - - [07/Sep/2023:08:49:19 +0200] "GET /productos-aplicaciones-tumiapps/nggallery/p/p/p/%253/p/p/p/p/p/page/1/p/slideshow HTTP/1.1" 200 33685 tumiapps.com "-" "Mozilla/5.0 (compatible; MJ12bot/v1.4.8; http://mj12bot.com/)" "-"
178.150.14.0 - - [07/Sep/2023:08:49:21 +0200] "GET /productos-aplicaciones-tumiapps/nggallery/p/p/p/%253/p/p/p/p/p/page/2 HTTP/1.1" 200 28002 tumiapps.com "-" "Mozilla/5.0 (compatible; MJ12bot/v1.4.8; http://mj12bot.com/)" "-"
178.150.14.0 - - [07/Sep/2023:08:49:23 +0200] "GET /productos-aplicaciones-tumiapps/nggallery/p/p/p/%253/p/p/p/p/p/page/2//p/slideshow HTTP/1.1" 200 33690 tumiapps.com "-" "Mozilla/5.0 (compatible; MJ12bot/v1.4.8; http://mj12bot.com/)" "-"
5.189.183.0 - - [07/Sep/2023:08:49:25 +0200] "POST /wp-login.php HTTP/1.1" 503 19166 tumiapps.com "-" "Mozilla/5.0 (X11; Fedora; Linux x86_64; rv:94.0) Gecko/20100101 Firefox/95.0" "-"
178.150.14.0 - - [07/Sep/2023:08:49:25 +0200] "GET /productos-aplicaciones-tumiapps/nggallery/p/p/p/%253/p/p/p/p/p/page/2/p//p/slideshow HTTP/1.1" 200 33697 tumiapps.com "-" "Mozilla/5.0 (compatible; MJ12bot/v1.4.8; http://mj12bot.com/)" "-"
178.150.14.0 - - [07/Sep/2023:08:49:27 +0200] "GET /productos-aplicaciones-tumiapps/nggallery/p/p/p/%253/p/p/p/p/p/page/2/p/p/p/p/slideshow HTTP/1.1" 200 33701 tumiapps.com "-" "Mozilla/5.0 (compatible; MJ12bot/v1.4.8; http://mj12bot.com/)" "-"
178.150.14.0 - - [07/Sep/2023:08:49:30 +0200] "GET /productos-aplicaciones-tumiapps/nggallery/p/p/p/%253/p/p/p/page/1 HTTP/1.1" 200 43894 tumiapps.com "-" "Mozilla/5.0 (compatible; MJ12bot/v1.4.8; http://mj12bot.com/)" "-"
178.150.14.0 - - [07/Sep/2023:08:49:32 +0200] "GET /productos-aplicaciones-tumiapps/nggallery/p/p/p/%253/p/p/p/thumbnails/p/page/1 HTTP/1.1" 200 43922 tumiapps.com "-" "Mozilla/5.0 (compatible; MJ12bot/v1.4.8; http://mj12bot.com/)" "-"
178.150.14.0 - - [07/Sep/2023:08:49:34 +0200] "GET /productos-aplicaciones-tumiapps/nggallery/p/p/p/%253/p/p/p/thumbnails/p/page/2 HTTP/1.1" 200 28018 tumiapps.com "-" "Mozilla/5.0 (compatible; MJ12bot/v1.4.8; http://mj12bot.com/)" "-"
178.150.14.0 - - [07/Sep/2023:08:49:36 +0200] "GET /productos-aplicaciones-tumiapps/nggallery/p/p/p/%253/p/p/page/1 HTTP/1.1" 200 43888 tumiapps.com "-" "Mozilla/5.0 (compatible; MJ12bot/v1.4.8; http://mj12bot.com/)" "-"
178.150.14.0 - - [07/Sep/2023:08:49:38 +0200] "GET /productos-aplicaciones-tumiapps/nggallery/p/p/p/%253/p/thumbnails/p/page/2 HTTP/1.1" 200 28006 tumiapps.com "-" "Mozilla/5.0 (compatible; MJ12bot/v1.4.8; http://mj12bot.com/)" "-"
178.150.14.0 - - [07/Sep/2023:08:49:40 +0200] "GET /productos-aplicaciones-tumiapps/nggallery/p/p/p/%253/page/1/p/p/p/p/p/p/slideshow HTTP/1.1" 200 33695 tumiapps.com "-" "Mozilla/5.0 (compatible; MJ12bot/v1.4.8; http://mj12bot.com/)" "-"
178.150.14.0 - - [07/Sep/2023:08:49:42 +0200] "GET /productos-aplicaciones-tumiapps/nggallery/p/p/p/%253/page/1/p/p/p/p/p/slideshow HTTP/1.1" 200 33693 tumiapps.com "-" "Mozilla/5.0 (compatible; MJ12bot/v1.4.8; http://mj12bot.com/)" "-"
178.150.14.0 - - [07/Sep/2023:08:49:44 +0200] "GET /productos-aplicaciones-tumiapps/nggallery/p/p/p/%253/page/1/p/p/p/p/slideshow HTTP/1.1" 200 33686 tumiapps.com "-" "Mozilla/5.0 (compatible; MJ12bot/v1.4.8; http://mj12bot.com/)" "-"
178.150.14.0 - - [07/Sep/2023:08:49:46 +0200] "GET /productos-aplicaciones-tumiapps/nggallery/p/p/p/%253/page/1/p/p/slideshow HTTP/1.1" 200 33682 tumiapps.com "-" "Mozilla/5.0 (compatible; MJ12bot/v1.4.8; http://mj12bot.com/)" "-"
178.150.14.0 - - [07/Sep/2023:08:49:48 +0200] "GET /productos-aplicaciones-tumiapps/nggallery/p/p/p/%253/page/2 HTTP/1.1" 200 27972 tumiapps.com "-" "Mozilla/5.0 (compatible; MJ12bot/v1.4.8; http://mj12bot.com/)" "-"
178.150.14.0 - - [07/Sep/2023:08:49:50 +0200] "GET /productos-aplicaciones-tumiapps/nggallery/p/p/p/p/p/%25/p/p/p/p/p/p/p/p/p/page/1 HTTP/1.1" 200 43939 tumiapps.com "-" "Mozilla/5.0 (compatible; MJ12bot/v1.4.8; http://mj12bot.com/)" "-"
178.150.14.0 - - [07/Sep/2023:08:49:52 +0200] "GET /productos-aplicaciones-tumiapps/nggallery/p/p/p/p/p/%25/p/p/p/p/p/p/p/p/p/page/2 HTTP/1.1" 200 28035 tumiapps.com "-" "Mozilla/5.0 (compatible; MJ12bot/v1.4.8; http://mj12bot.com/)" "-"
178.150.14.0 - - [07/Sep/2023:08:49:54 +0200] "GET /productos-aplicaciones-tumiapps/nggallery/p/p/p/p/p/%25/p/p/p/p/p/p/p/p/page/1 HTTP/1.1" 200 43933 tumiapps.com "-" "Mozilla/5.0 (compatible; MJ12bot/v1.4.8; http://mj12bot.com/)" "-"
178.150.14.0 - - [07/Sep/2023:08:49:56 +0200] "GET /productos-aplicaciones-tumiapps/nggallery/p/p/p/p/p/%25/p/p/p/p/p/p/p/p/page/2 HTTP/1.1" 200 28029 tumiapps.com "-" "Mozilla/5.0 (compatible; MJ12bot/v1.4.8; http://mj12bot.com/)" "-"
82.165.83.0 - - [07/Sep/2023:08:49:57 +0200] "POST /wp-cron.php?doing_wp_cron=1694069397.3396880626678466796875 HTTP/1.1" 200 - tumiapps.com "http://tumiapps.com/wp-cron.php?doing_wp_cron=1694069397.3396880626678466796875" "WordPress/4.7.26; http://tumiapps.com" "-"
178.150.14.0 - - [07/Sep/2023:08:49:59 +0200] "GET /productos-aplicaciones-tumiapps/nggallery/p/p/p/p/p/%25/page/1/p/p/slideshow HTTP/1.1" 200 33690 tumiapps.com "-" "Mozilla/5.0 (compatible; MJ12bot/v1.4.8; http://mj12bot.com/)" "-"
82.165.83.0 - - [07/Sep/2023:08:50:00 +0200] "POST /wp-cron.php?doing_wp_cron=1694069400.0039300918579101562500 HTTP/1.1" 200 - tumiapps.com "http://tumiapps.com/wp-cron.php?doing_wp_cron=1694069400.0039300918579101562500" "WordPress/4.7.26; http://tumiapps.com" "-"
178.150.14.0 - - [07/Sep/2023:08:50:02 +0200] "GET /productos-aplicaciones-tumiapps/nggallery/p/p/p/p/p/%25/page/2/p/p/p/slideshow HTTP/1.1" 200 33687 tumiapps.com "-" "Mozilla/5.0 (compatible; MJ12bot/v1.4.8; http://mj12bot.com/)" "-"
62.16.56.0 - - [07/Sep/2023:08:50:02 +0200] "GET / HTTP/1.1" 200 33595 tumiapps.com "http://tumiapps.com/" "Mozilla/5.0 (Windows NT 6.1) AppleWebKit/537.36 (KHTML, like Gecko) Chrome/90.0.4430.85 Safari/537.36" "-"
178.150.14.0 - - [07/Sep/2023:08:50:05 +0200] "GET /productos-aplicaciones-tumiapps/nggallery/p/p/p/p/p/%25/page/2/p/p/slideshow HTTP/1.1" 200 33690 tumiapps.com "-" "Mozilla/5.0 (compatible; MJ12bot/v1.4.8; http://mj12bot.com/)" "-"
178.150.14.0 - - [07/Sep/2023:08:50:07 +0200] "GET /productos-aplicaciones-tumiapps/nggallery/p/p/p/p/p/%25/page/2/p/slideshow HTTP/1.1" 200 33683 tumiapps.com "-" "Mozilla/5.0 (compatible; MJ12bot/v1.4.8; http://mj12bot.com/)" "-"
178.150.14.0 - - [07/Sep/2023:08:50:09 +0200] "GET /productos-aplicaciones-tumiapps/nggallery/p/p/p/p/p/%25/page/p/p/slideshow HTTP/1.1" 200 33683 tumiapps.com "-" "Mozilla/5.0 (compatible; MJ12bot/v1.4.8; http://mj12bot.com/)" "-"
178.150.14.0 - - [07/Sep/2023:08:50:11 +0200] "GET /productos-aplicaciones-tumiapps/nggallery/p/p/p/p/p/%25/page/p/slideshow HTTP/1.1" 200 33686 tumiapps.com "-" "Mozilla/5.0 (compatible; MJ12bot/v1.4.8; http://mj12bot.com/)" "-"
178.150.14.0 - - [07/Sep/2023:08:50:13 +0200] "GET /productos-aplicaciones-tumiapps/nggallery/p/p/p/p/p/%25/slideshow HTTP/1.1" 200 33674 tumiapps.com "-" "Mozilla/5.0 (compatible; MJ12bot/v1.4.8; http://mj12bot.com/)" "-"
178.150.14.0 - - [07/Sep/2023:08:50:16 +0200] "GET /productos-aplicaciones-tumiapps/nggallery/p/p/p/p/p/%253/p//p/page/2 HTTP/1.1" 200 27996 tumiapps.com "-" "Mozilla/5.0 (compatible; MJ12bot/v1.4.8; http://mj12bot.com/)" "-"
178.150.14.0 - - [07/Sep/2023:08:50:18 +0200] "GET /productos-aplicaciones-tumiapps/nggallery/p/p/p/p/p/%253/p//p/slideshow HTTP/1.1" 200 33684 tumiapps.com "-" "Mozilla/5.0 (compatible; MJ12bot/v1.4.8; http://mj12bot.com/)" "-"
178.150.14.0 - - [07/Sep/2023:08:50:20 +0200] "GET /productos-aplicaciones-tumiapps/nggallery/p/p/p/p/p/%253/p/p/p//p/page/1 HTTP/1.1" 200 43912 tumiapps.com "-" "Mozilla/5.0 (compatible; MJ12bot/v1.4.8; http://mj12bot.com/)" "-"
178.150.14.0 - - [07/Sep/2023:08:50:22 +0200] "GET /productos-aplicaciones-tumiapps/nggallery/p/p/p/p/p/%253/p/p/p//p/page/2 HTTP/1.1" 200 28008 tumiapps.com "-" "Mozilla/5.0 (compatible; MJ12bot/v1.4.8; http://mj12bot.com/)" "-"
66.249.76.0 - - [07/Sep/2023:08:50:24 +0200] "GET /faq-dpd HTTP/1.1" 200 166683 www.fincatech.es "-" "Mozilla/5.0 (Linux; Android 6.0.1; Nexus 5X Build/MMB29P) AppleWebKit/537.36 (KHTML, like Gecko) Chrome/116.0.5845.110 Mobile Safari/537.36 (compatible; Googlebot/2.1; +http://www.google.com/bot.html)" "-"
178.150.14.0 - - [07/Sep/2023:08:50:24 +0200] "GET /productos-aplicaciones-tumiapps/nggallery/p/p/p/p/p/%253/p/p/p/p/p//p/page/1 HTTP/1.1" 200 43924 tumiapps.com "-" "Mozilla/5.0 (compatible; MJ12bot/v1.4.8; http://mj12bot.com/)" "-"
82.165.83.0 - - [07/Sep/2023:08:50:25 +0200] "GET /api/v1/public/faq/list HTTP/1.1" 200 124854 app.fincatech.es "-" "-" "-"
178.150.14.0 - - [07/Sep/2023:08:50:26 +0200] "GET /productos-aplicaciones-tumiapps/nggallery/p/p/p/p/p/%253/p/p/p/p/p/p//p/page/1 HTTP/1.1" 200 43930 tumiapps.com "-" "Mozilla/5.0 (compatible; MJ12bot/v1.4.8; http://mj12bot.com/)" "-"
66.249.64.0 - - [07/Sep/2023:08:50:27 +0200] "GET /vendor/owl.carousel/assets/owl.carousel.min.css HTTP/1.1" 200 1145 www.fincatech.es "https://www.fincatech.es/faq-dpd" "Mozilla/5.0 (Linux; Android 6.0.1; Nexus 5X Build/MMB29P) AppleWebKit/537.36 (KHTML, like Gecko) Chrome/116.0.5845.110 Mobile Safari/537.36 (compatible; Googlebot/2.1; +http://www.google.com/bot.html)" "-"
178.150.14.0 - - [07/Sep/2023:08:50:29 +0200] "GET /productos-aplicaciones-tumiapps/nggallery/p/p/p/p/p/%253/p/p/p/p/p/p//p/page/2 HTTP/1.1" 200 28026 tumiapps.com "-" "Mozilla/5.0 (compatible; MJ12bot/v1.4.8; http://mj12bot.com/)" "-"
178.150.14.0 - - [07/Sep/2023:08:50:31 +0200] "GET /productos-aplicaciones-tumiapps/nggallery/p/p/p/p/p/%253/p/p/p/p/p/p/p//p/page/1 HTTP/1.1" 200 43936 tumiapps.com "-" "Mozilla/5.0 (compatible; MJ12bot/v1.4.8; http://mj12bot.com/)" "-"
178.150.14.0 - - [07/Sep/2023:08:50:33 +0200] "GET /productos-aplicaciones-tumiapps/nggallery/p/p/p/p/p/%253/p/p/p/p/p/p/p//p/page/2 HTTP/1.1" 200 28032 tumiapps.com "-" "Mozilla/5.0 (compatible; MJ12bot/v1.4.8; http://mj12bot.com/)" "-"
178.150.14.0 - - [07/Sep/2023:08:50:35 +0200] "GET /productos-aplicaciones-tumiapps/nggallery/p/p/p/p/p/%253/p/p/p/p/p/p/p/p//p/page/2 HTTP/1.1" 200 28038 tumiapps.com "-" "Mozilla/5.0 (compatible; MJ12bot/v1.4.8; http://mj12bot.com/)" "-"
178.150.14.0 - - [07/Sep/2023:08:50:37 +0200] "GET /productos-aplicaciones-tumiapps/nggallery/p/p/p/p/p/%253/p/p/p/p/p/p/p/p/p//p/page/1 HTTP/1.1" 200 43948 tumiapps.com "-" "Mozilla/5.0 (compatible; MJ12bot/v1.4.8; http://mj12bot.com/)" "-"
178.150.14.0 - - [07/Sep/2023:08:50:39 +0200] "GET /productos-aplicaciones-tumiapps/nggallery/p/p/p/p/p/%253/p/p/p/p/p/p/p/p/p//p/page/2 HTTP/1.1" 200 28044 tumiapps.com "-" "Mozilla/5.0 (compatible; MJ12bot/v1.4.8; http://mj12bot.com/)" "-"
178.150.14.0 - - [07/Sep/2023:08:50:41 +0200] "GET /productos-aplicaciones-tumiapps/nggallery/p/p/p/p/p/%253/p/p/p/p/p/p/p/p/p/p//p/page/1 HTTP/1.1" 200 43954 tumiapps.com "-" "Mozilla/5.0 (compatible; MJ12bot/v1.4.8; http://mj12bot.com/)" "-"
178.150.14.0 - - [07/Sep/2023:08:50:43 +0200] "GET /productos-aplicaciones-tumiapps/nggallery/p/p/p/p/p/%253/p/p/p/p/p/p/p/p/p/p//p/page/2 HTTP/1.1" 200 28050 tumiapps.com "-" "Mozilla/5.0 (compatible; MJ12bot/v1.4.8; http://mj12bot.com/)" "-"
178.150.14.0 - - [07/Sep/2023:08:50:45 +0200] "GET /productos-aplicaciones-tumiapps/nggallery/p/p/p/p/p/%253/p/p/p/p/p/p/p/p/p/p/p//p/page/1 HTTP/1.1" 200 43960 tumiapps.com "-" "Mozilla/5.0 (compatible; MJ12bot/v1.4.8; http://mj12bot.com/)" "-"
178.150.14.0 - - [07/Sep/2023:08:50:48 +0200] "GET /productos-aplicaciones-tumiapps/nggallery/p/p/p/p/p/%253/p/p/p/p/p/p/p/p/p/p/p//p/page/2 HTTP/1.1" 200 28056 tumiapps.com "-" "Mozilla/5.0 (compatible; MJ12bot/v1.4.8; http://mj12bot.com/)" "-"
178.150.14.0 - - [07/Sep/2023:08:50:50 +0200] "GET /productos-aplicaciones-tumiapps/nggallery/p/p/p/p/p/%253/p/p/p/p/p/p/p/p/p/p/p/p//p/page/1 HTTP/1.1" 200 43966 tumiapps.com "-" "Mozilla/5.0 (compatible; MJ12bot/v1.4.8; http://mj12bot.com/)" "-"
178.150.14.0 - - [07/Sep/2023:08:50:52 +0200] "GET /productos-aplicaciones-tumiapps/nggallery/p/p/p/p/p/%253/p/p/p/p/p/p/p/p/p/p/p/p//p/page/2 HTTP/1.1" 200 28062 tumiapps.com "-" "Mozilla/5.0 (compatible; MJ12bot/v1.4.8; http://mj12bot.com/)" "-"
178.150.14.0 - - [07/Sep/2023:08:50:53 +0200] "GET /productos-aplicaciones-tumiapps/nggallery/p/p/p/p/p/%253/p/p/p/p/p/p/p/p/p/p/p/p/p/p/p/p/p/page/1 HTTP/1.1" 200 43990 tumiapps.com "-" "Mozilla/5.0 (compatible; MJ12bot/v1.4.8; http://mj12bot.com/)" "-"
178.150.14.0 - - [07/Sep/2023:08:50:56 +0200] "GET /productos-aplicaciones-tumiapps/nggallery/p/p/p/p/p/%253/p/p/p/p/p/p/p/p/p/p/p/p/p/p/p/p/p/page/2 HTTP/1.1" 200 28086 tumiapps.com "-" "Mozilla/5.0 (compatible; MJ12bot/v1.4.8; http://mj12bot.com/)" "-"
178.150.14.0 - - [07/Sep/2023:08:50:58 +0200] "GET /productos-aplicaciones-tumiapps/nggallery/p/p/p/p/p/%253/p/p/p/p/p/p/p/p/p/p/p/p/p/p/p/page/2/p/slideshow HTTP/1.1" 200 33714 tumiapps.com "-" "Mozilla/5.0 (compatible; MJ12bot/v1.4.8; http://mj12bot.com/)" "-"
178.150.14.0 - - [07/Sep/2023:08:51:00 +0200] "GET /productos-aplicaciones-tumiapps/nggallery/p/p/p/p/p/%253/p/p/p/p/p/p/p/p/p/p/p/p/p/p/p/page/p/p/slideshow HTTP/1.1" 200 33719 tumiapps.com "-" "Mozilla/5.0 (compatible; MJ12bot/v1.4.8; http://mj12bot.com/)" "-"
82.165.83.0 - - [07/Sep/2023:08:51:01 +0200] "POST /wp-cron.php?doing_wp_cron=1694069461.0642249584197998046875 HTTP/1.1" 200 - tumiapps.com "http://tumiapps.com/wp-cron.php?doing_wp_cron=1694069461.0642249584197998046875" "WordPress/4.7.26; http://tumiapps.com" "-"
178.150.14.0 - - [07/Sep/2023:08:51:03 +0200] "GET /productos-aplicaciones-tumiapps/nggallery/p/p/p/p/p/%253/p/p/p/p/p/p/p/p/p/p/p/p/p/page/1/p/slideshow HTTP/1.1" 200 33710 tumiapps.com "-" "Mozilla/5.0 (compatible; MJ12bot/v1.4.8; http://mj12bot.com/)" "-"
178.150.14.0 - - [07/Sep/2023:08:51:05 +0200] "GET /productos-aplicaciones-tumiapps/nggallery/p/p/p/p/p/%253/p/p/p/p/p/p/p/p/p/p/p/page/1/p/p/p/slideshow HTTP/1.1" 200 33715 tumiapps.com "-" "Mozilla/5.0 (compatible; MJ12bot/v1.4.8; http://mj12bot.com/)" "-"
178.150.14.0 - - [07/Sep/2023:08:51:07 +0200] "GET /productos-aplicaciones-tumiapps/nggallery/p/p/p/p/p/%253/p/p/p/p/p/p/p/p/p/p/p/page/2/p/p/p/p/p/p/slideshow HTTP/1.1" 200 33721 tumiapps.com "-" "Mozilla/5.0 (compatible; MJ12bot/v1.4.8; http://mj12bot.com/)" "-"
